Archive member included to satisfy reference by file (symbol)

c:/users/antho/appdata/roaming/code/user/globalstorage/bmd.stm32-for-vscode/@xpack-dev-tools/arm-none-eabi-gcc/12.2.1-1.2.1/.content/bin/../lib/gcc/arm-none-eabi/12.2.1/../../../../arm-none-eabi/lib/thumb/v7e-m+fp/hard\libc_nano.a(libc_a-atexit.o)
                              c:/users/antho/appdata/roaming/code/user/globalstorage/bmd.stm32-for-vscode/@xpack-dev-tools/arm-none-eabi-gcc/12.2.1-1.2.1/.content/bin/../lib/gcc/arm-none-eabi/12.2.1/../../../../arm-none-eabi/lib/thumb/v7e-m+fp/hard/crt0.o (atexit)
c:/users/antho/appdata/roaming/code/user/globalstorage/bmd.stm32-for-vscode/@xpack-dev-tools/arm-none-eabi-gcc/12.2.1-1.2.1/.content/bin/../lib/gcc/arm-none-eabi/12.2.1/../../../../arm-none-eabi/lib/thumb/v7e-m+fp/hard\libc_nano.a(libc_a-exit.o)
                              c:/users/antho/appdata/roaming/code/user/globalstorage/bmd.stm32-for-vscode/@xpack-dev-tools/arm-none-eabi-gcc/12.2.1-1.2.1/.content/bin/../lib/gcc/arm-none-eabi/12.2.1/../../../../arm-none-eabi/lib/thumb/v7e-m+fp/hard/crt0.o (exit)
c:/users/antho/appdata/roaming/code/user/globalstorage/bmd.stm32-for-vscode/@xpack-dev-tools/arm-none-eabi-gcc/12.2.1-1.2.1/.content/bin/../lib/gcc/arm-none-eabi/12.2.1/../../../../arm-none-eabi/lib/thumb/v7e-m+fp/hard\libc_nano.a(libc_a-findfp.o)
                              c:/users/antho/appdata/roaming/code/user/globalstorage/bmd.stm32-for-vscode/@xpack-dev-tools/arm-none-eabi-gcc/12.2.1-1.2.1/.content/bin/../lib/gcc/arm-none-eabi/12.2.1/../../../../arm-none-eabi/lib/thumb/v7e-m+fp/hard\libc_nano.a(libc_a-exit.o) (__stdio_exit_handler)
c:/users/antho/appdata/roaming/code/user/globalstorage/bmd.stm32-for-vscode/@xpack-dev-tools/arm-none-eabi-gcc/12.2.1-1.2.1/.content/bin/../lib/gcc/arm-none-eabi/12.2.1/../../../../arm-none-eabi/lib/thumb/v7e-m+fp/hard\libc_nano.a(libc_a-fwalk.o)
                              c:/users/antho/appdata/roaming/code/user/globalstorage/bmd.stm32-for-vscode/@xpack-dev-tools/arm-none-eabi-gcc/12.2.1-1.2.1/.content/bin/../lib/gcc/arm-none-eabi/12.2.1/../../../../arm-none-eabi/lib/thumb/v7e-m+fp/hard\libc_nano.a(libc_a-findfp.o) (_fwalk_sglue)
c:/users/antho/appdata/roaming/code/user/globalstorage/bmd.stm32-for-vscode/@xpack-dev-tools/arm-none-eabi-gcc/12.2.1-1.2.1/.content/bin/../lib/gcc/arm-none-eabi/12.2.1/../../../../arm-none-eabi/lib/thumb/v7e-m+fp/hard\libc_nano.a(libc_a-sprintf.o)
                              build/main.o (sprintf)
c:/users/antho/appdata/roaming/code/user/globalstorage/bmd.stm32-for-vscode/@xpack-dev-tools/arm-none-eabi-gcc/12.2.1-1.2.1/.content/bin/../lib/gcc/arm-none-eabi/12.2.1/../../../../arm-none-eabi/lib/thumb/v7e-m+fp/hard\libc_nano.a(libc_a-stdio.o)
                              c:/users/antho/appdata/roaming/code/user/globalstorage/bmd.stm32-for-vscode/@xpack-dev-tools/arm-none-eabi-gcc/12.2.1-1.2.1/.content/bin/../lib/gcc/arm-none-eabi/12.2.1/../../../../arm-none-eabi/lib/thumb/v7e-m+fp/hard\libc_nano.a(libc_a-findfp.o) (__sread)
c:/users/antho/appdata/roaming/code/user/globalstorage/bmd.stm32-for-vscode/@xpack-dev-tools/arm-none-eabi-gcc/12.2.1-1.2.1/.content/bin/../lib/gcc/arm-none-eabi/12.2.1/../../../../arm-none-eabi/lib/thumb/v7e-m+fp/hard\libc_nano.a(libc_a-memset.o)
                              c:/users/antho/appdata/roaming/code/user/globalstorage/bmd.stm32-for-vscode/@xpack-dev-tools/arm-none-eabi-gcc/12.2.1-1.2.1/.content/bin/../lib/gcc/arm-none-eabi/12.2.1/../../../../arm-none-eabi/lib/thumb/v7e-m+fp/hard/crt0.o (memset)
c:/users/antho/appdata/roaming/code/user/globalstorage/bmd.stm32-for-vscode/@xpack-dev-tools/arm-none-eabi-gcc/12.2.1-1.2.1/.content/bin/../lib/gcc/arm-none-eabi/12.2.1/../../../../arm-none-eabi/lib/thumb/v7e-m+fp/hard\libc_nano.a(libc_a-closer.o)
                              c:/users/antho/appdata/roaming/code/user/globalstorage/bmd.stm32-for-vscode/@xpack-dev-tools/arm-none-eabi-gcc/12.2.1-1.2.1/.content/bin/../lib/gcc/arm-none-eabi/12.2.1/../../../../arm-none-eabi/lib/thumb/v7e-m+fp/hard\libc_nano.a(libc_a-stdio.o) (_close_r)
c:/users/antho/appdata/roaming/code/user/globalstorage/bmd.stm32-for-vscode/@xpack-dev-tools/arm-none-eabi-gcc/12.2.1-1.2.1/.content/bin/../lib/gcc/arm-none-eabi/12.2.1/../../../../arm-none-eabi/lib/thumb/v7e-m+fp/hard\libc_nano.a(libc_a-reent.o)
                              c:/users/antho/appdata/roaming/code/user/globalstorage/bmd.stm32-for-vscode/@xpack-dev-tools/arm-none-eabi-gcc/12.2.1-1.2.1/.content/bin/../lib/gcc/arm-none-eabi/12.2.1/../../../../arm-none-eabi/lib/thumb/v7e-m+fp/hard\libc_nano.a(libc_a-closer.o) (errno)
c:/users/antho/appdata/roaming/code/user/globalstorage/bmd.stm32-for-vscode/@xpack-dev-tools/arm-none-eabi-gcc/12.2.1-1.2.1/.content/bin/../lib/gcc/arm-none-eabi/12.2.1/../../../../arm-none-eabi/lib/thumb/v7e-m+fp/hard\libc_nano.a(libc_a-impure.o)
[...]
Memory Configuration

Name             Origin             Length             Attributes
FLASH            0x0000000008000000 0x0000000000080000 xr
RAM1             0x0000000020000008 0x000000000002fff8 xrw
RAM_SHARED       0x0000000020030000 0x0000000000002800 xrw
*default*        0x0000000000000000 0xffffffffffffffff

Linker script and memory map

LOAD c:/users/antho/appdata/roaming/code/user/globalstorage/bmd.stm32-for-vscode/@xpack-dev-tools/arm-none-eabi-gcc/12.2.1-1.2.1/.content/bin/../lib/gcc/arm-none-eabi/12.2.1/thumb/v7e-m+fp/hard/crti.o
LOAD c:/users/antho/appdata/roaming/code/user/globalstorage/bmd.stm32-for-vscode/@xpack-dev-tools/arm-none-eabi-gcc/12.2.1-1.2.1/.content/bin/../lib/gcc/arm-none-eabi/12.2.1/thumb/v7e-m+fp/hard/crtbegin.o
LOAD c:/users/antho/appdata/roaming/code/user/globalstorage/bmd.stm32-for-vscode/@xpack-dev-tools/arm-none-eabi-gcc/12.2.1-1.2.1/.content/bin/../lib/gcc/arm-none-eabi/12.2.1/../../../../arm-none-eabi/lib/thumb/v7e-m+fp/hard/crt0.o
LOAD build/gpio.o
LOAD build/main.o
LOAD build/rtc.o
LOAD build/stm32wbxx_hal_msp.o
LOAD build/stm32wbxx_it.o
LOAD build/system_stm32wbxx.o
LOAD build/tim.o
LOAD build/usart.o
LOAD build/usb.o
LOAD build/stm32wbxx_hal.o
LOAD build/stm32wbxx_hal_cortex.o
LOAD build/stm32wbxx_hal_dma.o
LOAD build/stm32wbxx_hal_dma_ex.o
LOAD build/stm32wbxx_hal_exti.o
LOAD build/stm32wbxx_hal_flash.o
LOAD build/stm32wbxx_hal_flash_ex.o
LOAD build/stm32wbxx_hal_gpio.o
LOAD build/stm32wbxx_hal_hsem.o
LOAD build/stm32wbxx_hal_pcd.o
LOAD build/stm32wbxx_hal_pcd_ex.o
LOAD build/stm32wbxx_hal_pwr.o
LOAD build/stm32wbxx_hal_pwr_ex.o
LOAD build/stm32wbxx_hal_rcc.o
LOAD build/stm32wbxx_hal_rcc_ex.o
LOAD build/stm32wbxx_hal_rtc.o
LOAD build/stm32wbxx_hal_rtc_ex.o
LOAD build/stm32wbxx_hal_tim.o
LOAD build/stm32wbxx_hal_tim_ex.o
LOAD build/stm32wbxx_hal_uart.o
LOAD build/stm32wbxx_hal_uart_ex.o
LOAD build/stm32wbxx_ll_rcc.o
LOAD build/stm32wbxx_ll_usb.o
LOAD build/startup_stm32wb55xx_cm4.o
LOAD c:/users/antho/appdata/roaming/code/user/globalstorage/bmd.stm32-for-vscode/@xpack-dev-tools/arm-none-eabi-gcc/12.2.1-1.2.1/.content/bin/../lib/gcc/arm-none-eabi/12.2.1/../../../../arm-none-eabi/lib/thumb/v7e-m+fp/hard\libc_nano.a
LOAD c:/users/antho/appdata/roaming/code/user/globalstorage/bmd.stm32-for-vscode/@xpack-dev-tools/arm-none-eabi-gcc/12.2.1-1.2.1/.content/bin/../lib/gcc/arm-none-eabi/12.2.1/../../../../arm-none-eabi/lib/thumb/v7e-m+fp/hard\libm.a
LOAD c:/users/antho/appdata/roaming/code/user/globalstorage/bmd.stm32-for-vscode/@xpack-dev-tools/arm-none-eabi-gcc/12.2.1-1.2.1/.content/bin/../lib/gcc/arm-none-eabi/12.2.1/../../../../arm-none-eabi/lib/thumb/v7e-m+fp/hard\libnosys.a
START GROUP
LOAD c:/users/antho/appdata/roaming/code/user/globalstorage/bmd.stm32-for-vscode/@xpack-dev-tools/arm-none-eabi-gcc/12.2.1-1.2.1/.content/bin/../lib/gcc/arm-none-eabi/12.2.1/thumb/v7e-m+fp/hard\libgcc.a
LOAD c:/users/antho/appdata/roaming/code/user/globalstorage/bmd.stm32-for-vscode/@xpack-dev-tools/arm-none-eabi-gcc/12.2.1-1.2.1/.content/bin/../lib/gcc/arm-none-eabi/12.2.1/../../../../arm-none-eabi/lib/thumb/v7e-m+fp/hard\libc_nano.a
END GROUP
START GROUP
LOAD c:/users/antho/appdata/roaming/code/user/globalstorage/bmd.stm32-for-vscode/@xpack-dev-tools/arm-none-eabi-gcc/12.2.1-1.2.1/.content/bin/../lib/gcc/arm-none-eabi/12.2.1/thumb/v7e-m+fp/hard\libgcc.a
LOAD c:/users/antho/appdata/roaming/code/user/globalstorage/bmd.stm32-for-vscode/@xpack-dev-tools/arm-none-eabi-gcc/12.2.1-1.2.1/.content/bin/../lib/gcc/arm-none-eabi/12.2.1/../../../../arm-none-eabi/lib/thumb/v7e-m+fp/hard\libc_nano.a
END GROUP
LOAD c:/users/antho/appdata/roaming/code/user/globalstorage/bmd.stm32-for-vscode/@xpack-dev-tools/arm-none-eabi-gcc/12.2.1-1.2.1/.content/bin/../lib/gcc/arm-none-eabi/12.2.1/thumb/v7e-m+fp/hard/crtend.o
LOAD c:/users/antho/appdata/roaming/code/user/globalstorage/bmd.stm32-for-vscode/@xpack-dev-tools/arm-none-eabi-gcc/12.2.1-1.2.1/.content/bin/../lib/gcc/arm-none-eabi/12.2.1/thumb/v7e-m+fp/hard/crtn.o
                0x0000000020030000                _estack = 0x20030000
                0x0000000000000200                _Min_Heap_Size = 0x200
                0x0000000000000400                _Min_Stack_Size = 0x400

.isr_vector     0x0000000008000000      0x13c
                0x0000000008000000                . = ALIGN (0x4)
 *(.isr_vector)
 .isr_vector    0x0000000008000000      0x13c build/startup_stm32wb55xx_cm4.o
                0x0000000008000000                g_pfnVectors
                0x000000000800013c                . = ALIGN (0x4)

.text           0x0000000008000140     0x44f0
                0x0000000008000140                . = ALIGN (0x4)
 *(.text)
 .text          0x0000000008000140       0x10 c:/users/antho/appdata/roaming/code/user/globalstorage/bmd.stm32-for-vscode/@xpack-dev-tools/arm-none-eabi-gcc/12.2.1-1.2.1/.content/bin/../lib/gcc/arm-none-eabi/12.2.1/../../../../arm-none-eabi/lib/thumb/v7e-m+fp/hard\libc_nano.a(libc_a-strlen.o)
                0x0000000008000140                strlen
 .text          0x0000000008000150       0xa0 c:/users/antho/appdata/roaming/code/user/globalstorage/bmd.stm32-for-vscode/@xpack-dev-tools/arm-none-eabi-gcc/12.2.1-1.2.1/.content/bin/../lib/gcc/arm-none-eabi/12.2.1/../../../../arm-none-eabi/lib/thumb/v7e-m+fp/hard\libc_nano.a(libc_a-memchr.o)
                0x0000000008000150                memchr
 .text          0x00000000080001f0       0x30 c:/users/antho/appdata/roaming/code/user/globalstorage/bmd.stm32-for-vscode/@xpack-dev-tools/arm-none-eabi-gcc/12.2.1-1.2.1/.content/bin/../lib/gcc/arm-none-eabi/12.2.1/thumb/v7e-m+fp/hard\libgcc.a(_aeabi_uldivmod.o)
                0x00000000080001f0                __aeabi_uldivmod
 .text          0x0000000008000220        0x4 c:/users/antho/appdata/roaming/code/user/globalstorage/bmd.stm32-for-vscode/@xpack-dev-tools/arm-none-eabi-gcc/12.2.1-1.2.1/.content/bin/../lib/gcc/arm-none-eabi/12.2.1/thumb/v7e-m+fp/hard\libgcc.a(_dvmd_tls.o)
                0x0000000008000220                __aeabi_idiv0
                0x0000000008000220                __aeabi_ldiv0
 *(.text*)
 .text.__do_global_dtors_aux
                0x0000000008000224       0x24 c:/users/antho/appdata/roaming/code/user/globalstorage/bmd.stm32-for-vscode/@xpack-dev-tools/arm-none-eabi-gcc/12.2.1-1.2.1/.content/bin/../lib/gcc/arm-none-eabi/12.2.1/thumb/v7e-m+fp/hard/crtbegin.o
 .text.frame_dummy
                0x0000000008000248       0x1c c:/users/antho/appdata/roaming/code/user/globalstorage/bmd.stm32-for-vscode/@xpack-dev-tools/arm-none-eabi-gcc/12.2.1-1.2.1/.content/bin/../lib/gcc/arm-none-eabi/12.2.1/thumb/v7e-m+fp/hard/crtbegin.o
 .text.MX_GPIO_Init
                0x0000000008000264      0x12c build/gpio.o
                0x0000000008000264                MX_GPIO_Init
 .text.HAL_GPIO_EXTI_Callback
                0x0000000008000390      0x350 build/main.o
                0x0000000008000390                HAL_GPIO_EXTI_Callback
 .text.send_to_lcd
                0x00000000080006e0       0x6c build/main.o
                0x00000000080006e0                send_to_lcd
 .text.lcd_send_cmd
                0x000000000800074c       0x18 build/main.o
                0x000000000800074c                lcd_send_cmd
 .text.lcd_send_data
                0x0000000008000764       0x18 build/main.o
                0x0000000008000764                lcd_send_data
 .text.lcd_put_cur
                0x000000000800077c       0x1c build/main.o
                0x000000000800077c                lcd_put_cur
 .text.lcd_init
                0x0000000008000798       0x78 build/main.o
                0x0000000008000798                lcd_init
 .text.lcd_send_string
                0x0000000008000810       0x22 build/main.o
                0x0000000008000810                lcd_send_string
 .text.lcd_clear
                0x0000000008000832       0x10 build/main.o
                0x0000000008000832                lcd_clear
 .text.convertASCIItoInt
                0x0000000008000842       0x10 build/main.o
                0x0000000008000842                convertASCIItoInt
 *fill*         0x0000000008000852        0x2 
 .text.HAL_RTC_AlarmAEventCallback
                0x0000000008000854       0x18 build/main.o
                0x0000000008000854                HAL_RTC_AlarmAEventCallback
 .text.Error_Handler
                0x000000000800086c        0x4 build/main.o
                0x000000000800086c                Error_Handler
 .text.SystemClock_Config
                0x0000000008000870       0xc0 build/main.o
                0x0000000008000870                SystemClock_Config
 .text.PeriphCommonClock_Config
                0x0000000008000930       0x26 build/main.o
                0x0000000008000930                PeriphCommonClock_Config
 *fill*         0x0000000008000956        0x2 
 .text.main     0x0000000008000958      0x598 build/main.o
                0x0000000008000958                main
 .text.MX_RTC_Init
                0x0000000008000ef0       0xd4 build/rtc.o
                0x0000000008000ef0                MX_RTC_Init
 .text.HAL_RTC_MspInit
                0x0000000008000fc4       0x70 build/rtc.o
                0x0000000008000fc4                HAL_RTC_MspInit
 .text.HAL_MspInit
                0x0000000008001034        0x2 build/stm32wbxx_hal_msp.o
                0x0000000008001034                HAL_MspInit
 .text.NMI_Handler
                0x0000000008001036        0x2 build/stm32wbxx_it.o
                0x0000000008001036                NMI_Handler
 .text.HardFault_Handler
                0x0000000008001038        0x2 build/stm32wbxx_it.o
                0x0000000008001038                HardFault_Handler
 .text.MemManage_Handler
                0x000000000800103a        0x2 build/stm32wbxx_it.o
                0x000000000800103a                MemManage_Handler
 .text.BusFault_Handler
                0x000000000800103c        0x2 build/stm32wbxx_it.o
                0x000000000800103c                BusFault_Handler
 .text.UsageFault_Handler
                0x000000000800103e        0x2 build/stm32wbxx_it.o
                0x000000000800103e                UsageFault_Handler
 .text.SVC_Handler
                0x0000000008001040        0x2 build/stm32wbxx_it.o
                0x0000000008001040                SVC_Handler
 .text.DebugMon_Handler
                0x0000000008001042        0x2 build/stm32wbxx_it.o
                0x0000000008001042                DebugMon_Handler
 .text.PendSV_Handler
                0x0000000008001044        0x2 build/stm32wbxx_it.o
                0x0000000008001044                PendSV_Handler
 .text.SysTick_Handler
                0x0000000008001046        0x8 build/stm32wbxx_it.o
                0x0000000008001046                SysTick_Handler
 .text.EXTI9_5_IRQHandler
                0x000000000800104e       0x20 build/stm32wbxx_it.o
                0x000000000800104e                EXTI9_5_IRQHandler
 *fill*         0x000000000800106e        0x2 
 .text.RTC_Alarm_IRQHandler
                0x0000000008001070       0x10 build/stm32wbxx_it.o
                0x0000000008001070                RTC_Alarm_IRQHandler
 .text.SystemInit
                0x0000000008001080       0x64 build/system_stm32wbxx.o
                0x0000000008001080                SystemInit
 .text.MX_TIM1_Init
                0x00000000080010e4       0x74 build/tim.o
                0x00000000080010e4                MX_TIM1_Init
 .text.HAL_TIM_Base_MspInit
                0x0000000008001158       0x2c build/tim.o
                0x0000000008001158                HAL_TIM_Base_MspInit
 .text.MX_USART1_UART_Init
                0x0000000008001184       0x68 build/usart.o
                0x0000000008001184                MX_USART1_UART_Init
 .text.HAL_UART_MspInit
                0x00000000080011ec       0x88 build/usart.o
                0x00000000080011ec                HAL_UART_MspInit
 .text.MX_USB_PCD_Init
                0x0000000008001274       0x34 build/usb.o
                0x0000000008001274                MX_USB_PCD_Init
 .text.HAL_PCD_MspInit
                0x00000000080012a8       0xa8 build/usb.o
                0x00000000080012a8                HAL_PCD_MspInit
 .text.HAL_InitTick
                0x0000000008001350       0x50 build/stm32wbxx_hal.o
                0x0000000008001350                HAL_InitTick
 .text.HAL_Init
                0x00000000080013a0       0x2c build/stm32wbxx_hal.o
                0x00000000080013a0                HAL_Init
 .text.HAL_IncTick
                0x00000000080013cc       0x18 build/stm32wbxx_hal.o
                0x00000000080013cc                HAL_IncTick
 .text.HAL_GetTick
                0x00000000080013e4        0xc build/stm32wbxx_hal.o
                0x00000000080013e4                HAL_GetTick
 .text.HAL_GetTickPrio
                0x00000000080013f0        0xc build/stm32wbxx_hal.o
                0x00000000080013f0                HAL_GetTickPrio
 .text.HAL_Delay
                0x00000000080013fc       0x28 build/stm32wbxx_hal.o
                0x00000000080013fc                HAL_Delay
 .text.__NVIC_EnableIRQ
                0x0000000008001424       0x1c build/stm32wbxx_hal_cortex.o
 .text.__NVIC_SetPriority
                0x0000000008001440       0x28 build/stm32wbxx_hal_cortex.o
 .text.NVIC_EncodePriority
                0x0000000008001468       0x3e build/stm32wbxx_hal_cortex.o
 *fill*         0x00000000080014a6        0x2 
 .text.HAL_NVIC_SetPriorityGrouping
                0x00000000080014a8       0x24 build/stm32wbxx_hal_cortex.o
                0x00000000080014a8                HAL_NVIC_SetPriorityGrouping
 .text.HAL_NVIC_SetPriority
                0x00000000080014cc       0x20 build/stm32wbxx_hal_cortex.o
                0x00000000080014cc                HAL_NVIC_SetPriority
 .text.HAL_NVIC_EnableIRQ
                0x00000000080014ec        0x8 build/stm32wbxx_hal_cortex.o
                0x00000000080014ec                HAL_NVIC_EnableIRQ
 .text.HAL_SYSTICK_Config
                0x00000000080014f4       0x28 build/stm32wbxx_hal_cortex.o
                0x00000000080014f4                HAL_SYSTICK_Config
 .text.HAL_GPIO_Init
                0x000000000800151c      0x1b4 build/stm32wbxx_hal_gpio.o
                0x000000000800151c                HAL_GPIO_Init
 .text.HAL_GPIO_ReadPin
                0x00000000080016d0        0xe build/stm32wbxx_hal_gpio.o
                0x00000000080016d0                HAL_GPIO_ReadPin
 .text.HAL_GPIO_WritePin
                0x00000000080016de        0xa build/stm32wbxx_hal_gpio.o
                0x00000000080016de                HAL_GPIO_WritePin
 .text.HAL_GPIO_EXTI_IRQHandler
                0x00000000080016e8       0x1c build/stm32wbxx_hal_gpio.o
                0x00000000080016e8                HAL_GPIO_EXTI_IRQHandler
 .text.HAL_PCD_Init
                0x0000000008001704       0xdc build/stm32wbxx_hal_pcd.o
                0x0000000008001704                HAL_PCD_Init
 .text.HAL_PCDEx_ActivateLPM
                0x00000000080017e0       0x2c build/stm32wbxx_hal_pcd_ex.o
                0x00000000080017e0                HAL_PCDEx_ActivateLPM
 .text.HAL_PWR_EnableBkUpAccess
                0x000000000800180c       0x10 build/stm32wbxx_hal_pwr.o
                0x000000000800180c                HAL_PWR_EnableBkUpAccess
 .text.HAL_PWREx_GetVoltageRange
                0x000000000800181c       0x10 build/stm32wbxx_hal_pwr_ex.o
                0x000000000800181c                HAL_PWREx_GetVoltageRange
 .text.RCC_SetFlashLatency
                0x000000000800182c       0xc0 build/stm32wbxx_hal_rcc.o
 .text.RCC_SetFlashLatencyFromMSIRange
                0x00000000080018ec       0x4c build/stm32wbxx_hal_rcc.o
 .text.HAL_RCC_GetSysClockFreq
                0x0000000008001938       0xc0 build/stm32wbxx_hal_rcc.o
                0x0000000008001938                HAL_RCC_GetSysClockFreq
 .text.HAL_RCC_GetHCLKFreq
                0x00000000080019f8       0x20 build/stm32wbxx_hal_rcc.o
                0x00000000080019f8                HAL_RCC_GetHCLKFreq
 .text.HAL_RCC_OscConfig
                0x0000000008001a18      0x718 build/stm32wbxx_hal_rcc.o
                0x0000000008001a18                HAL_RCC_OscConfig
 .text.HAL_RCC_ClockConfig
                0x0000000008002130      0x264 build/stm32wbxx_hal_rcc.o
                0x0000000008002130                HAL_RCC_ClockConfig
 .text.HAL_RCC_GetPCLK1Freq
                0x0000000008002394       0x24 build/stm32wbxx_hal_rcc.o
                0x0000000008002394                HAL_RCC_GetPCLK1Freq
 .text.HAL_RCC_GetPCLK2Freq
                0x00000000080023b8       0x24 build/stm32wbxx_hal_rcc.o
                0x00000000080023b8                HAL_RCC_GetPCLK2Freq
 .text.LL_RCC_SetI2CClockSource
                0x00000000080023dc       0x20 build/stm32wbxx_hal_rcc_ex.o
 .text.RCCEx_PLLSAI1_ConfigNP
                0x00000000080023fc       0x8e build/stm32wbxx_hal_rcc_ex.o
 .text.RCCEx_PLLSAI1_ConfigNQ
                0x000000000800248a       0x8e build/stm32wbxx_hal_rcc_ex.o
 .text.RCCEx_PLLSAI1_ConfigNR
                0x0000000008002518       0x8e build/stm32wbxx_hal_rcc_ex.o
 .text.HAL_RCCEx_PeriphCLKConfig
                0x00000000080025a6      0x2f2 build/stm32wbxx_hal_rcc_ex.o
                0x00000000080025a6                HAL_RCCEx_PeriphCLKConfig
 .text.HAL_RCCEx_EnableMSIPLLMode
                0x0000000008002898        0xe build/stm32wbxx_hal_rcc_ex.o
                0x0000000008002898                HAL_RCCEx_EnableMSIPLLMode
 .text.HAL_RTC_DeactivateAlarm
                0x00000000080028a6       0xca build/stm32wbxx_hal_rtc.o
                0x00000000080028a6                HAL_RTC_DeactivateAlarm
 .text.HAL_RTC_AlarmIRQHandler
                0x0000000008002970       0x64 build/stm32wbxx_hal_rtc.o
                0x0000000008002970                HAL_RTC_AlarmIRQHandler
 .text.HAL_RTC_WaitForSynchro
                0x00000000080029d4       0x32 build/stm32wbxx_hal_rtc.o
                0x00000000080029d4                HAL_RTC_WaitForSynchro
 .text.RTC_EnterInitMode
                0x0000000008002a06       0x3c build/stm32wbxx_hal_rtc.o
                0x0000000008002a06                RTC_EnterInitMode
 *fill*         0x0000000008002a42        0x2 
 .text.HAL_RTC_Init
                0x0000000008002a44       0xe4 build/stm32wbxx_hal_rtc.o
                0x0000000008002a44                HAL_RTC_Init
 .text.RTC_ByteToBcd2
                0x0000000008002b28       0x16 build/stm32wbxx_hal_rtc.o
                0x0000000008002b28                RTC_ByteToBcd2
 .text.HAL_RTC_SetTime
                0x0000000008002b3e      0x112 build/stm32wbxx_hal_rtc.o
                0x0000000008002b3e                HAL_RTC_SetTime
 .text.HAL_RTC_SetDate
                0x0000000008002c50       0xec build/stm32wbxx_hal_rtc.o
                0x0000000008002c50                HAL_RTC_SetDate
 .text.HAL_RTC_SetAlarm_IT
                0x0000000008002d3c      0x1a4 build/stm32wbxx_hal_rtc.o
                0x0000000008002d3c                HAL_RTC_SetAlarm_IT
 .text.RTC_Bcd2ToByte
                0x0000000008002ee0       0x12 build/stm32wbxx_hal_rtc.o
                0x0000000008002ee0                RTC_Bcd2ToByte
 .text.HAL_RTC_GetTime
                0x0000000008002ef2       0x50 build/stm32wbxx_hal_rtc.o
                0x0000000008002ef2                HAL_RTC_GetTime
 .text.HAL_RTC_GetDate
                0x0000000008002f42       0x3c build/stm32wbxx_hal_rtc.o
                0x0000000008002f42                HAL_RTC_GetDate
 .text.HAL_RTC_GetAlarm
                0x0000000008002f7e       0xc2 build/stm32wbxx_hal_rtc.o
                0x0000000008002f7e                HAL_RTC_GetAlarm
 .text.HAL_RTCEx_AlarmBEventCallback
                0x0000000008003040        0x2 build/stm32wbxx_hal_rtc_ex.o
                0x0000000008003040                HAL_RTCEx_AlarmBEventCallback
 .text.TIM_TI1_ConfigInputStage
                0x0000000008003042       0x26 build/stm32wbxx_hal_tim.o
 .text.TIM_TI2_ConfigInputStage
                0x0000000008003068       0x28 build/stm32wbxx_hal_tim.o
 .text.TIM_ITRx_SetConfig
                0x0000000008003090       0x14 build/stm32wbxx_hal_tim.o
 .text.TIM_Base_SetConfig
                0x00000000080030a4       0x70 build/stm32wbxx_hal_tim.o
                0x00000000080030a4                TIM_Base_SetConfig
 .text.HAL_TIM_Base_Init
                0x0000000008003114       0x60 build/stm32wbxx_hal_tim.o
                0x0000000008003114                HAL_TIM_Base_Init
 .text.TIM_ETR_SetConfig
                0x0000000008003174       0x1a build/stm32wbxx_hal_tim.o
                0x0000000008003174                TIM_ETR_SetConfig
 *fill*         0x000000000800318e        0x2 
 .text.HAL_TIM_ConfigClockSource
                0x0000000008003190      0x100 build/stm32wbxx_hal_tim.o
                0x0000000008003190                HAL_TIM_ConfigClockSource
 .text.HAL_TIMEx_MasterConfigSynchronization
                0x0000000008003290       0x68 build/stm32wbxx_hal_tim_ex.o
                0x0000000008003290                HAL_TIMEx_MasterConfigSynchronization
 .text.UART_EndRxTransfer
                0x00000000080032f8       0x56 build/stm32wbxx_hal_uart.o
 *fill*         0x000000000800334e        0x2 
 .text.UART_SetConfig
                0x0000000008003350      0x25c build/stm32wbxx_hal_uart.o
                0x0000000008003350                UART_SetConfig
 .text.UART_AdvFeatureConfig
                0x00000000080035ac       0xca build/stm32wbxx_hal_uart.o
                0x00000000080035ac                UART_AdvFeatureConfig
 .text.UART_WaitOnFlagUntilTimeout
                0x0000000008003676       0x96 build/stm32wbxx_hal_uart.o
                0x0000000008003676                UART_WaitOnFlagUntilTimeout
 .text.UART_CheckIdleState
                0x000000000800370c       0xca build/stm32wbxx_hal_uart.o
                0x000000000800370c                UART_CheckIdleState
 .text.HAL_UART_Init
                0x00000000080037d6       0x66 build/stm32wbxx_hal_uart.o
                0x00000000080037d6                HAL_UART_Init
 .text.UARTEx_SetNbDataToProcess
                0x000000000800383c       0x4c build/stm32wbxx_hal_uart_ex.o
 .text.HAL_UARTEx_DisableFifoMode
                0x0000000008003888       0x3e build/stm32wbxx_hal_uart_ex.o
                0x0000000008003888                HAL_UARTEx_DisableFifoMode
 .text.HAL_UARTEx_SetTxFifoThreshold
                0x00000000080038c6       0x4a build/stm32wbxx_hal_uart_ex.o
                0x00000000080038c6                HAL_UARTEx_SetTxFifoThreshold
 .text.HAL_UARTEx_SetRxFifoThreshold
                0x0000000008003910       0x4a build/stm32wbxx_hal_uart_ex.o
                0x0000000008003910                HAL_UARTEx_SetRxFifoThreshold
 .text.USB_DisableGlobalInt
                0x000000000800395a       0x14 build/stm32wbxx_ll_usb.o
                0x000000000800395a                USB_DisableGlobalInt
 .text.USB_DevInit
                0x000000000800396e       0x22 build/stm32wbxx_ll_usb.o
                0x000000000800396e                USB_DevInit
 .text.data_initializers
                0x0000000008003990       0x18 build/startup_stm32wb55xx_cm4.o
 .text.Reset_Handler
                0x00000000080039a8       0x58 build/startup_stm32wb55xx_cm4.o
                0x00000000080039a8                Reset_Handler
 .text.Default_Handler
                0x0000000008003a00        0x2 build/startup_stm32wb55xx_cm4.o
                0x0000000008003a00                EXTI2_IRQHandler
                0x0000000008003a00                TIM1_CC_IRQHandler
                0x0000000008003a00                TSC_IRQHandler
                0x0000000008003a00                USB_HP_IRQHandler
                0x0000000008003a00                EXTI3_IRQHandler
                0x0000000008003a00                LPTIM2_IRQHandler
                0x0000000008003a00                I2C3_ER_IRQHandler
                0x0000000008003a00                EXTI0_IRQHandler
                0x0000000008003a00                FPU_IRQHandler
                0x0000000008003a00                TIM1_UP_TIM16_IRQHandler
                0x0000000008003a00                AES1_IRQHandler
                0x0000000008003a00                SPI1_IRQHandler
                0x0000000008003a00                PWR_SOTF_BLEACT_802ACT_RFPHASE_IRQHandler
                0x0000000008003a00                DMA2_Channel2_IRQHandler
                0x0000000008003a00                DMA1_Channel4_IRQHandler
                0x0000000008003a00                ADC1_IRQHandler
                0x0000000008003a00                PKA_IRQHandler
                0x0000000008003a00                DMA1_Channel7_IRQHandler
                0x0000000008003a00                LCD_IRQHandler
                0x0000000008003a00                IPCC_C1_TX_IRQHandler
                0x0000000008003a00                DMA2_Channel1_IRQHandler
                0x0000000008003a00                QUADSPI_IRQHandler
                0x0000000008003a00                I2C1_EV_IRQHandler
                0x0000000008003a00                DMAMUX1_OVR_IRQHandler
                0x0000000008003a00                DMA1_Channel6_IRQHandler
                0x0000000008003a00                DMA2_Channel4_IRQHandler
                0x0000000008003a00                RCC_IRQHandler
                0x0000000008003a00                DMA1_Channel1_IRQHandler
                0x0000000008003a00                Default_Handler
                0x0000000008003a00                DMA2_Channel7_IRQHandler
                0x0000000008003a00                EXTI15_10_IRQHandler
                0x0000000008003a00                IPCC_C1_RX_IRQHandler
                0x0000000008003a00                C2SEV_PWR_C2H_IRQHandler
                0x0000000008003a00                AES2_IRQHandler
                0x0000000008003a00                I2C3_EV_IRQHandler
                0x0000000008003a00                RTC_WKUP_IRQHandler
                0x0000000008003a00                PVD_PVM_IRQHandler
                0x0000000008003a00                SPI2_IRQHandler
                0x0000000008003a00                DMA2_Channel5_IRQHandler
                0x0000000008003a00                CRS_IRQHandler
                0x0000000008003a00                DMA1_Channel5_IRQHandler
                0x0000000008003a00                USB_LP_IRQHandler
                0x0000000008003a00                EXTI4_IRQHandler
                0x0000000008003a00                RNG_IRQHandler
                0x0000000008003a00                TIM1_TRG_COM_TIM17_IRQHandler
                0x0000000008003a00                TAMP_STAMP_LSECSS_IRQHandler
                0x0000000008003a00                DMA1_Channel3_IRQHandler
                0x0000000008003a00                COMP_IRQHandler
                0x0000000008003a00                HSEM_IRQHandler
                0x0000000008003a00                WWDG_IRQHandler
                0x0000000008003a00                LPUART1_IRQHandler
                0x0000000008003a00                DMA2_Channel6_IRQHandler
                0x0000000008003a00                TIM2_IRQHandler
                0x0000000008003a00                TIM1_BRK_IRQHandler
                0x0000000008003a00                EXTI1_IRQHandler
                0x0000000008003a00                DMA1_Channel2_IRQHandler
                0x0000000008003a00                FLASH_IRQHandler
                0x0000000008003a00                USART1_IRQHandler
                0x0000000008003a00                I2C1_ER_IRQHandler
                0x0000000008003a00                LPTIM1_IRQHandler
                0x0000000008003a00                SAI1_IRQHandler
                0x0000000008003a00                DMA2_Channel3_IRQHandler
 *fill*         0x0000000008003a02        0x2 
 .text.sprintf  0x0000000008003a04       0x40 c:/users/antho/appdata/roaming/code/user/globalstorage/bmd.stm32-for-vscode/@xpack-dev-tools/arm-none-eabi-gcc/12.2.1-1.2.1/.content/bin/../lib/gcc/arm-none-eabi/12.2.1/../../../../arm-none-eabi/lib/thumb/v7e-m+fp/hard\libc_nano.a(libc_a-sprintf.o)
                0x0000000008003a04                siprintf
                0x0000000008003a04                sprintf
 .text.memset   0x0000000008003a44       0x10 c:/users/antho/appdata/roaming/code/user/globalstorage/bmd.stm32-for-vscode/@xpack-dev-tools/arm-none-eabi-gcc/12.2.1-1.2.1/.content/bin/../lib/gcc/arm-none-eabi/12.2.1/../../../../arm-none-eabi/lib/thumb/v7e-m+fp/hard\libc_nano.a(libc_a-memset.o)
                0x0000000008003a44                memset
 .text.__libc_init_array
                0x0000000008003a54       0x48 c:/users/antho/appdata/roaming/code/user/globalstorage/bmd.stm32-for-vscode/@xpack-dev-tools/arm-none-eabi-gcc/12.2.1-1.2.1/.content/bin/../lib/gcc/arm-none-eabi/12.2.1/../../../../arm-none-eabi/lib/thumb/v7e-m+fp/hard\libc_nano.a(libc_a-init.o)
                0x0000000008003a54                __libc_init_array
 .text.__retarget_lock_acquire_recursive
                0x0000000008003a9c        0x2 c:/users/antho/appdata/roaming/code/user/globalstorage/bmd.stm32-for-vscode/@xpack-dev-tools/arm-none-eabi-gcc/12.2.1-1.2.1/.content/bin/../lib/gcc/arm-none-eabi/12.2.1/../../../../arm-none-eabi/lib/thumb/v7e-m+fp/hard\libc_nano.a(libc_a-lock.o)
                0x0000000008003a9c                __retarget_lock_acquire_recursive
 .text.__retarget_lock_release_recursive
                0x0000000008003a9e        0x2 c:/users/antho/appdata/roaming/code/user/globalstorage/bmd.stm32-for-vscode/@xpack-dev-tools/arm-none-eabi-gcc/12.2.1-1.2.1/.content/bin/../lib/gcc/arm-none-eabi/12.2.1/../../../../arm-none-eabi/lib/thumb/v7e-m+fp/hard\libc_nano.a(libc_a-lock.o)
                0x0000000008003a9e                __retarget_lock_release_recursive
 .text._free_r  0x0000000008003aa0       0x94 c:/users/antho/appdata/roaming/code/user/globalstorage/bmd.stm32-for-vscode/@xpack-dev-tools/arm-none-eabi-gcc/12.2.1-1.2.1/.content/bin/../lib/gcc/arm-none-eabi/12.2.1/../../../../arm-none-eabi/lib/thumb/v7e-m+fp/hard\libc_nano.a(libc_a-freer.o)
                0x0000000008003aa0                _free_r
 .text.sbrk_aligned
                0x0000000008003b34       0x44 c:/users/antho/appdata/roaming/code/user/globalstorage/bmd.stm32-for-vscode/@xpack-dev-tools/arm-none-eabi-gcc/12.2.1-1.2.1/.content/bin/../lib/gcc/arm-none-eabi/12.2.1/../../../../arm-none-eabi/lib/thumb/v7e-m+fp/hard\libc_nano.a(libc_a-mallocr.o)
 .text._malloc_r
                0x0000000008003b78       0xf0 c:/users/antho/appdata/roaming/code/user/globalstorage/bmd.stm32-for-vscode/@xpack-dev-tools/arm-none-eabi-gcc/12.2.1-1.2.1/.content/bin/../lib/gcc/arm-none-eabi/12.2.1/../../../../arm-none-eabi/lib/thumb/v7e-m+fp/hard\libc_nano.a(libc_a-mallocr.o)
                0x0000000008003b78                _malloc_r
 .text.__malloc_lock
                0x0000000008003c68        0xc c:/users/antho/appdata/roaming/code/user/globalstorage/bmd.stm32-for-vscode/@xpack-dev-tools/arm-none-eabi-gcc/12.2.1-1.2.1/.content/bin/../lib/gcc/arm-none-eabi/12.2.1/../../../../arm-none-eabi/lib/thumb/v7e-m+fp/hard\libc_nano.a(libc_a-mlock.o)
                0x0000000008003c68                __malloc_lock
 .text.__malloc_unlock
                0x0000000008003c74        0xc c:/users/antho/appdata/roaming/code/user/globalstorage/bmd.stm32-for-vscode/@xpack-dev-tools/arm-none-eabi-gcc/12.2.1-1.2.1/.content/bin/../lib/gcc/arm-none-eabi/12.2.1/../../../../arm-none-eabi/lib/thumb/v7e-m+fp/hard\libc_nano.a(libc_a-mlock.o)
                0x0000000008003c74                __malloc_unlock
 .text.__ssputs_r
                0x0000000008003c80       0xb6 c:/users/antho/appdata/roaming/code/user/globalstorage/bmd.stm32-for-vscode/@xpack-dev-tools/arm-none-eabi-gcc/12.2.1-1.2.1/.content/bin/../lib/gcc/arm-none-eabi/12.2.1/../../../../arm-none-eabi/lib/thumb/v7e-m+fp/hard\libc_nano.a(libc_a-nano-svfprintf.o)
                0x0000000008003c80                __ssputs_r
 *fill*         0x0000000008003d36        0x2 
 .text._svfprintf_r
                0x0000000008003d38      0x1f8 c:/users/antho/appdata/roaming/code/user/globalstorage/bmd.stm32-for-vscode/@xpack-dev-tools/arm-none-eabi-gcc/12.2.1-1.2.1/.content/bin/../lib/gcc/arm-none-eabi/12.2.1/../../../../arm-none-eabi/lib/thumb/v7e-m+fp/hard\libc_nano.a(libc_a-nano-svfprintf.o)
                0x0000000008003d38                _svfiprintf_r
                0x0000000008003d38                _svfprintf_r
 .text._printf_common
                0x0000000008003f30       0xda c:/users/antho/appdata/roaming/code/user/globalstorage/bmd.stm32-for-vscode/@xpack-dev-tools/arm-none-eabi-gcc/12.2.1-1.2.1/.content/bin/../lib/gcc/arm-none-eabi/12.2.1/../../../../arm-none-eabi/lib/thumb/v7e-m+fp/hard\libc_nano.a(libc_a-nano-vfprintf_i.o)
                0x0000000008003f30                _printf_common
 *fill*         0x000000000800400a        0x2 
 .text._printf_i
                0x000000000800400c      0x258 c:/users/antho/appdata/roaming/code/user/globalstorage/bmd.stm32-for-vscode/@xpack-dev-tools/arm-none-eabi-gcc/12.2.1-1.2.1/.content/bin/../lib/gcc/arm-none-eabi/12.2.1/../../../../arm-none-eabi/lib/thumb/v7e-m+fp/hard\libc_nano.a(libc_a-nano-vfprintf_i.o)
                0x000000000800400c                _printf_i
 .text.memmove  0x0000000008004264       0x34 c:/users/antho/appdata/roaming/code/user/globalstorage/bmd.stm32-for-vscode/@xpack-dev-tools/arm-none-eabi-gcc/12.2.1-1.2.1/.content/bin/../lib/gcc/arm-none-eabi/12.2.1/../../../../arm-none-eabi/lib/thumb/v7e-m+fp/hard\libc_nano.a(libc_a-memmove.o)
                0x0000000008004264                memmove
 .text._sbrk_r  0x0000000008004298       0x20 c:/users/antho/appdata/roaming/code/user/globalstorage/bmd.stm32-for-vscode/@xpack-dev-tools/arm-none-eabi-gcc/12.2.1-1.2.1/.content/bin/../lib/gcc/arm-none-eabi/12.2.1/../../../../arm-none-eabi/lib/thumb/v7e-m+fp/hard\libc_nano.a(libc_a-sbrkr.o)
                0x0000000008004298                _sbrk_r
 .text.memcpy   0x00000000080042b8       0x1c c:/users/antho/appdata/roaming/code/user/globalstorage/bmd.stm32-for-vscode/@xpack-dev-tools/arm-none-eabi-gcc/12.2.1-1.2.1/.content/bin/../lib/gcc/arm-none-eabi/12.2.1/../../../../arm-none-eabi/lib/thumb/v7e-m+fp/hard\libc_nano.a(libc_a-memcpy-stub.o)
                0x00000000080042b8                memcpy
 .text._realloc_r
                0x00000000080042d4       0x5c c:/users/antho/appdata/roaming/code/user/globalstorage/bmd.stm32-for-vscode/@xpack-dev-tools/arm-none-eabi-gcc/12.2.1-1.2.1/.content/bin/../lib/gcc/arm-none-eabi/12.2.1/../../../../arm-none-eabi/lib/thumb/v7e-m+fp/hard\libc_nano.a(libc_a-reallocr.o)
                0x00000000080042d4                _realloc_r
 .text._malloc_usable_size_r
                0x0000000008004330       0x10 c:/users/antho/appdata/roaming/code/user/globalstorage/bmd.stm32-for-vscode/@xpack-dev-tools/arm-none-eabi-gcc/12.2.1-1.2.1/.content/bin/../lib/gcc/arm-none-eabi/12.2.1/../../../../arm-none-eabi/lib/thumb/v7e-m+fp/hard\libc_nano.a(libc_a-msizer.o)
                0x0000000008004330                _malloc_usable_size_r
 .text._sbrk    0x0000000008004340       0x1c c:/users/antho/appdata/roaming/code/user/globalstorage/bmd.stm32-for-vscode/@xpack-dev-tools/arm-none-eabi-gcc/12.2.1-1.2.1/.content/bin/../lib/gcc/arm-none-eabi/12.2.1/../../../../arm-none-eabi/lib/thumb/v7e-m+fp/hard\libnosys.a(sbrk.o)
                0x0000000008004340                _sbrk
 .text.__udivmoddi4
                0x000000000800435c      0x2bc c:/users/antho/appdata/roaming/code/user/globalstorage/bmd.stm32-for-vscode/@xpack-dev-tools/arm-none-eabi-gcc/12.2.1-1.2.1/.content/bin/../lib/gcc/arm-none-eabi/12.2.1/thumb/v7e-m+fp/hard\libgcc.a(_udivmoddi4.o)
                0x000000000800435c                __udivmoddi4
 *(.glue_7)
 .glue_7        0x0000000008004618        0x0 linker stubs
 *(.glue_7t)
 .glue_7t       0x0000000008004618        0x0 linker stubs
 *(.eh_frame)
 .eh_frame      0x0000000008004618        0x0 c:/users/antho/appdata/roaming/code/user/globalstorage/bmd.stm32-for-vscode/@xpack-dev-tools/arm-none-eabi-gcc/12.2.1-1.2.1/.content/bin/../lib/gcc/arm-none-eabi/12.2.1/thumb/v7e-m+fp/hard/crtbegin.o
 *(.init)
 .init          0x0000000008004618        0x4 c:/users/antho/appdata/roaming/code/user/globalstorage/bmd.stm32-for-vscode/@xpack-dev-tools/arm-none-eabi-gcc/12.2.1-1.2.1/.content/bin/../lib/gcc/arm-none-eabi/12.2.1/thumb/v7e-m+fp/hard/crti.o
                0x0000000008004618                _init
 .init          0x000000000800461c        0x8 c:/users/antho/appdata/roaming/code/user/globalstorage/bmd.stm32-for-vscode/@xpack-dev-tools/arm-none-eabi-gcc/12.2.1-1.2.1/.content/bin/../lib/gcc/arm-none-eabi/12.2.1/thumb/v7e-m+fp/hard/crtn.o
 *(.fini)
 .fini          0x0000000008004624        0x4 c:/users/antho/appdata/roaming/code/user/globalstorage/bmd.stm32-for-vscode/@xpack-dev-tools/arm-none-eabi-gcc/12.2.1-1.2.1/.content/bin/../lib/gcc/arm-none-eabi/12.2.1/thumb/v7e-m+fp/hard/crti.o
                0x0000000008004624                _fini
 .fini          0x0000000008004628        0x8 c:/users/antho/appdata/roaming/code/user/globalstorage/bmd.stm32-for-vscode/@xpack-dev-tools/arm-none-eabi-gcc/12.2.1-1.2.1/.content/bin/../lib/gcc/arm-none-eabi/12.2.1/thumb/v7e-m+fp/hard/crtn.o
                0x0000000008004630                . = ALIGN (0x4)
                0x0000000008004630                _etext = .

.vfp11_veneer   0x0000000008004630        0x0
 .vfp11_veneer  0x0000000008004630        0x0 linker stubs

.v4_bx          0x0000000008004630        0x0
 .v4_bx         0x0000000008004630        0x0 linker stubs

.iplt           0x0000000008004630        0x0
 .iplt          0x0000000008004630        0x0 c:/users/antho/appdata/roaming/code/user/globalstorage/bmd.stm32-for-vscode/@xpack-dev-tools/arm-none-eabi-gcc/12.2.1-1.2.1/.content/bin/../lib/gcc/arm-none-eabi/12.2.1/thumb/v7e-m+fp/hard/crtbegin.o

.rodata         0x0000000008004630      0x1e0
                0x0000000008004630                . = ALIGN (0x4)
 *(.rodata)
 .rodata        0x0000000008004630       0x2c build/stm32wbxx_hal_rcc.o
 *(.rodata*)
 .rodata.main.str1.4
                0x000000000800465c       0xb7 build/main.o
 *fill*         0x0000000008004713        0x1 
 .rodata.MSIRangeTable
                0x0000000008004714       0x40 build/system_stm32wbxx.o
                0x0000000008004714                MSIRangeTable
 .rodata.APBPrescTable
                0x0000000008004754       0x20 build/system_stm32wbxx.o
                0x0000000008004754                APBPrescTable
 .rodata.AHBPrescTable
                0x0000000008004774       0x40 build/system_stm32wbxx.o
                0x0000000008004774                AHBPrescTable
 .rodata.UARTPrescTable
                0x00000000080047b4       0x18 build/stm32wbxx_hal_uart.o
                0x00000000080047b4                UARTPrescTable
 .rodata.denominator.0
                0x00000000080047cc        0x8 build/stm32wbxx_hal_uart_ex.o
 .rodata.numerator.1
                0x00000000080047d4        0x8 build/stm32wbxx_hal_uart_ex.o
 .rodata._svfprintf_r.str1.1
                0x00000000080047dc       0x11 c:/users/antho/appdata/roaming/code/user/globalstorage/bmd.stm32-for-vscode/@xpack-dev-tools/arm-none-eabi-gcc/12.2.1-1.2.1/.content/bin/../lib/gcc/arm-none-eabi/12.2.1/../../../../arm-none-eabi/lib/thumb/v7e-m+fp/hard\libc_nano.a(libc_a-nano-svfprintf.o)
 .rodata._printf_i.str1.1
                0x00000000080047ed       0x22 c:/users/antho/appdata/roaming/code/user/globalstorage/bmd.stm32-for-vscode/@xpack-dev-tools/arm-none-eabi-gcc/12.2.1-1.2.1/.content/bin/../lib/gcc/arm-none-eabi/12.2.1/../../../../arm-none-eabi/lib/thumb/v7e-m+fp/hard\libc_nano.a(libc_a-nano-vfprintf_i.o)
                0x0000000008004810                . = ALIGN (0x4)
 *fill*         0x000000000800480f        0x1 

.ARM.extab
 *(.ARM.extab* .gnu.linkonce.armextab.*)

.ARM            0x0000000008004810        0x8
                0x0000000008004810                __exidx_start = .
 *(.ARM.exidx*)
 .ARM.exidx.text.__udivmoddi4
                0x0000000008004810        0x8 c:/users/antho/appdata/roaming/code/user/globalstorage/bmd.stm32-for-vscode/@xpack-dev-tools/arm-none-eabi-gcc/12.2.1-1.2.1/.content/bin/../lib/gcc/arm-none-eabi/12.2.1/thumb/v7e-m+fp/hard\libgcc.a(_udivmoddi4.o)
                0x0000000008004818                __exidx_end = .

.rel.dyn        0x0000000008004818        0x0
 .rel.iplt      0x0000000008004818        0x0 c:/users/antho/appdata/roaming/code/user/globalstorage/bmd.stm32-for-vscode/@xpack-dev-tools/arm-none-eabi-gcc/12.2.1-1.2.1/.content/bin/../lib/gcc/arm-none-eabi/12.2.1/thumb/v7e-m+fp/hard/crtbegin.o

.preinit_array  0x0000000008004818        0x0
                0x0000000008004818                PROVIDE (__preinit_array_start = .)
 *(.preinit_array*)
                0x0000000008004818                PROVIDE (__preinit_array_end = .)

.init_array     0x0000000008004818        0x4
                0x0000000008004818                PROVIDE (__init_array_start = .)
 *(SORT_BY_NAME(.init_array.*))
 *(.init_array*)
 .init_array    0x0000000008004818        0x4 c:/users/antho/appdata/roaming/code/user/globalstorage/bmd.stm32-for-vscode/@xpack-dev-tools/arm-none-eabi-gcc/12.2.1-1.2.1/.content/bin/../lib/gcc/arm-none-eabi/12.2.1/thumb/v7e-m+fp/hard/crtbegin.o
                0x000000000800481c                PROVIDE (__init_array_end = .)

.fini_array     0x000000000800481c        0x4
                0x000000000800481c                PROVIDE (__fini_array_start = .)
 *(SORT_BY_NAME(.fini_array.*))
 *(.fini_array*)
 .fini_array    0x000000000800481c        0x4 c:/users/antho/appdata/roaming/code/user/globalstorage/bmd.stm32-for-vscode/@xpack-dev-tools/arm-none-eabi-gcc/12.2.1-1.2.1/.content/bin/../lib/gcc/arm-none-eabi/12.2.1/thumb/v7e-m+fp/hard/crtbegin.o
                0x0000000008004820                PROVIDE (__fini_array_end = .)
                0x0000000008004820                _sidata = LOADADDR (.data)

.data           0x0000000020000008       0x5c load address 0x0000000008004820
                0x0000000020000008                . = ALIGN (0x4)
                0x0000000020000008                _sdata = .
 *(.data)
 *(.data*)
 .data.SystemCoreClock
                0x0000000020000008        0x4 build/system_stm32wbxx.o
                0x0000000020000008                SystemCoreClock
 .data.uwTickFreq
                0x000000002000000c        0x1 build/stm32wbxx_hal.o
                0x000000002000000c                uwTickFreq
 *fill*         0x000000002000000d        0x3 
 .data.uwTickPrio
                0x0000000020000010        0x4 build/stm32wbxx_hal.o
                0x0000000020000010                uwTickPrio
 .data._impure_ptr
                0x0000000020000014        0x4 c:/users/antho/appdata/roaming/code/user/globalstorage/bmd.stm32-for-vscode/@xpack-dev-tools/arm-none-eabi-gcc/12.2.1-1.2.1/.content/bin/../lib/gcc/arm-none-eabi/12.2.1/../../../../arm-none-eabi/lib/thumb/v7e-m+fp/hard\libc_nano.a(libc_a-impure.o)
                0x0000000020000014                _impure_ptr
 .data._impure_data
                0x0000000020000018       0x4c c:/users/antho/appdata/roaming/code/user/globalstorage/bmd.stm32-for-vscode/@xpack-dev-tools/arm-none-eabi-gcc/12.2.1-1.2.1/.content/bin/../lib/gcc/arm-none-eabi/12.2.1/../../../../arm-none-eabi/lib/thumb/v7e-m+fp/hard\libc_nano.a(libc_a-impure.o)
                0x0000000020000018                _impure_data
                0x0000000020000064                . = ALIGN (0x4)
                0x0000000020000064                _edata = .

.igot.plt       0x0000000020000064        0x0 load address 0x000000000800487c
 .igot.plt      0x0000000020000064        0x0 c:/users/antho/appdata/roaming/code/user/globalstorage/bmd.stm32-for-vscode/@xpack-dev-tools/arm-none-eabi-gcc/12.2.1-1.2.1/.content/bin/../lib/gcc/arm-none-eabi/12.2.1/thumb/v7e-m+fp/hard/crtbegin.o
                0x0000000020000064                . = ALIGN (0x4)

.bss            0x0000000020000064      0x5d0 load address 0x000000000800487c
                0x0000000020000064                _sbss = .
                0x0000000020000064                __bss_start__ = _sbss
 *(.bss)
 *(.bss*)
 .bss.completed.1
                0x0000000020000064        0x1 c:/users/antho/appdata/roaming/code/user/globalstorage/bmd.stm32-for-vscode/@xpack-dev-tools/arm-none-eabi-gcc/12.2.1-1.2.1/.content/bin/../lib/gcc/arm-none-eabi/12.2.1/thumb/v7e-m+fp/hard/crtbegin.o
 *fill*         0x0000000020000065        0x3 
 .bss.object.0  0x0000000020000068       0x18 c:/users/antho/appdata/roaming/code/user/globalstorage/bmd.stm32-for-vscode/@xpack-dev-tools/arm-none-eabi-gcc/12.2.1-1.2.1/.content/bin/../lib/gcc/arm-none-eabi/12.2.1/thumb/v7e-m+fp/hard/crtbegin.o
 .bss.alarmFlag
                0x0000000020000080        0x4 build/main.o
                0x0000000020000080                alarmFlag
 .bss.i         0x0000000020000084        0x4 build/main.o
                0x0000000020000084                i
 .bss.state     0x0000000020000088        0x4 build/main.o
                0x0000000020000088                state
 .bss.sAlarm    0x000000002000008c       0x28 build/main.o
                0x000000002000008c                sAlarm
 .bss.sDate     0x00000000200000b4        0x4 build/main.o
                0x00000000200000b4                sDate
 .bss.sTime     0x00000000200000b8       0x14 build/main.o
                0x00000000200000b8                sTime
 .bss.keyPressed
                0x00000000200000cc        0x1 build/main.o
                0x00000000200000cc                keyPressed
 *fill*         0x00000000200000cd        0x3 
 .bss.currentTimeInms
                0x00000000200000d0        0x4 build/main.o
                0x00000000200000d0                currentTimeInms
 .bss.previousTimeInms
                0x00000000200000d4        0x4 build/main.o
                0x00000000200000d4                previousTimeInms
 .bss.myGPIO_InitStruct
                0x00000000200000d8       0x14 build/main.o
                0x00000000200000d8                myGPIO_InitStruct
 .bss.hrtc      0x00000000200000ec       0x24 build/rtc.o
                0x00000000200000ec                hrtc
 .bss.htim1     0x0000000020000110       0x4c build/tim.o
                0x0000000020000110                htim1
 .bss.huart1    0x000000002000015c       0x94 build/usart.o
                0x000000002000015c                huart1
 .bss.hpcd_USB_FS
                0x00000000200001f0      0x2f4 build/usb.o
                0x00000000200001f0                hpcd_USB_FS
 .bss.uwTick    0x00000000200004e4        0x4 build/stm32wbxx_hal.o
                0x00000000200004e4                uwTick
 .bss.__sf      0x00000000200004e8      0x138 c:/users/antho/appdata/roaming/code/user/globalstorage/bmd.stm32-for-vscode/@xpack-dev-tools/arm-none-eabi-gcc/12.2.1-1.2.1/.content/bin/../lib/gcc/arm-none-eabi/12.2.1/../../../../arm-none-eabi/lib/thumb/v7e-m+fp/hard\libc_nano.a(libc_a-findfp.o)
                0x00000000200004e8                __sf
 .bss.errno     0x0000000020000620        0x4 c:/users/antho/appdata/roaming/code/user/globalstorage/bmd.stm32-for-vscode/@xpack-dev-tools/arm-none-eabi-gcc/12.2.1-1.2.1/.content/bin/../lib/gcc/arm-none-eabi/12.2.1/../../../../arm-none-eabi/lib/thumb/v7e-m+fp/hard\libc_nano.a(libc_a-reent.o)
                0x0000000020000620                errno
 .bss.__lock___malloc_recursive_mutex
                0x0000000020000624        0x1 c:/users/antho/appdata/roaming/code/user/globalstorage/bmd.stm32-for-vscode/@xpack-dev-tools/arm-none-eabi-gcc/12.2.1-1.2.1/.content/bin/../lib/gcc/arm-none-eabi/12.2.1/../../../../arm-none-eabi/lib/thumb/v7e-m+fp/hard\libc_nano.a(libc_a-lock.o)
                0x0000000020000624                __lock___malloc_recursive_mutex
 *fill*         0x0000000020000625        0x3 
 .bss.__malloc_sbrk_start
                0x0000000020000628        0x4 c:/users/antho/appdata/roaming/code/user/globalstorage/bmd.stm32-for-vscode/@xpack-dev-tools/arm-none-eabi-gcc/12.2.1-1.2.1/.content/bin/../lib/gcc/arm-none-eabi/12.2.1/../../../../arm-none-eabi/lib/thumb/v7e-m+fp/hard\libc_nano.a(libc_a-mallocr.o)
                0x0000000020000628                __malloc_sbrk_start
 .bss.__malloc_free_list
                0x000000002000062c        0x4 c:/users/antho/appdata/roaming/code/user/globalstorage/bmd.stm32-for-vscode/@xpack-dev-tools/arm-none-eabi-gcc/12.2.1-1.2.1/.content/bin/../lib/gcc/arm-none-eabi/12.2.1/../../../../arm-none-eabi/lib/thumb/v7e-m+fp/hard\libc_nano.a(libc_a-mallocr.o)
                0x000000002000062c                __malloc_free_list
 .bss.heap_end.0
                0x0000000020000630        0x4 c:/users/antho/appdata/roaming/code/user/globalstorage/bmd.stm32-for-vscode/@xpack-dev-tools/arm-none-eabi-gcc/12.2.1-1.2.1/.content/bin/../lib/gcc/arm-none-eabi/12.2.1/../../../../arm-none-eabi/lib/thumb/v7e-m+fp/hard\libnosys.a(sbrk.o)
 *(COMMON)
                0x0000000020000634                . = ALIGN (0x4)
                0x0000000020000634                _ebss = .
                0x0000000020000634                __bss_end__ = _ebss

._user_heap_stack
                0x0000000020000634      0x604 load address 0x000000000800487c
                0x0000000020000638                . = ALIGN (0x8)
 *fill*         0x0000000020000634        0x4 
                0x0000000020000638                PROVIDE (end = .)
                [!provide]                        PROVIDE (_end = .)
                0x0000000020000838                . = (. + _Min_Heap_Size)
 *fill*         0x0000000020000638      0x200 
                0x0000000020000c38                . = (. + _Min_Stack_Size)
 *fill*         0x0000000020000838      0x400 
                0x0000000020000c38                . = ALIGN (0x8)

/DISCARD/
 libc.a(*)
 libm.a(*)
 libgcc.a(*)

.ARM.attributes
                0x0000000000000000       0x30
 *(.ARM.attributes)
 .ARM.attributes
                0x0000000000000000       0x22 c:/users/antho/appdata/roaming/code/user/globalstorage/bmd.stm32-for-vscode/@xpack-dev-tools/arm-none-eabi-gcc/12.2.1-1.2.1/.content/bin/../lib/gcc/arm-none-eabi/12.2.1/thumb/v7e-m+fp/hard/crti.o
 .ARM.attributes
                0x0000000000000022       0x34 c:/users/antho/appdata/roaming/code/user/globalstorage/bmd.stm32-for-vscode/@xpack-dev-tools/arm-none-eabi-gcc/12.2.1-1.2.1/.content/bin/../lib/gcc/arm-none-eabi/12.2.1/thumb/v7e-m+fp/hard/crtbegin.o
 .ARM.attributes
                0x0000000000000056       0x34 build/gpio.o
 .ARM.attributes
                0x000000000000008a       0x34 build/main.o
 .ARM.attributes
                0x00000000000000be       0x34 build/rtc.o
 .ARM.attributes
                0x00000000000000f2       0x34 build/stm32wbxx_hal_msp.o
 .ARM.attributes
                0x0000000000000126       0x34 build/stm32wbxx_it.o
 .ARM.attributes
                0x000000000000015a       0x34 build/system_stm32wbxx.o
 .ARM.attributes
                0x000000000000018e       0x34 build/tim.o
 .ARM.attributes
                0x00000000000001c2       0x34 build/usart.o
 .ARM.attributes
                0x00000000000001f6       0x34 build/usb.o
 .ARM.attributes
                0x000000000000022a       0x34 build/stm32wbxx_hal.o
 .ARM.attributes
                0x000000000000025e       0x34 build/stm32wbxx_hal_cortex.o
 .ARM.attributes
                0x0000000000000292       0x34 build/stm32wbxx_hal_gpio.o
 .ARM.attributes
                0x00000000000002c6       0x34 build/stm32wbxx_hal_pcd.o
 .ARM.attributes
                0x00000000000002fa       0x34 build/stm32wbxx_hal_pcd_ex.o
 .ARM.attributes
                0x000000000000032e       0x34 build/stm32wbxx_hal_pwr.o
 .ARM.attributes
                0x0000000000000362       0x34 build/stm32wbxx_hal_pwr_ex.o
 .ARM.attributes
                0x0000000000000396       0x34 build/stm32wbxx_hal_rcc.o
 .ARM.attributes
                0x00000000000003ca       0x34 build/stm32wbxx_hal_rcc_ex.o
 .ARM.attributes
                0x00000000000003fe       0x34 build/stm32wbxx_hal_rtc.o
 .ARM.attributes
                0x0000000000000432       0x34 build/stm32wbxx_hal_rtc_ex.o
 .ARM.attributes
                0x0000000000000466       0x34 build/stm32wbxx_hal_tim.o
 .ARM.attributes
                0x000000000000049a       0x34 build/stm32wbxx_hal_tim_ex.o
 .ARM.attributes
                0x00000000000004ce       0x34 build/stm32wbxx_hal_uart.o
 .ARM.attributes
                0x0000000000000502       0x34 build/stm32wbxx_hal_uart_ex.o
 .ARM.attributes
                0x0000000000000536       0x34 build/stm32wbxx_ll_usb.o
 .ARM.attributes
                0x000000000000056a       0x21 build/startup_stm32wb55xx_cm4.o
 .ARM.attributes
                0x000000000000058b       0x34 c:/users/antho/appdata/roaming/code/user/globalstorage/bmd.stm32-for-vscode/@xpack-dev-tools/arm-none-eabi-gcc/12.2.1-1.2.1/.content/bin/../lib/gcc/arm-none-eabi/12.2.1/../../../../arm-none-eabi/lib/thumb/v7e-m+fp/hard\libc_nano.a(libc_a-findfp.o)
 .ARM.attributes
                0x00000000000005bf       0x34 c:/users/antho/appdata/roaming/code/user/globalstorage/bmd.stm32-for-vscode/@xpack-dev-tools/arm-none-eabi-gcc/12.2.1-1.2.1/.content/bin/../lib/gcc/arm-none-eabi/12.2.1/../../../../arm-none-eabi/lib/thumb/v7e-m+fp/hard\libc_nano.a(libc_a-sprintf.o)
 .ARM.attributes
                0x00000000000005f3       0x34 c:/users/antho/appdata/roaming/code/user/globalstorage/bmd.stm32-for-vscode/@xpack-dev-tools/arm-none-eabi-gcc/12.2.1-1.2.1/.content/bin/../lib/gcc/arm-none-eabi/12.2.1/../../../../arm-none-eabi/lib/thumb/v7e-m+fp/hard\libc_nano.a(libc_a-memset.o)
 .ARM.attributes
                0x0000000000000627       0x34 c:/users/antho/appdata/roaming/code/user/globalstorage/bmd.stm32-for-vscode/@xpack-dev-tools/arm-none-eabi-gcc/12.2.1-1.2.1/.content/bin/../lib/gcc/arm-none-eabi/12.2.1/../../../../arm-none-eabi/lib/thumb/v7e-m+fp/hard\libc_nano.a(libc_a-reent.o)
 .ARM.attributes
                0x000000000000065b       0x34 c:/users/antho/appdata/roaming/code/user/globalstorage/bmd.stm32-for-vscode/@xpack-dev-tools/arm-none-eabi-gcc/12.2.1-1.2.1/.content/bin/../lib/gcc/arm-none-eabi/12.2.1/../../../../arm-none-eabi/lib/thumb/v7e-m+fp/hard\libc_nano.a(libc_a-impure.o)
 .ARM.attributes
                0x000000000000068f       0x34 c:/users/antho/appdata/roaming/code/user/globalstorage/bmd.stm32-for-vscode/@xpack-dev-tools/arm-none-eabi-gcc/12.2.1-1.2.1/.content/bin/../lib/gcc/arm-none-eabi/12.2.1/../../../../arm-none-eabi/lib/thumb/v7e-m+fp/hard\libc_nano.a(libc_a-init.o)
 .ARM.attributes
                0x00000000000006c3       0x34 c:/users/antho/appdata/roaming/code/user/globalstorage/bmd.stm32-for-vscode/@xpack-dev-tools/arm-none-eabi-gcc/12.2.1-1.2.1/.content/bin/../lib/gcc/arm-none-eabi/12.2.1/../../../../arm-none-eabi/lib/thumb/v7e-m+fp/hard\libc_nano.a(libc_a-lock.o)
 .ARM.attributes
                0x00000000000006f7       0x17 c:/users/antho/appdata/roaming/code/user/globalstorage/bmd.stm32-for-vscode/@xpack-dev-tools/arm-none-eabi-gcc/12.2.1-1.2.1/.content/bin/../lib/gcc/arm-none-eabi/12.2.1/../../../../arm-none-eabi/lib/thumb/v7e-m+fp/hard\libc_nano.a(libc_a-strlen.o)
 .ARM.attributes
                0x000000000000070e       0x34 c:/users/antho/appdata/roaming/code/user/globalstorage/bmd.stm32-for-vscode/@xpack-dev-tools/arm-none-eabi-gcc/12.2.1-1.2.1/.content/bin/../lib/gcc/arm-none-eabi/12.2.1/../../../../arm-none-eabi/lib/thumb/v7e-m+fp/hard\libc_nano.a(libc_a-freer.o)
 .ARM.attributes
                0x0000000000000742       0x34 c:/users/antho/appdata/roaming/code/user/globalstorage/bmd.stm32-for-vscode/@xpack-dev-tools/arm-none-eabi-gcc/12.2.1-1.2.1/.content/bin/../lib/gcc/arm-none-eabi/12.2.1/../../../../arm-none-eabi/lib/thumb/v7e-m+fp/hard\libc_nano.a(libc_a-mallocr.o)
 .ARM.attributes
                0x0000000000000776       0x34 c:/users/antho/appdata/roaming/code/user/globalstorage/bmd.stm32-for-vscode/@xpack-dev-tools/arm-none-eabi-gcc/12.2.1-1.2.1/.content/bin/../lib/gcc/arm-none-eabi/12.2.1/../../../../arm-none-eabi/lib/thumb/v7e-m+fp/hard\libc_nano.a(libc_a-mlock.o)
 .ARM.attributes
                0x00000000000007aa       0x34 c:/users/antho/appdata/roaming/code/user/globalstorage/bmd.stm32-for-vscode/@xpack-dev-tools/arm-none-eabi-gcc/12.2.1-1.2.1/.content/bin/../lib/gcc/arm-none-eabi/12.2.1/../../../../arm-none-eabi/lib/thumb/v7e-m+fp/hard\libc_nano.a(libc_a-nano-svfprintf.o)
 .ARM.attributes
                0x00000000000007de       0x34 c:/users/antho/appdata/roaming/code/user/globalstorage/bmd.stm32-for-vscode/@xpack-dev-tools/arm-none-eabi-gcc/12.2.1-1.2.1/.content/bin/../lib/gcc/arm-none-eabi/12.2.1/../../../../arm-none-eabi/lib/thumb/v7e-m+fp/hard\libc_nano.a(libc_a-nano-vfprintf_i.o)
 .ARM.attributes
                0x0000000000000812       0x34 c:/users/antho/appdata/roaming/code/user/globalstorage/bmd.stm32-for-vscode/@xpack-dev-tools/arm-none-eabi-gcc/12.2.1-1.2.1/.content/bin/../lib/gcc/arm-none-eabi/12.2.1/../../../../arm-none-eabi/lib/thumb/v7e-m+fp/hard\libc_nano.a(libc_a-memmove.o)
 .ARM.attributes
                0x0000000000000846       0x34 c:/users/antho/appdata/roaming/code/user/globalstorage/bmd.stm32-for-vscode/@xpack-dev-tools/arm-none-eabi-gcc/12.2.1-1.2.1/.content/bin/../lib/gcc/arm-none-eabi/12.2.1/../../../../arm-none-eabi/lib/thumb/v7e-m+fp/hard\libc_nano.a(libc_a-sbrkr.o)
 .ARM.attributes
                0x000000000000087a       0x1c c:/users/antho/appdata/roaming/code/user/globalstorage/bmd.stm32-for-vscode/@xpack-dev-tools/arm-none-eabi-gcc/12.2.1-1.2.1/.content/bin/../lib/gcc/arm-none-eabi/12.2.1/../../../../arm-none-eabi/lib/thumb/v7e-m+fp/hard\libc_nano.a(libc_a-memchr.o)
 .ARM.attributes
                0x0000000000000896       0x34 c:/users/antho/appdata/roaming/code/user/globalstorage/bmd.stm32-for-vscode/@xpack-dev-tools/arm-none-eabi-gcc/12.2.1-1.2.1/.content/bin/../lib/gcc/arm-none-eabi/12.2.1/../../../../arm-none-eabi/lib/thumb/v7e-m+fp/hard\libc_nano.a(libc_a-memcpy-stub.o)
 .ARM.attributes
                0x00000000000008ca       0x34 c:/users/antho/appdata/roaming/code/user/globalstorage/bmd.stm32-for-vscode/@xpack-dev-tools/arm-none-eabi-gcc/12.2.1-1.2.1/.content/bin/../lib/gcc/arm-none-eabi/12.2.1/../../../../arm-none-eabi/lib/thumb/v7e-m+fp/hard\libc_nano.a(libc_a-reallocr.o)
 .ARM.attributes
                0x00000000000008fe       0x34 c:/users/antho/appdata/roaming/code/user/globalstorage/bmd.stm32-for-vscode/@xpack-dev-tools/arm-none-eabi-gcc/12.2.1-1.2.1/.content/bin/../lib/gcc/arm-none-eabi/12.2.1/../../../../arm-none-eabi/lib/thumb/v7e-m+fp/hard\libc_nano.a(libc_a-msizer.o)
 .ARM.attributes
                0x0000000000000932       0x34 c:/users/antho/appdata/roaming/code/user/globalstorage/bmd.stm32-for-vscode/@xpack-dev-tools/arm-none-eabi-gcc/12.2.1-1.2.1/.content/bin/../lib/gcc/arm-none-eabi/12.2.1/../../../../arm-none-eabi/lib/thumb/v7e-m+fp/hard\libnosys.a(sbrk.o)
 .ARM.attributes
                0x0000000000000966       0x22 c:/users/antho/appdata/roaming/code/user/globalstorage/bmd.stm32-for-vscode/@xpack-dev-tools/arm-none-eabi-gcc/12.2.1-1.2.1/.content/bin/../lib/gcc/arm-none-eabi/12.2.1/thumb/v7e-m+fp/hard\libgcc.a(_aeabi_uldivmod.o)
 .ARM.attributes
                0x0000000000000988       0x34 c:/users/antho/appdata/roaming/code/user/globalstorage/bmd.stm32-for-vscode/@xpack-dev-tools/arm-none-eabi-gcc/12.2.1-1.2.1/.content/bin/../lib/gcc/arm-none-eabi/12.2.1/thumb/v7e-m+fp/hard\libgcc.a(_udivmoddi4.o)
 .ARM.attributes
                0x00000000000009bc       0x22 c:/users/antho/appdata/roaming/code/user/globalstorage/bmd.stm32-for-vscode/@xpack-dev-tools/arm-none-eabi-gcc/12.2.1-1.2.1/.content/bin/../lib/gcc/arm-none-eabi/12.2.1/thumb/v7e-m+fp/hard\libgcc.a(_dvmd_tls.o)
 .ARM.attributes
                0x00000000000009de       0x22 c:/users/antho/appdata/roaming/code/user/globalstorage/bmd.stm32-for-vscode/@xpack-dev-tools/arm-none-eabi-gcc/12.2.1-1.2.1/.content/bin/../lib/gcc/arm-none-eabi/12.2.1/thumb/v7e-m+fp/hard/crtn.o

MAPPING_TABLE
 *(MAPPING_TABLE)

MB_MEM1
 *(MB_MEM1)
                0x000000000800487c                _siMB_MEM2 = LOADADDR (.MB_MEM2)

.MB_MEM2        0x0000000020030000        0x0 load address 0x000000000800487c
                0x0000000020030000                _sMB_MEM2 = .
 *(MB_MEM2)
                0x0000000020030000                _eMB_MEM2 = .
OUTPUT(build/alarm_clock.elf elf32-littlearm)
LOAD linker stubs
LOAD c:/users/antho/appdata/roaming/code/user/globalstorage/bmd.stm32-for-vscode/@xpack-dev-tools/arm-none-eabi-gcc/12.2.1-1.2.1/.content/bin/../lib/gcc/arm-none-eabi/12.2.1/../../../../arm-none-eabi/lib/thumb/v7e-m+fp/hard\libc.a
LOAD c:/users/antho/appdata/roaming/code/user/globalstorage/bmd.stm32-for-vscode/@xpack-dev-tools/arm-none-eabi-gcc/12.2.1-1.2.1/.content/bin/../lib/gcc/arm-none-eabi/12.2.1/../../../../arm-none-eabi/lib/thumb/v7e-m+fp/hard\libm.a
LOAD c:/users/antho/appdata/roaming/code/user/globalstorage/bmd.stm32-for-vscode/@xpack-dev-tools/arm-none-eabi-gcc/12.2.1-1.2.1/.content/bin/../lib/gcc/arm-none-eabi/12.2.1/thumb/v7e-m+fp/hard\libgcc.a

.comment        0x0000000000000000       0x39
 .comment       0x0000000000000000       0x39 c:/users/antho/appdata/roaming/code/user/globalstorage/bmd.stm32-for-vscode/@xpack-dev-tools/arm-none-eabi-gcc/12.2.1-1.2.1/.content/bin/../lib/gcc/arm-none-eabi/12.2.1/thumb/v7e-m+fp/hard/crtbegin.o
                                         0x3a (size before relaxing)
 .comment       0x0000000000000039       0x3a build/gpio.o
 .comment       0x0000000000000039       0x3a build/main.o
 .comment       0x0000000000000039       0x3a build/rtc.o
 .comment       0x0000000000000039       0x3a build/stm32wbxx_hal_msp.o
 .comment       0x0000000000000039       0x3a build/stm32wbxx_it.o
 .comment       0x0000000000000039       0x3a build/system_stm32wbxx.o
 .comment       0x0000000000000039       0x3a build/tim.o
 .comment       0x0000000000000039       0x3a build/usart.o
 .comment       0x0000000000000039       0x3a build/usb.o
 .comment       0x0000000000000039       0x3a build/stm32wbxx_hal.o
 .comment       0x0000000000000039       0x3a build/stm32wbxx_hal_cortex.o
 .comment       0x0000000000000039       0x3a build/stm32wbxx_hal_gpio.o
 .comment       0x0000000000000039       0x3a build/stm32wbxx_hal_pcd.o
 .comment       0x0000000000000039       0x3a build/stm32wbxx_hal_pcd_ex.o
 .comment       0x0000000000000039       0x3a build/stm32wbxx_hal_pwr.o
 .comment       0x0000000000000039       0x3a build/stm32wbxx_hal_pwr_ex.o
 .comment       0x0000000000000039       0x3a build/stm32wbxx_hal_rcc.o
 .comment       0x0000000000000039       0x3a build/stm32wbxx_hal_rcc_ex.o
 .comment       0x0000000000000039       0x3a build/stm32wbxx_hal_rtc.o
 .comment       0x0000000000000039       0x3a build/stm32wbxx_hal_rtc_ex.o
 .comment       0x0000000000000039       0x3a build/stm32wbxx_hal_tim.o
 .comment       0x0000000000000039       0x3a build/stm32wbxx_hal_tim_ex.o
 .comment       0x0000000000000039       0x3a build/stm32wbxx_hal_uart.o
 .comment       0x0000000000000039       0x3a build/stm32wbxx_hal_uart_ex.o
 .comment       0x0000000000000039       0x3a build/stm32wbxx_ll_usb.o
 .comment       0x0000000000000039       0x3a c:/users/antho/appdata/roaming/code/user/globalstorage/bmd.stm32-for-vscode/@xpack-dev-tools/arm-none-eabi-gcc/12.2.1-1.2.1/.content/bin/../lib/gcc/arm-none-eabi/12.2.1/../../../../arm-none-eabi/lib/thumb/v7e-m+fp/hard\libc_nano.a(libc_a-findfp.o)
 .comment       0x0000000000000039       0x3a c:/users/antho/appdata/roaming/code/user/globalstorage/bmd.stm32-for-vscode/@xpack-dev-tools/arm-none-eabi-gcc/12.2.1-1.2.1/.content/bin/../lib/gcc/arm-none-eabi/12.2.1/../../../../arm-none-eabi/lib/thumb/v7e-m+fp/hard\libc_nano.a(libc_a-sprintf.o)
 .comment       0x0000000000000039       0x3a c:/users/antho/appdata/roaming/code/user/globalstorage/bmd.stm32-for-vscode/@xpack-dev-tools/arm-none-eabi-gcc/12.2.1-1.2.1/.content/bin/../lib/gcc/arm-none-eabi/12.2.1/../../../../arm-none-eabi/lib/thumb/v7e-m+fp/hard\libc_nano.a(libc_a-memset.o)
 .comment       0x0000000000000039       0x3a c:/users/antho/appdata/roaming/code/user/globalstorage/bmd.stm32-for-vscode/@xpack-dev-tools/arm-none-eabi-gcc/12.2.1-1.2.1/.content/bin/../lib/gcc/arm-none-eabi/12.2.1/../../../../arm-none-eabi/lib/thumb/v7e-m+fp/hard\libc_nano.a(libc_a-reent.o)
 .comment       0x0000000000000039       0x3a c:/users/antho/appdata/roaming/code/user/globalstorage/bmd.stm32-for-vscode/@xpack-dev-tools/arm-none-eabi-gcc/12.2.1-1.2.1/.content/bin/../lib/gcc/arm-none-eabi/12.2.1/../../../../arm-none-eabi/lib/thumb/v7e-m+fp/hard\libc_nano.a(libc_a-impure.o)
 .comment       0x0000000000000039       0x3a c:/users/antho/appdata/roaming/code/user/globalstorage/bmd.stm32-for-vscode/@xpack-dev-tools/arm-none-eabi-gcc/12.2.1-1.2.1/.content/bin/../lib/gcc/arm-none-eabi/12.2.1/../../../../arm-none-eabi/lib/thumb/v7e-m+fp/hard\libc_nano.a(libc_a-init.o)
 .comment       0x0000000000000039       0x3a c:/users/antho/appdata/roaming/code/user/globalstorage/bmd.stm32-for-vscode/@xpack-dev-tools/arm-none-eabi-gcc/12.2.1-1.2.1/.content/bin/../lib/gcc/arm-none-eabi/12.2.1/../../../../arm-none-eabi/lib/thumb/v7e-m+fp/hard\libc_nano.a(libc_a-lock.o)
 .comment       0x0000000000000039       0x3a c:/users/antho/appdata/roaming/code/user/globalstorage/bmd.stm32-for-vscode/@xpack-dev-tools/arm-none-eabi-gcc/12.2.1-1.2.1/.content/bin/../lib/gcc/arm-none-eabi/12.2.1/../../../../arm-none-eabi/lib/thumb/v7e-m+fp/hard\libc_nano.a(libc_a-freer.o)
 .comment       0x0000000000000039       0x3a c:/users/antho/appdata/roaming/code/user/globalstorage/bmd.stm32-for-vscode/@xpack-dev-tools/arm-none-eabi-gcc/12.2.1-1.2.1/.content/bin/../lib/gcc/arm-none-eabi/12.2.1/../../../../arm-none-eabi/lib/thumb/v7e-m+fp/hard\libc_nano.a(libc_a-mallocr.o)
 .comment       0x0000000000000039       0x3a c:/users/antho/appdata/roaming/code/user/globalstorage/bmd.stm32-for-vscode/@xpack-dev-tools/arm-none-eabi-gcc/12.2.1-1.2.1/.content/bin/../lib/gcc/arm-none-eabi/12.2.1/../../../../arm-none-eabi/lib/thumb/v7e-m+fp/hard\libc_nano.a(libc_a-mlock.o)
 .comment       0x0000000000000039       0x3a c:/users/antho/appdata/roaming/code/user/globalstorage/bmd.stm32-for-vscode/@xpack-dev-tools/arm-none-eabi-gcc/12.2.1-1.2.1/.content/bin/../lib/gcc/arm-none-eabi/12.2.1/../../../../arm-none-eabi/lib/thumb/v7e-m+fp/hard\libc_nano.a(libc_a-nano-svfprintf.o)
 .comment       0x0000000000000039       0x3a c:/users/antho/appdata/roaming/code/user/globalstorage/bmd.stm32-for-vscode/@xpack-dev-tools/arm-none-eabi-gcc/12.2.1-1.2.1/.content/bin/../lib/gcc/arm-none-eabi/12.2.1/../../../../arm-none-eabi/lib/thumb/v7e-m+fp/hard\libc_nano.a(libc_a-nano-vfprintf_i.o)
 .comment       0x0000000000000039       0x3a c:/users/antho/appdata/roaming/code/user/globalstorage/bmd.stm32-for-vscode/@xpack-dev-tools/arm-none-eabi-gcc/12.2.1-1.2.1/.content/bin/../lib/gcc/arm-none-eabi/12.2.1/../../../../arm-none-eabi/lib/thumb/v7e-m+fp/hard\libc_nano.a(libc_a-memmove.o)
 .comment       0x0000000000000039       0x3a c:/users/antho/appdata/roaming/code/user/globalstorage/bmd.stm32-for-vscode/@xpack-dev-tools/arm-none-eabi-gcc/12.2.1-1.2.1/.content/bin/../lib/gcc/arm-none-eabi/12.2.1/../../../../arm-none-eabi/lib/thumb/v7e-m+fp/hard\libc_nano.a(libc_a-sbrkr.o)
 .comment       0x0000000000000039       0x3a c:/users/antho/appdata/roaming/code/user/globalstorage/bmd.stm32-for-vscode/@xpack-dev-tools/arm-none-eabi-gcc/12.2.1-1.2.1/.content/bin/../lib/gcc/arm-none-eabi/12.2.1/../../../../arm-none-eabi/lib/thumb/v7e-m+fp/hard\libc_nano.a(libc_a-memcpy-stub.o)
 .comment       0x0000000000000039       0x3a c:/users/antho/appdata/roaming/code/user/globalstorage/bmd.stm32-for-vscode/@xpack-dev-tools/arm-none-eabi-gcc/12.2.1-1.2.1/.content/bin/../lib/gcc/arm-none-eabi/12.2.1/../../../../arm-none-eabi/lib/thumb/v7e-m+fp/hard\libc_nano.a(libc_a-reallocr.o)
 .comment       0x0000000000000039       0x3a c:/users/antho/appdata/roaming/code/user/globalstorage/bmd.stm32-for-vscode/@xpack-dev-tools/arm-none-eabi-gcc/12.2.1-1.2.1/.content/bin/../lib/gcc/arm-none-eabi/12.2.1/../../../../arm-none-eabi/lib/thumb/v7e-m+fp/hard\libc_nano.a(libc_a-msizer.o)
 .comment       0x0000000000000039       0x3a c:/users/antho/appdata/roaming/code/user/globalstorage/bmd.stm32-for-vscode/@xpack-dev-tools/arm-none-eabi-gcc/12.2.1-1.2.1/.content/bin/../lib/gcc/arm-none-eabi/12.2.1/../../../../arm-none-eabi/lib/thumb/v7e-m+fp/hard\libnosys.a(sbrk.o)
 .comment       0x0000000000000039       0x3a c:/users/antho/appdata/roaming/code/user/globalstorage/bmd.stm32-for-vscode/@xpack-dev-tools/arm-none-eabi-gcc/12.2.1-1.2.1/.content/bin/../lib/gcc/arm-none-eabi/12.2.1/thumb/v7e-m+fp/hard\libgcc.a(_udivmoddi4.o)

.debug_info     0x0000000000000000    0x25323
 .debug_info    0x0000000000000000      0x956 build/gpio.o
 .debug_info    0x0000000000000956     0x2b8f build/main.o
 .debug_info    0x00000000000034e5      0xf5d build/rtc.o
 .debug_info    0x0000000000004442       0x86 build/stm32wbxx_hal_msp.o
 .debug_info    0x00000000000044c8      0x508 build/stm32wbxx_it.o
 .debug_info    0x00000000000049d0      0x71d build/system_stm32wbxx.o
 .debug_info    0x00000000000050ed      0xd62 build/tim.o
 .debug_info    0x0000000000005e4f     0x10b1 build/usart.o
 .debug_info    0x0000000000006f00      0xe1d build/usb.o
 .debug_info    0x0000000000007d1d     0x1668 build/stm32wbxx_hal.o
 .debug_info    0x0000000000009385      0xe92 build/stm32wbxx_hal_cortex.o
 .debug_info    0x000000000000a217      0x6e5 build/stm32wbxx_hal_gpio.o
 .debug_info    0x000000000000a8fc     0x1b36 build/stm32wbxx_hal_pcd.o
 .debug_info    0x000000000000c432      0x973 build/stm32wbxx_hal_pcd_ex.o
 .debug_info    0x000000000000cda5      0x9ed build/stm32wbxx_hal_pwr.o
 .debug_info    0x000000000000d792     0x138e build/stm32wbxx_hal_pwr_ex.o
 .debug_info    0x000000000000eb20     0x2120 build/stm32wbxx_hal_rcc.o
 .debug_info    0x0000000000010c40     0x3066 build/stm32wbxx_hal_rcc_ex.o
 .debug_info    0x0000000000013ca6     0x1060 build/stm32wbxx_hal_rtc.o
 .debug_info    0x0000000000014d06     0x12de build/stm32wbxx_hal_rtc_ex.o
 .debug_info    0x0000000000015fe4     0x3dae build/stm32wbxx_hal_tim.o
 .debug_info    0x0000000000019d92     0x1f1a build/stm32wbxx_hal_tim_ex.o
 .debug_info    0x000000000001bcac     0x6360 build/stm32wbxx_hal_uart.o
 .debug_info    0x000000000002200c     0x1244 build/stm32wbxx_hal_uart_ex.o
 .debug_info    0x0000000000023250     0x194b build/stm32wbxx_ll_usb.o
 .debug_info    0x0000000000024b9b       0x2e build/startup_stm32wb55xx_cm4.o
 .debug_info    0x0000000000024bc9       0x24 c:/users/antho/appdata/roaming/code/user/globalstorage/bmd.stm32-for-vscode/@xpack-dev-tools/arm-none-eabi-gcc/12.2.1-1.2.1/.content/bin/../lib/gcc/arm-none-eabi/12.2.1/thumb/v7e-m+fp/hard\libgcc.a(_aeabi_uldivmod.o)
 .debug_info    0x0000000000024bed      0x6fd c:/users/antho/appdata/roaming/code/user/globalstorage/bmd.stm32-for-vscode/@xpack-dev-tools/arm-none-eabi-gcc/12.2.1-1.2.1/.content/bin/../lib/gcc/arm-none-eabi/12.2.1/thumb/v7e-m+fp/hard\libgcc.a(_udivmoddi4.o)
 .debug_info    0x00000000000252ea       0x39 c:/users/antho/appdata/roaming/code/user/globalstorage/bmd.stm32-for-vscode/@xpack-dev-tools/arm-none-eabi-gcc/12.2.1-1.2.1/.content/bin/../lib/gcc/arm-none-eabi/12.2.1/thumb/v7e-m+fp/hard\libgcc.a(_dvmd_tls.o)

.debug_abbrev   0x0000000000000000     0x42c9
 .debug_abbrev  0x0000000000000000      0x1e1 build/gpio.o
 .debug_abbrev  0x00000000000001e1      0x3c9 build/main.o
 .debug_abbrev  0x00000000000005aa      0x282 build/rtc.o
 .debug_abbrev  0x000000000000082c       0x43 build/stm32wbxx_hal_msp.o
 .debug_abbrev  0x000000000000086f      0x172 build/stm32wbxx_it.o
 .debug_abbrev  0x00000000000009e1      0x13f build/system_stm32wbxx.o
 .debug_abbrev  0x0000000000000b20      0x262 build/tim.o
 .debug_abbrev  0x0000000000000d82      0x2a0 build/usart.o
 .debug_abbrev  0x0000000000001022      0x29e build/usb.o
 .debug_abbrev  0x00000000000012c0      0x3b1 build/stm32wbxx_hal.o
 .debug_abbrev  0x0000000000001671      0x390 build/stm32wbxx_hal_cortex.o
 .debug_abbrev  0x0000000000001a01      0x201 build/stm32wbxx_hal_gpio.o
 .debug_abbrev  0x0000000000001c02      0x2db build/stm32wbxx_hal_pcd.o
 .debug_abbrev  0x0000000000001edd      0x26d build/stm32wbxx_hal_pcd_ex.o
 .debug_abbrev  0x000000000000214a      0x233 build/stm32wbxx_hal_pwr.o
 .debug_abbrev  0x000000000000237d      0x369 build/stm32wbxx_hal_pwr_ex.o
 .debug_abbrev  0x00000000000026e6      0x360 build/stm32wbxx_hal_rcc.o
 .debug_abbrev  0x0000000000002a46      0x474 build/stm32wbxx_hal_rcc_ex.o
 .debug_abbrev  0x0000000000002eba      0x20a build/stm32wbxx_hal_rtc.o
 .debug_abbrev  0x00000000000030c4      0x211 build/stm32wbxx_hal_rtc_ex.o
 .debug_abbrev  0x00000000000032d5      0x270 build/stm32wbxx_hal_tim.o
 .debug_abbrev  0x0000000000003545      0x281 build/stm32wbxx_hal_tim_ex.o
 .debug_abbrev  0x00000000000037c6      0x34e build/stm32wbxx_hal_uart.o
 .debug_abbrev  0x0000000000003b14      0x33b build/stm32wbxx_hal_uart_ex.o
 .debug_abbrev  0x0000000000003e4f      0x2c0 build/stm32wbxx_ll_usb.o
 .debug_abbrev  0x000000000000410f       0x1d build/startup_stm32wb55xx_cm4.o
 .debug_abbrev  0x000000000000412c       0x14 c:/users/antho/appdata/roaming/code/user/globalstorage/bmd.stm32-for-vscode/@xpack-dev-tools/arm-none-eabi-gcc/12.2.1-1.2.1/.content/bin/../lib/gcc/arm-none-eabi/12.2.1/thumb/v7e-m+fp/hard\libgcc.a(_aeabi_uldivmod.o)
 .debug_abbrev  0x0000000000004140      0x16a c:/users/antho/appdata/roaming/code/user/globalstorage/bmd.stm32-for-vscode/@xpack-dev-tools/arm-none-eabi-gcc/12.2.1-1.2.1/.content/bin/../lib/gcc/arm-none-eabi/12.2.1/thumb/v7e-m+fp/hard\libgcc.a(_udivmoddi4.o)
 .debug_abbrev  0x00000000000042aa       0x1f c:/users/antho/appdata/roaming/code/user/globalstorage/bmd.stm32-for-vscode/@xpack-dev-tools/arm-none-eabi-gcc/12.2.1-1.2.1/.content/bin/../lib/gcc/arm-none-eabi/12.2.1/thumb/v7e-m+fp/hard\libgcc.a(_dvmd_tls.o)

.debug_loclists
                0x0000000000000000     0xf10f
 .debug_loclists
                0x0000000000000000       0x3c build/gpio.o
 .debug_loclists
                0x000000000000003c      0x19f build/main.o
 .debug_loclists
                0x00000000000001db       0x64 build/rtc.o
 .debug_loclists
                0x000000000000023f       0x90 build/system_stm32wbxx.o
 .debug_loclists
                0x00000000000002cf       0x28 build/tim.o
 .debug_loclists
                0x00000000000002f7       0x71 build/usart.o
 .debug_loclists
                0x0000000000000368       0x95 build/usb.o
 .debug_loclists
                0x00000000000003fd      0x2a8 build/stm32wbxx_hal.o
 .debug_loclists
                0x00000000000006a5      0x403 build/stm32wbxx_hal_cortex.o
 .debug_loclists
                0x0000000000000aa8      0x289 build/stm32wbxx_hal_gpio.o
 .debug_loclists
                0x0000000000000d31      0xcd6 build/stm32wbxx_hal_pcd.o
 .debug_loclists
                0x0000000000001a07      0x193 build/stm32wbxx_hal_pcd_ex.o
 .debug_loclists
                0x0000000000001b9a      0x176 build/stm32wbxx_hal_pwr.o
 .debug_loclists
                0x0000000000001d10      0x6e1 build/stm32wbxx_hal_pwr_ex.o
 .debug_loclists
                0x00000000000023f1      0x8fa build/stm32wbxx_hal_rcc.o
 .debug_loclists
                0x0000000000002ceb     0x1136 build/stm32wbxx_hal_rcc_ex.o
 .debug_loclists
                0x0000000000003e21      0x7b5 build/stm32wbxx_hal_rtc.o
 .debug_loclists
                0x00000000000045d6      0x925 build/stm32wbxx_hal_rtc_ex.o
 .debug_loclists
                0x0000000000004efb     0x3633 build/stm32wbxx_hal_tim.o
 .debug_loclists
                0x000000000000852e     0x1749 build/stm32wbxx_hal_tim_ex.o
 .debug_loclists
                0x0000000000009c77     0x3498 build/stm32wbxx_hal_uart.o
 .debug_loclists
                0x000000000000d10f      0x74c build/stm32wbxx_hal_uart_ex.o
 .debug_loclists
                0x000000000000d85b      0xef7 build/stm32wbxx_ll_usb.o
 .debug_loclists
                0x000000000000e752      0x9bd c:/users/antho/appdata/roaming/code/user/globalstorage/bmd.stm32-for-vscode/@xpack-dev-tools/arm-none-eabi-gcc/12.2.1-1.2.1/.content/bin/../lib/gcc/arm-none-eabi/12.2.1/thumb/v7e-m+fp/hard\libgcc.a(_udivmoddi4.o)

.debug_aranges  0x0000000000000000     0x1640
 .debug_aranges
                0x0000000000000000       0x20 build/gpio.o
 .debug_aranges
                0x0000000000000020       0x90 build/main.o
 .debug_aranges
                0x00000000000000b0       0x30 build/rtc.o
 .debug_aranges
                0x00000000000000e0       0x20 build/stm32wbxx_hal_msp.o
 .debug_aranges
                0x0000000000000100       0x70 build/stm32wbxx_it.o
 .debug_aranges
                0x0000000000000170       0x28 build/system_stm32wbxx.o
 .debug_aranges
                0x0000000000000198       0x30 build/tim.o
 .debug_aranges
                0x00000000000001c8       0x30 build/usart.o
 .debug_aranges
                0x00000000000001f8       0x30 build/usb.o
 .debug_aranges
                0x0000000000000228      0x158 build/stm32wbxx_hal.o
 .debug_aranges
                0x0000000000000380       0xd8 build/stm32wbxx_hal_cortex.o
 .debug_aranges
                0x0000000000000458       0x60 build/stm32wbxx_hal_gpio.o
 .debug_aranges
                0x00000000000004b8      0x138 build/stm32wbxx_hal_pcd.o
 .debug_aranges
                0x00000000000005f0       0x58 build/stm32wbxx_hal_pcd_ex.o
 .debug_aranges
                0x0000000000000648       0x98 build/stm32wbxx_hal_pwr.o
 .debug_aranges
                0x00000000000006e0      0x1b8 build/stm32wbxx_hal_pwr_ex.o
 .debug_aranges
                0x0000000000000898       0xa8 build/stm32wbxx_hal_rcc.o
 .debug_aranges
                0x0000000000000940      0x138 build/stm32wbxx_hal_rcc_ex.o
 .debug_aranges
                0x0000000000000a78       0xe0 build/stm32wbxx_hal_rtc.o
 .debug_aranges
                0x0000000000000b58      0x140 build/stm32wbxx_hal_rtc_ex.o
 .debug_aranges
                0x0000000000000c98      0x3e0 build/stm32wbxx_hal_tim.o
 .debug_aranges
                0x0000000000001078      0x190 build/stm32wbxx_hal_tim_ex.o
 .debug_aranges
                0x0000000000001208      0x248 build/stm32wbxx_hal_uart.o
 .debug_aranges
                0x0000000000001450       0xa8 build/stm32wbxx_hal_uart_ex.o
 .debug_aranges
                0x00000000000014f8       0xb8 build/stm32wbxx_ll_usb.o
 .debug_aranges
                0x00000000000015b0       0x30 build/startup_stm32wb55xx_cm4.o
 .debug_aranges
                0x00000000000015e0       0x20 c:/users/antho/appdata/roaming/code/user/globalstorage/bmd.stm32-for-vscode/@xpack-dev-tools/arm-none-eabi-gcc/12.2.1-1.2.1/.content/bin/../lib/gcc/arm-none-eabi/12.2.1/thumb/v7e-m+fp/hard\libgcc.a(_aeabi_uldivmod.o)
 .debug_aranges
                0x0000000000001600       0x20 c:/users/antho/appdata/roaming/code/user/globalstorage/bmd.stm32-for-vscode/@xpack-dev-tools/arm-none-eabi-gcc/12.2.1-1.2.1/.content/bin/../lib/gcc/arm-none-eabi/12.2.1/thumb/v7e-m+fp/hard\libgcc.a(_udivmoddi4.o)
 .debug_aranges
                0x0000000000001620       0x20 c:/users/antho/appdata/roaming/code/user/globalstorage/bmd.stm32-for-vscode/@xpack-dev-tools/arm-none-eabi-gcc/12.2.1-1.2.1/.content/bin/../lib/gcc/arm-none-eabi/12.2.1/thumb/v7e-m+fp/hard\libgcc.a(_dvmd_tls.o)

.debug_rnglists
                0x0000000000000000     0x1510
 .debug_rnglists
                0x0000000000000000       0x14 build/gpio.o
 .debug_rnglists
                0x0000000000000014       0x6a build/main.o
 .debug_rnglists
                0x000000000000007e       0x20 build/rtc.o
 .debug_rnglists
                0x000000000000009e       0x13 build/stm32wbxx_hal_msp.o
 .debug_rnglists
                0x00000000000000b1       0x4f build/stm32wbxx_it.o
 .debug_rnglists
                0x0000000000000100       0x1a build/system_stm32wbxx.o
 .debug_rnglists
                0x000000000000011a       0x1f build/tim.o
 .debug_rnglists
                0x0000000000000139       0x20 build/usart.o
 .debug_rnglists
                0x0000000000000159       0x20 build/usb.o
 .debug_rnglists
                0x0000000000000179      0x109 build/stm32wbxx_hal.o
 .debug_rnglists
                0x0000000000000282       0x9d build/stm32wbxx_hal_cortex.o
 .debug_rnglists
                0x000000000000031f       0x45 build/stm32wbxx_hal_gpio.o
 .debug_rnglists
                0x0000000000000364      0x166 build/stm32wbxx_hal_pcd.o
 .debug_rnglists
                0x00000000000004ca       0x3e build/stm32wbxx_hal_pcd_ex.o
 .debug_rnglists
                0x0000000000000508       0x6e build/stm32wbxx_hal_pwr.o
 .debug_rnglists
                0x0000000000000576      0x161 build/stm32wbxx_hal_pwr_ex.o
 .debug_rnglists
                0x00000000000006d7      0x114 build/stm32wbxx_hal_rcc.o
 .debug_rnglists
                0x00000000000007eb      0x272 build/stm32wbxx_hal_rcc_ex.o
 .debug_rnglists
                0x0000000000000a5d       0xab build/stm32wbxx_hal_rtc.o
 .debug_rnglists
                0x0000000000000b08       0xf4 build/stm32wbxx_hal_rtc_ex.o
 .debug_rnglists
                0x0000000000000bfc      0x30d build/stm32wbxx_hal_tim.o
 .debug_rnglists
                0x0000000000000f09      0x13b build/stm32wbxx_hal_tim_ex.o
 .debug_rnglists
                0x0000000000001044      0x1cb build/stm32wbxx_hal_uart.o
 .debug_rnglists
                0x000000000000120f       0x7c build/stm32wbxx_hal_uart_ex.o
 .debug_rnglists
                0x000000000000128b      0x1cb build/stm32wbxx_ll_usb.o
 .debug_rnglists
                0x0000000000001456       0x1f build/startup_stm32wb55xx_cm4.o
 .debug_rnglists
                0x0000000000001475       0x9b c:/users/antho/appdata/roaming/code/user/globalstorage/bmd.stm32-for-vscode/@xpack-dev-tools/arm-none-eabi-gcc/12.2.1-1.2.1/.content/bin/../lib/gcc/arm-none-eabi/12.2.1/thumb/v7e-m+fp/hard\libgcc.a(_udivmoddi4.o)

.debug_line     0x0000000000000000    0x1df77
 .debug_line    0x0000000000000000      0x38e build/gpio.o
 .debug_line    0x000000000000038e      0xd27 build/main.o
 .debug_line    0x00000000000010b5      0x4df build/rtc.o
 .debug_line    0x0000000000001594       0x51 build/stm32wbxx_hal_msp.o
 .debug_line    0x00000000000015e5      0x390 build/stm32wbxx_it.o
 .debug_line    0x0000000000001975      0x376 build/system_stm32wbxx.o
 .debug_line    0x0000000000001ceb      0x3a6 build/tim.o
 .debug_line    0x0000000000002091      0x477 build/usart.o
 .debug_line    0x0000000000002508      0x456 build/usb.o
 .debug_line    0x000000000000295e      0xa8d build/stm32wbxx_hal.o
 .debug_line    0x00000000000033eb      0x878 build/stm32wbxx_hal_cortex.o
 .debug_line    0x0000000000003c63      0x751 build/stm32wbxx_hal_gpio.o
 .debug_line    0x00000000000043b4     0x194d build/stm32wbxx_hal_pcd.o
 .debug_line    0x0000000000005d01      0x4e9 build/stm32wbxx_hal_pcd_ex.o
 .debug_line    0x00000000000061ea      0x562 build/stm32wbxx_hal_pwr.o
 .debug_line    0x000000000000674c      0xe22 build/stm32wbxx_hal_pwr_ex.o
 .debug_line    0x000000000000756e     0x199d build/stm32wbxx_hal_rcc.o
 .debug_line    0x0000000000008f0b     0x2568 build/stm32wbxx_hal_rcc_ex.o
 .debug_line    0x000000000000b473     0x11e9 build/stm32wbxx_hal_rtc.o
 .debug_line    0x000000000000c65c     0x18d5 build/stm32wbxx_hal_rtc_ex.o
 .debug_line    0x000000000000df31     0x4da4 build/stm32wbxx_hal_tim.o
 .debug_line    0x0000000000012cd5     0x20cb build/stm32wbxx_hal_tim_ex.o
 .debug_line    0x0000000000014da0     0x6493 build/stm32wbxx_hal_uart.o
 .debug_line    0x000000000001b233      0xd39 build/stm32wbxx_hal_uart_ex.o
 .debug_line    0x000000000001bf6c     0x193f build/stm32wbxx_ll_usb.o
 .debug_line    0x000000000001d8ab       0x7f build/startup_stm32wb55xx_cm4.o
 .debug_line    0x000000000001d92a       0x4e c:/users/antho/appdata/roaming/code/user/globalstorage/bmd.stm32-for-vscode/@xpack-dev-tools/arm-none-eabi-gcc/12.2.1-1.2.1/.content/bin/../lib/gcc/arm-none-eabi/12.2.1/thumb/v7e-m+fp/hard\libgcc.a(_aeabi_uldivmod.o)
 .debug_line    0x000000000001d978      0x5b5 c:/users/antho/appdata/roaming/code/user/globalstorage/bmd.stm32-for-vscode/@xpack-dev-tools/arm-none-eabi-gcc/12.2.1-1.2.1/.content/bin/../lib/gcc/arm-none-eabi/12.2.1/thumb/v7e-m+fp/hard\libgcc.a(_udivmoddi4.o)
 .debug_line    0x000000000001df2d       0x4a c:/users/antho/appdata/roaming/code/user/globalstorage/bmd.stm32-for-vscode/@xpack-dev-tools/arm-none-eabi-gcc/12.2.1-1.2.1/.content/bin/../lib/gcc/arm-none-eabi/12.2.1/thumb/v7e-m+fp/hard\libgcc.a(_dvmd_tls.o)

.debug_str      0x0000000000000000     0x84d6
 .debug_str     0x0000000000000000      0x82b build/gpio.o
                                        0x90c (size before relaxing)
 .debug_str     0x000000000000082b      0xede build/main.o
                                       0x1434 (size before relaxing)
 .debug_str     0x0000000000001709       0xc2 build/rtc.o
                                        0xe3a (size before relaxing)
 .debug_str     0x00000000000017cb       0x29 build/stm32wbxx_hal_msp.o
                                        0x1af (size before relaxing)
 .debug_str     0x00000000000017f4      0x10d build/stm32wbxx_it.o
                                        0x4d1 (size before relaxing)
 .debug_str     0x0000000000001901      0x102 build/system_stm32wbxx.o
                                        0x4cc (size before relaxing)
 .debug_str     0x0000000000001a03      0x181 build/tim.o
                                        0xbaf (size before relaxing)
 .debug_str     0x0000000000001b84      0x2eb build/usart.o
                                        0xcdb (size before relaxing)
 .debug_str     0x0000000000001e6f      0x331 build/usb.o
                                        0xa63 (size before relaxing)
 .debug_str     0x00000000000021a0      0x97b build/stm32wbxx_hal.o
                                       0x125a (size before relaxing)
 .debug_str     0x0000000000002b1b      0x3f6 build/stm32wbxx_hal_cortex.o
                                        0xb32 (size before relaxing)
 .debug_str     0x0000000000002f11       0xed build/stm32wbxx_hal_gpio.o
                                        0x494 (size before relaxing)
 .debug_str     0x0000000000002ffe      0x52e build/stm32wbxx_hal_pcd.o
                                        0xae4 (size before relaxing)
 .debug_str     0x000000000000352c      0x183 build/stm32wbxx_hal_pcd_ex.o
                                        0x78e (size before relaxing)
 .debug_str     0x00000000000036af      0x324 build/stm32wbxx_hal_pwr.o
                                        0x69a (size before relaxing)
 .debug_str     0x00000000000039d3      0x881 build/stm32wbxx_hal_pwr_ex.o
                                        0xd65 (size before relaxing)
 .debug_str     0x0000000000004254      0x7d5 build/stm32wbxx_hal_rcc.o
                                        0xfaf (size before relaxing)
 .debug_str     0x0000000000004a29      0xb2f build/stm32wbxx_hal_rcc_ex.o
                                       0x15be (size before relaxing)
 .debug_str     0x0000000000005558      0x196 build/stm32wbxx_hal_rtc.o
                                        0x859 (size before relaxing)
 .debug_str     0x00000000000056ee      0x59b build/stm32wbxx_hal_rtc_ex.o
                                        0xb6c (size before relaxing)
 .debug_str     0x0000000000005c89      0xee4 build/stm32wbxx_hal_tim.o
                                       0x1818 (size before relaxing)
 .debug_str     0x0000000000006b6d      0x627 build/stm32wbxx_hal_tim_ex.o
                                       0x119f (size before relaxing)
 .debug_str     0x0000000000007194      0x88d build/stm32wbxx_hal_uart.o
                                       0x1354 (size before relaxing)
 .debug_str     0x0000000000007a21      0x23f build/stm32wbxx_hal_uart_ex.o
                                        0xb76 (size before relaxing)
 .debug_str     0x0000000000007c60       0xd5 build/stm32wbxx_ll_usb.o
                                        0x66f (size before relaxing)
 .debug_str     0x0000000000007d35       0x36 build/startup_stm32wb55xx_cm4.o
                                         0x8d (size before relaxing)
 .debug_str     0x0000000000007d6b      0x112 c:/users/antho/appdata/roaming/code/user/globalstorage/bmd.stm32-for-vscode/@xpack-dev-tools/arm-none-eabi-gcc/12.2.1-1.2.1/.content/bin/../lib/gcc/arm-none-eabi/12.2.1/thumb/v7e-m+fp/hard\libgcc.a(_aeabi_uldivmod.o)
                                        0x120 (size before relaxing)
 .debug_str     0x0000000000007e7d      0x5ce c:/users/antho/appdata/roaming/code/user/globalstorage/bmd.stm32-for-vscode/@xpack-dev-tools/arm-none-eabi-gcc/12.2.1-1.2.1/.content/bin/../lib/gcc/arm-none-eabi/12.2.1/thumb/v7e-m+fp/hard\libgcc.a(_udivmoddi4.o)
                                        0x72a (size before relaxing)
 .debug_str     0x000000000000844b       0x8b c:/users/antho/appdata/roaming/code/user/globalstorage/bmd.stm32-for-vscode/@xpack-dev-tools/arm-none-eabi-gcc/12.2.1-1.2.1/.content/bin/../lib/gcc/arm-none-eabi/12.2.1/thumb/v7e-m+fp/hard\libgcc.a(_dvmd_tls.o)
                                        0x140 (size before relaxing)

.debug_frame    0x0000000000000000     0x370c
 .debug_frame   0x0000000000000000       0x34 build/gpio.o
 .debug_frame   0x0000000000000034      0x178 build/main.o
 .debug_frame   0x00000000000001ac       0x6c build/rtc.o
 .debug_frame   0x0000000000000218       0x20 build/stm32wbxx_hal_msp.o
 .debug_frame   0x0000000000000238       0xd8 build/stm32wbxx_it.o
 .debug_frame   0x0000000000000310       0x30 build/system_stm32wbxx.o
 .debug_frame   0x0000000000000340       0x58 build/tim.o
 .debug_frame   0x0000000000000398       0x60 build/usart.o
 .debug_frame   0x00000000000003f8       0x60 build/usb.o
 .debug_frame   0x0000000000000458      0x2cc build/stm32wbxx_hal.o
 .debug_frame   0x0000000000000724      0x1d4 build/stm32wbxx_hal_cortex.o
 .debug_frame   0x00000000000008f8       0xdc build/stm32wbxx_hal_gpio.o
 .debug_frame   0x00000000000009d4      0x348 build/stm32wbxx_hal_pcd.o
 .debug_frame   0x0000000000000d1c       0x9c build/stm32wbxx_hal_pcd_ex.o
 .debug_frame   0x0000000000000db8      0x120 build/stm32wbxx_hal_pwr.o
 .debug_frame   0x0000000000000ed8      0x378 build/stm32wbxx_hal_pwr_ex.o
 .debug_frame   0x0000000000001250      0x1e8 build/stm32wbxx_hal_rcc.o
 .debug_frame   0x0000000000001438      0x2d4 build/stm32wbxx_hal_rcc_ex.o
 .debug_frame   0x000000000000170c      0x250 build/stm32wbxx_hal_rtc.o
 .debug_frame   0x000000000000195c      0x384 build/stm32wbxx_hal_rtc_ex.o
 .debug_frame   0x0000000000001ce0      0xb44 build/stm32wbxx_hal_tim.o
 .debug_frame   0x0000000000002824      0x4b4 build/stm32wbxx_hal_tim_ex.o
 .debug_frame   0x0000000000002cd8      0x67c build/stm32wbxx_hal_uart.o
 .debug_frame   0x0000000000003354      0x1d8 build/stm32wbxx_hal_uart_ex.o
 .debug_frame   0x000000000000352c      0x180 build/stm32wbxx_ll_usb.o
 .debug_frame   0x00000000000036ac       0x2c c:/users/antho/appdata/roaming/code/user/globalstorage/bmd.stm32-for-vscode/@xpack-dev-tools/arm-none-eabi-gcc/12.2.1-1.2.1/.content/bin/../lib/gcc/arm-none-eabi/12.2.1/thumb/v7e-m+fp/hard\libgcc.a(_aeabi_uldivmod.o)
 .debug_frame   0x00000000000036d8       0x34 c:/users/antho/appdata/roaming/code/user/globalstorage/bmd.stm32-for-vscode/@xpack-dev-tools/arm-none-eabi-gcc/12.2.1-1.2.1/.content/bin/../lib/gcc/arm-none-eabi/12.2.1/thumb/v7e-m+fp/hard\libgcc.a(_udivmoddi4.o)

.debug_line_str
                0x0000000000000000      0x18f
 .debug_line_str
                0x0000000000000000       0x71 build/startup_stm32wb55xx_cm4.o
 .debug_line_str
                0x0000000000000071      0x112 c:/users/antho/appdata/roaming/code/user/globalstorage/bmd.stm32-for-vscode/@xpack-dev-tools/arm-none-eabi-gcc/12.2.1-1.2.1/.content/bin/../lib/gcc/arm-none-eabi/12.2.1/thumb/v7e-m+fp/hard\libgcc.a(_aeabi_uldivmod.o)
 .debug_line_str
                0x0000000000000183        0xc c:/users/antho/appdata/roaming/code/user/globalstorage/bmd.stm32-for-vscode/@xpack-dev-tools/arm-none-eabi-gcc/12.2.1-1.2.1/.content/bin/../lib/gcc/arm-none-eabi/12.2.1/thumb/v7e-m+fp/hard\libgcc.a(_dvmd_tls.o)
                                        0x116 (size before relaxing)

Cross Reference Table

Symbol                                            File
ADC1_IRQHandler                                   build/startup_stm32wb55xx_cm4.o
AES1_IRQHandler                                   build/startup_stm32wb55xx_cm4.o
AES2_IRQHandler                                   build/startup_stm32wb55xx_cm4.o
AHBPrescTable                                     build/system_stm32wbxx.o
                                                  build/stm32wbxx_hal_rcc_ex.o
                                                  build/stm32wbxx_hal_rcc.o
APBPrescTable                                     build/system_stm32wbxx.o
                                                  build/stm32wbxx_hal_rcc_ex.o
                                                  build/stm32wbxx_hal_rcc.o
BusFault_Handler                                  build/stm32wbxx_it.o
C2SEV_PWR_C2H_IRQHandler                          build/startup_stm32wb55xx_cm4.o
COMP_IRQHandler                                   build/startup_stm32wb55xx_cm4.o
CRS_IRQHandler                                    build/startup_stm32wb55xx_cm4.o
DMA1_Channel1_IRQHandler                          build/startup_stm32wb55xx_cm4.o
DMA1_Channel2_IRQHandler                          build/startup_stm32wb55xx_cm4.o
DMA1_Channel3_IRQHandler                          build/startup_stm32wb55xx_cm4.o
DMA1_Channel4_IRQHandler                          build/startup_stm32wb55xx_cm4.o
DMA1_Channel5_IRQHandler                          build/startup_stm32wb55xx_cm4.o
DMA1_Channel6_IRQHandler                          build/startup_stm32wb55xx_cm4.o
DMA1_Channel7_IRQHandler                          build/startup_stm32wb55xx_cm4.o
DMA2_Channel1_IRQHandler                          build/startup_stm32wb55xx_cm4.o
DMA2_Channel2_IRQHandler                          build/startup_stm32wb55xx_cm4.o
DMA2_Channel3_IRQHandler                          build/startup_stm32wb55xx_cm4.o
DMA2_Channel4_IRQHandler                          build/startup_stm32wb55xx_cm4.o
DMA2_Channel5_IRQHandler                          build/startup_stm32wb55xx_cm4.o
DMA2_Channel6_IRQHandler                          build/startup_stm32wb55xx_cm4.o
DMA2_Channel7_IRQHandler                          build/startup_stm32wb55xx_cm4.o
DMAMUX1_OVR_IRQHandler                            build/startup_stm32wb55xx_cm4.o
DebugMon_Handler                                  build/stm32wbxx_it.o