Archive member included to satisfy reference by file (symbol)

c:/users/antho/appdata/roaming/code/user/globalstorage/bmd.stm32-for-vscode/@xpack-dev-tools/arm-none-eabi-gcc/12.2.1-1.2.1/.content/bin/../lib/gcc/arm-none-eabi/12.2.1/../../../../arm-none-eabi/lib/thumb/v7e-m+fp/hard\libc_nano.a(libc_a-atexit.o)
                              c:/users/antho/appdata/roaming/code/user/globalstorage/bmd.stm32-for-vscode/@xpack-dev-tools/arm-none-eabi-gcc/12.2.1-1.2.1/.content/bin/../lib/gcc/arm-none-eabi/12.2.1/../../../../arm-none-eabi/lib/thumb/v7e-m+fp/hard/crt0.o (atexit)
c:/users/antho/appdata/roaming/code/user/globalstorage/bmd.stm32-for-vscode/@xpack-dev-tools/arm-none-eabi-gcc/12.2.1-1.2.1/.content/bin/../lib/gcc/arm-none-eabi/12.2.1/../../../../arm-none-eabi/lib/thumb/v7e-m+fp/hard\libc_nano.a(libc_a-exit.o)
                              c:/users/antho/appdata/roaming/code/user/globalstorage/bmd.stm32-for-vscode/@xpack-dev-tools/arm-none-eabi-gcc/12.2.1-1.2.1/.content/bin/../lib/gcc/arm-none-eabi/12.2.1/../../../../arm-none-eabi/lib/thumb/v7e-m+fp/hard/crt0.o (exit)
c:/users/antho/appdata/roaming/code/user/globalstorage/bmd.stm32-for-vscode/@xpack-dev-tools/arm-none-eabi-gcc/12.2.1-1.2.1/.content/bin/../lib/gcc/arm-none-eabi/12.2.1/../../../../arm-none-eabi/lib/thumb/v7e-m+fp/hard\libc_nano.a(libc_a-findfp.o)
                              c:/users/antho/appdata/roaming/code/user/globalstorage/bmd.stm32-for-vscode/@xpack-dev-tools/arm-none-eabi-gcc/12.2.1-1.2.1/.content/bin/../lib/gcc/arm-none-eabi/12.2.1/../../../../arm-none-eabi/lib/thumb/v7e-m+fp/hard\libc_nano.a(libc_a-exit.o) (__stdio_exit_handler)
c:/users/antho/appdata/roaming/code/user/globalstorage/bmd.stm32-for-vscode/@xpack-dev-tools/arm-none-eabi-gcc/12.2.1-1.2.1/.content/bin/../lib/gcc/arm-none-eabi/12.2.1/../../../../arm-none-eabi/lib/thumb/v7e-m+fp/hard\libc_nano.a(libc_a-fwalk.o)
                              c:/users/antho/appdata/roaming/code/user/globalstorage/bmd.stm32-for-vscode/@xpack-dev-tools/arm-none-eabi-gcc/12.2.1-1.2.1/.content/bin/../lib/gcc/arm-none-eabi/12.2.1/../../../../arm-none-eabi/lib/thumb/v7e-m+fp/hard\libc_nano.a(libc_a-findfp.o) (_fwalk_sglue)
c:/users/antho/appdata/roaming/code/user/globalstorage/bmd.stm32-for-vscode/@xpack-dev-tools/arm-none-eabi-gcc/12.2.1-1.2.1/.content/bin/../lib/gcc/arm-none-eabi/12.2.1/../../../../arm-none-eabi/lib/thumb/v7e-m+fp/hard\libc_nano.a(libc_a-sprintf.o)
                              build/main.o (sprintf)
c:/users/antho/appdata/roaming/code/user/globalstorage/bmd.stm32-for-vscode/@xpack-dev-tools/arm-none-eabi-gcc/12.2.1-1.2.1/.content/bin/../lib/gcc/arm-none-eabi/12.2.1/../../../../arm-none-eabi/lib/thumb/v7e-m+fp/hard\libc_nano.a(libc_a-stdio.o)
                              c:/users/antho/appdata/roaming/code/user/globalstorage/bmd.stm32-for-vscode/@xpack-dev-tools/arm-none-eabi-gcc/12.2.1-1.2.1/.content/bin/../lib/gcc/arm-none-eabi/12.2.1/../../../../arm-none-eabi/lib/thumb/v7e-m+fp/hard\libc_nano.a(libc_a-findfp.o) (__sread)
c:/users/antho/appdata/roaming/code/user/globalstorage/bmd.stm32-for-vscode/@xpack-dev-tools/arm-none-eabi-gcc/12.2.1-1.2.1/.content/bin/../lib/gcc/arm-none-eabi/12.2.1/../../../../arm-none-eabi/lib/thumb/v7e-m+fp/hard\libc_nano.a(libc_a-memset.o)
                              c:/users/antho/appdata/roaming/code/user/globalstorage/bmd.stm32-for-vscode/@xpack-dev-tools/arm-none-eabi-gcc/12.2.1-1.2.1/.content/bin/../lib/gcc/arm-none-eabi/12.2.1/../../../../arm-none-eabi/lib/thumb/v7e-m+fp/hard/crt0.o (memset)
c:/users/antho/appdata/roaming/code/user/globalstorage/bmd.stm32-for-vscode/@xpack-dev-tools/arm-none-eabi-gcc/12.2.1-1.2.1/.content/bin/../lib/gcc/arm-none-eabi/12.2.1/../../../../arm-none-eabi/lib/thumb/v7e-m+fp/hard\libc_nano.a(libc_a-closer.o)
                              c:/users/antho/appdata/roaming/code/user/globalstorage/bmd.stm32-for-vscode/@xpack-dev-tools/arm-none-eabi-gcc/12.2.1-1.2.1/.content/bin/../lib/gcc/arm-none-eabi/12.2.1/../../../../arm-none-eabi/lib/thumb/v7e-m+fp/hard\libc_nano.a(libc_a-stdio.o) (_close_r)
c:/users/antho/appdata/roaming/code/user/globalstorage/bmd.stm32-for-vscode/@xpack-dev-tools/arm-none-eabi-gcc/12.2.1-1.2.1/.content/bin/../lib/gcc/arm-none-eabi/12.2.1/../../../../arm-none-eabi/lib/thumb/v7e-m+fp/hard\libc_nano.a(libc_a-reent.o)
                              c:/users/antho/appdata/roaming/code/user/globalstorage/bmd.stm32-for-vscode/@xpack-dev-tools/arm-none-eabi-gcc/12.2.1-1.2.1/.content/bin/../lib/gcc/arm-none-eabi/12.2.1/../../../../arm-none-eabi/lib/thumb/v7e-m+fp/hard\libc_nano.a(libc_a-closer.o) (errno)
c:/users/antho/appdata/roaming/code/user/globalstorage/bmd.stm32-for-vscode/@xpack-dev-tools/arm-none-eabi-gcc/12.2.1-1.2.1/.content/bin/../lib/gcc/arm-none-eabi/12.2.1/../../../../arm-none-eabi/lib/thumb/v7e-m+fp/hard\libc_nano.a(libc_a-impure.o)
[...]
Memory Configuration

Name             Origin             Length             Attributes
FLASH            0x0000000008000000 0x0000000000080000 xr
RAM1             0x0000000020000008 0x000000000002fff8 xrw
RAM_SHARED       0x0000000020030000 0x0000000000002800 xrw
*default*        0x0000000000000000 0xffffffffffffffff

Linker script and memory map

LOAD c:/users/antho/appdata/roaming/code/user/globalstorage/bmd.stm32-for-vscode/@xpack-dev-tools/arm-none-eabi-gcc/12.2.1-1.2.1/.content/bin/../lib/gcc/arm-none-eabi/12.2.1/thumb/v7e-m+fp/hard/crti.o
LOAD c:/users/antho/appdata/roaming/code/user/globalstorage/bmd.stm32-for-vscode/@xpack-dev-tools/arm-none-eabi-gcc/12.2.1-1.2.1/.content/bin/../lib/gcc/arm-none-eabi/12.2.1/thumb/v7e-m+fp/hard/crtbegin.o
LOAD c:/users/antho/appdata/roaming/code/user/globalstorage/bmd.stm32-for-vscode/@xpack-dev-tools/arm-none-eabi-gcc/12.2.1-1.2.1/.content/bin/../lib/gcc/arm-none-eabi/12.2.1/../../../../arm-none-eabi/lib/thumb/v7e-m+fp/hard/crt0.o
LOAD build/gpio.o
LOAD build/main.o
LOAD build/rtc.o
LOAD build/stm32wbxx_hal_msp.o
LOAD build/stm32wbxx_it.o
LOAD build/system_stm32wbxx.o
LOAD build/usart.o
LOAD build/usb.o
LOAD build/stm32wbxx_hal.o
LOAD build/stm32wbxx_hal_cortex.o
LOAD build/stm32wbxx_hal_dma.o
LOAD build/stm32wbxx_hal_dma_ex.o
LOAD build/stm32wbxx_hal_exti.o
LOAD build/stm32wbxx_hal_flash.o
LOAD build/stm32wbxx_hal_flash_ex.o
LOAD build/stm32wbxx_hal_gpio.o
LOAD build/stm32wbxx_hal_hsem.o
LOAD build/stm32wbxx_hal_pcd.o
LOAD build/stm32wbxx_hal_pcd_ex.o
LOAD build/stm32wbxx_hal_pwr.o
LOAD build/stm32wbxx_hal_pwr_ex.o
LOAD build/stm32wbxx_hal_rcc.o
LOAD build/stm32wbxx_hal_rcc_ex.o
LOAD build/stm32wbxx_hal_rtc.o
LOAD build/stm32wbxx_hal_rtc_ex.o
LOAD build/stm32wbxx_hal_tim.o
LOAD build/stm32wbxx_hal_tim_ex.o
LOAD build/stm32wbxx_hal_uart.o
LOAD build/stm32wbxx_hal_uart_ex.o
LOAD build/stm32wbxx_ll_rcc.o
LOAD build/stm32wbxx_ll_usb.o
LOAD build/startup_stm32wb55xx_cm4.o
LOAD c:/users/antho/appdata/roaming/code/user/globalstorage/bmd.stm32-for-vscode/@xpack-dev-tools/arm-none-eabi-gcc/12.2.1-1.2.1/.content/bin/../lib/gcc/arm-none-eabi/12.2.1/../../../../arm-none-eabi/lib/thumb/v7e-m+fp/hard\libc_nano.a
LOAD c:/users/antho/appdata/roaming/code/user/globalstorage/bmd.stm32-for-vscode/@xpack-dev-tools/arm-none-eabi-gcc/12.2.1-1.2.1/.content/bin/../lib/gcc/arm-none-eabi/12.2.1/../../../../arm-none-eabi/lib/thumb/v7e-m+fp/hard\libm.a
LOAD c:/users/antho/appdata/roaming/code/user/globalstorage/bmd.stm32-for-vscode/@xpack-dev-tools/arm-none-eabi-gcc/12.2.1-1.2.1/.content/bin/../lib/gcc/arm-none-eabi/12.2.1/../../../../arm-none-eabi/lib/thumb/v7e-m+fp/hard\libnosys.a
START GROUP
LOAD c:/users/antho/appdata/roaming/code/user/globalstorage/bmd.stm32-for-vscode/@xpack-dev-tools/arm-none-eabi-gcc/12.2.1-1.2.1/.content/bin/../lib/gcc/arm-none-eabi/12.2.1/thumb/v7e-m+fp/hard\libgcc.a
LOAD c:/users/antho/appdata/roaming/code/user/globalstorage/bmd.stm32-for-vscode/@xpack-dev-tools/arm-none-eabi-gcc/12.2.1-1.2.1/.content/bin/../lib/gcc/arm-none-eabi/12.2.1/../../../../arm-none-eabi/lib/thumb/v7e-m+fp/hard\libc_nano.a
END GROUP
START GROUP
LOAD c:/users/antho/appdata/roaming/code/user/globalstorage/bmd.stm32-for-vscode/@xpack-dev-tools/arm-none-eabi-gcc/12.2.1-1.2.1/.content/bin/../lib/gcc/arm-none-eabi/12.2.1/thumb/v7e-m+fp/hard\libgcc.a
LOAD c:/users/antho/appdata/roaming/code/user/globalstorage/bmd.stm32-for-vscode/@xpack-dev-tools/arm-none-eabi-gcc/12.2.1-1.2.1/.content/bin/../lib/gcc/arm-none-eabi/12.2.1/../../../../arm-none-eabi/lib/thumb/v7e-m+fp/hard\libc_nano.a
END GROUP
LOAD c:/users/antho/appdata/roaming/code/user/globalstorage/bmd.stm32-for-vscode/@xpack-dev-tools/arm-none-eabi-gcc/12.2.1-1.2.1/.content/bin/../lib/gcc/arm-none-eabi/12.2.1/thumb/v7e-m+fp/hard/crtend.o
LOAD c:/users/antho/appdata/roaming/code/user/globalstorage/bmd.stm32-for-vscode/@xpack-dev-tools/arm-none-eabi-gcc/12.2.1-1.2.1/.content/bin/../lib/gcc/arm-none-eabi/12.2.1/thumb/v7e-m+fp/hard/crtn.o
                0x0000000020030000                _estack = 0x20030000
                0x0000000000000200                _Min_Heap_Size = 0x200
                0x0000000000000400                _Min_Stack_Size = 0x400

.isr_vector     0x0000000008000000      0x13c
                0x0000000008000000                . = ALIGN (0x4)
 *(.isr_vector)
 .isr_vector    0x0000000008000000      0x13c build/startup_stm32wb55xx_cm4.o
                0x0000000008000000                g_pfnVectors
                0x000000000800013c                . = ALIGN (0x4)

.text           0x0000000008000140     0x34d8
                0x0000000008000140                . = ALIGN (0x4)
 *(.text)
 .text          0x0000000008000140       0x10 c:/users/antho/appdata/roaming/code/user/globalstorage/bmd.stm32-for-vscode/@xpack-dev-tools/arm-none-eabi-gcc/12.2.1-1.2.1/.content/bin/../lib/gcc/arm-none-eabi/12.2.1/../../../../arm-none-eabi/lib/thumb/v7e-m+fp/hard\libc_nano.a(libc_a-strlen.o)
                0x0000000008000140                strlen
 .text          0x0000000008000150       0xa0 c:/users/antho/appdata/roaming/code/user/globalstorage/bmd.stm32-for-vscode/@xpack-dev-tools/arm-none-eabi-gcc/12.2.1-1.2.1/.content/bin/../lib/gcc/arm-none-eabi/12.2.1/../../../../arm-none-eabi/lib/thumb/v7e-m+fp/hard\libc_nano.a(libc_a-memchr.o)
                0x0000000008000150                memchr
 .text          0x00000000080001f0       0x30 c:/users/antho/appdata/roaming/code/user/globalstorage/bmd.stm32-for-vscode/@xpack-dev-tools/arm-none-eabi-gcc/12.2.1-1.2.1/.content/bin/../lib/gcc/arm-none-eabi/12.2.1/thumb/v7e-m+fp/hard\libgcc.a(_aeabi_uldivmod.o)
                0x00000000080001f0                __aeabi_uldivmod
 .text          0x0000000008000220        0x4 c:/users/antho/appdata/roaming/code/user/globalstorage/bmd.stm32-for-vscode/@xpack-dev-tools/arm-none-eabi-gcc/12.2.1-1.2.1/.content/bin/../lib/gcc/arm-none-eabi/12.2.1/thumb/v7e-m+fp/hard\libgcc.a(_dvmd_tls.o)
                0x0000000008000220                __aeabi_idiv0
                0x0000000008000220                __aeabi_ldiv0
 *(.text*)
 .text.__do_global_dtors_aux
                0x0000000008000224       0x24 c:/users/antho/appdata/roaming/code/user/globalstorage/bmd.stm32-for-vscode/@xpack-dev-tools/arm-none-eabi-gcc/12.2.1-1.2.1/.content/bin/../lib/gcc/arm-none-eabi/12.2.1/thumb/v7e-m+fp/hard/crtbegin.o
 .text.frame_dummy
                0x0000000008000248       0x1c c:/users/antho/appdata/roaming/code/user/globalstorage/bmd.stm32-for-vscode/@xpack-dev-tools/arm-none-eabi-gcc/12.2.1-1.2.1/.content/bin/../lib/gcc/arm-none-eabi/12.2.1/thumb/v7e-m+fp/hard/crtbegin.o
 .text.MX_GPIO_Init
                0x0000000008000264      0x12c build/gpio.o
                0x0000000008000264                MX_GPIO_Init
 .text.HAL_GPIO_EXTI_Callback
                0x0000000008000390      0x350 build/main.o
                0x0000000008000390                HAL_GPIO_EXTI_Callback
 .text.Error_Handler
                0x00000000080006e0        0x4 build/main.o
                0x00000000080006e0                Error_Handler
 .text.SystemClock_Config
                0x00000000080006e4       0xc0 build/main.o
                0x00000000080006e4                SystemClock_Config
 .text.PeriphCommonClock_Config
                0x00000000080007a4       0x26 build/main.o
                0x00000000080007a4                PeriphCommonClock_Config
 *fill*         0x00000000080007ca        0x2 
 .text.main     0x00000000080007cc       0xc0 build/main.o
                0x00000000080007cc                main
 .text.MX_RTC_Init
                0x000000000800088c       0x34 build/rtc.o
                0x000000000800088c                MX_RTC_Init
 .text.HAL_RTC_MspInit
                0x00000000080008c0       0x60 build/rtc.o
                0x00000000080008c0                HAL_RTC_MspInit
 .text.HAL_MspInit
                0x0000000008000920        0x2 build/stm32wbxx_hal_msp.o
                0x0000000008000920                HAL_MspInit
 .text.NMI_Handler
                0x0000000008000922        0x2 build/stm32wbxx_it.o
                0x0000000008000922                NMI_Handler
 .text.HardFault_Handler
                0x0000000008000924        0x2 build/stm32wbxx_it.o
                0x0000000008000924                HardFault_Handler
 .text.MemManage_Handler
                0x0000000008000926        0x2 build/stm32wbxx_it.o
                0x0000000008000926                MemManage_Handler
 .text.BusFault_Handler
                0x0000000008000928        0x2 build/stm32wbxx_it.o
                0x0000000008000928                BusFault_Handler
 .text.UsageFault_Handler
                0x000000000800092a        0x2 build/stm32wbxx_it.o
                0x000000000800092a                UsageFault_Handler
 .text.SVC_Handler
                0x000000000800092c        0x2 build/stm32wbxx_it.o
                0x000000000800092c                SVC_Handler
 .text.DebugMon_Handler
                0x000000000800092e        0x2 build/stm32wbxx_it.o
                0x000000000800092e                DebugMon_Handler
 .text.PendSV_Handler
                0x0000000008000930        0x2 build/stm32wbxx_it.o
                0x0000000008000930                PendSV_Handler
 .text.SysTick_Handler
                0x0000000008000932        0x8 build/stm32wbxx_it.o
                0x0000000008000932                SysTick_Handler
 .text.EXTI9_5_IRQHandler
                0x000000000800093a       0x20 build/stm32wbxx_it.o
                0x000000000800093a                EXTI9_5_IRQHandler
 *fill*         0x000000000800095a        0x2 
 .text.SystemInit
                0x000000000800095c       0x64 build/system_stm32wbxx.o
                0x000000000800095c                SystemInit
 .text.MX_USART1_UART_Init
                0x00000000080009c0       0x68 build/usart.o
                0x00000000080009c0                MX_USART1_UART_Init
 .text.HAL_UART_MspInit
                0x0000000008000a28       0x88 build/usart.o
                0x0000000008000a28                HAL_UART_MspInit
 .text.MX_USB_PCD_Init
                0x0000000008000ab0       0x34 build/usb.o
                0x0000000008000ab0                MX_USB_PCD_Init
 .text.HAL_PCD_MspInit
                0x0000000008000ae4       0xa8 build/usb.o
                0x0000000008000ae4                HAL_PCD_MspInit
 .text.HAL_InitTick
                0x0000000008000b8c       0x50 build/stm32wbxx_hal.o
                0x0000000008000b8c                HAL_InitTick
 .text.HAL_Init
                0x0000000008000bdc       0x2c build/stm32wbxx_hal.o
                0x0000000008000bdc                HAL_Init
 .text.HAL_IncTick
                0x0000000008000c08       0x18 build/stm32wbxx_hal.o
                0x0000000008000c08                HAL_IncTick
 .text.HAL_GetTick
                0x0000000008000c20        0xc build/stm32wbxx_hal.o
                0x0000000008000c20                HAL_GetTick
 .text.HAL_GetTickPrio
                0x0000000008000c2c        0xc build/stm32wbxx_hal.o
                0x0000000008000c2c                HAL_GetTickPrio
 .text.__NVIC_EnableIRQ
                0x0000000008000c38       0x1c build/stm32wbxx_hal_cortex.o
 .text.__NVIC_SetPriority
                0x0000000008000c54       0x28 build/stm32wbxx_hal_cortex.o
 .text.NVIC_EncodePriority
                0x0000000008000c7c       0x3e build/stm32wbxx_hal_cortex.o
 *fill*         0x0000000008000cba        0x2 
 .text.HAL_NVIC_SetPriorityGrouping
                0x0000000008000cbc       0x24 build/stm32wbxx_hal_cortex.o
                0x0000000008000cbc                HAL_NVIC_SetPriorityGrouping
 .text.HAL_NVIC_SetPriority
                0x0000000008000ce0       0x20 build/stm32wbxx_hal_cortex.o
                0x0000000008000ce0                HAL_NVIC_SetPriority
 .text.HAL_NVIC_EnableIRQ
                0x0000000008000d00        0x8 build/stm32wbxx_hal_cortex.o
                0x0000000008000d00                HAL_NVIC_EnableIRQ
 .text.HAL_SYSTICK_Config
                0x0000000008000d08       0x28 build/stm32wbxx_hal_cortex.o
                0x0000000008000d08                HAL_SYSTICK_Config
 .text.HAL_GPIO_Init
                0x0000000008000d30      0x1b4 build/stm32wbxx_hal_gpio.o
                0x0000000008000d30                HAL_GPIO_Init
 .text.HAL_GPIO_ReadPin
                0x0000000008000ee4        0xe build/stm32wbxx_hal_gpio.o
                0x0000000008000ee4                HAL_GPIO_ReadPin
 .text.HAL_GPIO_WritePin
                0x0000000008000ef2        0xa build/stm32wbxx_hal_gpio.o
                0x0000000008000ef2                HAL_GPIO_WritePin
 .text.HAL_GPIO_EXTI_IRQHandler
                0x0000000008000efc       0x1c build/stm32wbxx_hal_gpio.o
                0x0000000008000efc                HAL_GPIO_EXTI_IRQHandler
 .text.HAL_PCD_Init
                0x0000000008000f18       0xdc build/stm32wbxx_hal_pcd.o
                0x0000000008000f18                HAL_PCD_Init
 .text.HAL_PCDEx_ActivateLPM
                0x0000000008000ff4       0x2c build/stm32wbxx_hal_pcd_ex.o
                0x0000000008000ff4                HAL_PCDEx_ActivateLPM
 .text.HAL_PWR_EnableBkUpAccess
                0x0000000008001020       0x10 build/stm32wbxx_hal_pwr.o
                0x0000000008001020                HAL_PWR_EnableBkUpAccess
 .text.HAL_PWREx_GetVoltageRange
                0x0000000008001030       0x10 build/stm32wbxx_hal_pwr_ex.o
                0x0000000008001030                HAL_PWREx_GetVoltageRange
 .text.RCC_SetFlashLatency
                0x0000000008001040       0xc0 build/stm32wbxx_hal_rcc.o
 .text.RCC_SetFlashLatencyFromMSIRange
                0x0000000008001100       0x4c build/stm32wbxx_hal_rcc.o
 .text.HAL_RCC_GetSysClockFreq
                0x000000000800114c       0xc0 build/stm32wbxx_hal_rcc.o
                0x000000000800114c                HAL_RCC_GetSysClockFreq
 .text.HAL_RCC_GetHCLKFreq
                0x000000000800120c       0x20 build/stm32wbxx_hal_rcc.o
                0x000000000800120c                HAL_RCC_GetHCLKFreq
 .text.HAL_RCC_OscConfig
                0x000000000800122c      0x718 build/stm32wbxx_hal_rcc.o
                0x000000000800122c                HAL_RCC_OscConfig
 .text.HAL_RCC_ClockConfig
                0x0000000008001944      0x264 build/stm32wbxx_hal_rcc.o
                0x0000000008001944                HAL_RCC_ClockConfig
 .text.HAL_RCC_GetPCLK1Freq
                0x0000000008001ba8       0x24 build/stm32wbxx_hal_rcc.o
                0x0000000008001ba8                HAL_RCC_GetPCLK1Freq
 .text.HAL_RCC_GetPCLK2Freq
                0x0000000008001bcc       0x24 build/stm32wbxx_hal_rcc.o
                0x0000000008001bcc                HAL_RCC_GetPCLK2Freq
 .text.LL_RCC_SetI2CClockSource
                0x0000000008001bf0       0x20 build/stm32wbxx_hal_rcc_ex.o
 .text.RCCEx_PLLSAI1_ConfigNP
                0x0000000008001c10       0x8e build/stm32wbxx_hal_rcc_ex.o
 .text.RCCEx_PLLSAI1_ConfigNQ
                0x0000000008001c9e       0x8e build/stm32wbxx_hal_rcc_ex.o
 .text.RCCEx_PLLSAI1_ConfigNR
                0x0000000008001d2c       0x8e build/stm32wbxx_hal_rcc_ex.o
 .text.HAL_RCCEx_PeriphCLKConfig
                0x0000000008001dba      0x2f2 build/stm32wbxx_hal_rcc_ex.o
                0x0000000008001dba                HAL_RCCEx_PeriphCLKConfig
 .text.HAL_RCCEx_EnableMSIPLLMode
                0x00000000080020ac        0xe build/stm32wbxx_hal_rcc_ex.o
                0x00000000080020ac                HAL_RCCEx_EnableMSIPLLMode
 .text.HAL_RTC_WaitForSynchro
                0x00000000080020ba       0x32 build/stm32wbxx_hal_rtc.o
                0x00000000080020ba                HAL_RTC_WaitForSynchro
 .text.RTC_EnterInitMode
                0x00000000080020ec       0x3c build/stm32wbxx_hal_rtc.o
                0x00000000080020ec                RTC_EnterInitMode
 .text.HAL_RTC_Init
                0x0000000008002128       0xe4 build/stm32wbxx_hal_rtc.o
                0x0000000008002128                HAL_RTC_Init
 .text.UART_EndRxTransfer
                0x000000000800220c       0x56 build/stm32wbxx_hal_uart.o
 *fill*         0x0000000008002262        0x2 
 .text.UART_SetConfig
                0x0000000008002264      0x25c build/stm32wbxx_hal_uart.o
                0x0000000008002264                UART_SetConfig
 .text.UART_AdvFeatureConfig
                0x00000000080024c0       0xca build/stm32wbxx_hal_uart.o
                0x00000000080024c0                UART_AdvFeatureConfig
 .text.UART_WaitOnFlagUntilTimeout
                0x000000000800258a       0x96 build/stm32wbxx_hal_uart.o
                0x000000000800258a                UART_WaitOnFlagUntilTimeout
 .text.HAL_UART_Transmit
                0x0000000008002620       0xd2 build/stm32wbxx_hal_uart.o
                0x0000000008002620                HAL_UART_Transmit
 .text.UART_CheckIdleState
                0x00000000080026f2       0xca build/stm32wbxx_hal_uart.o
                0x00000000080026f2                UART_CheckIdleState
 .text.HAL_UART_Init
                0x00000000080027bc       0x66 build/stm32wbxx_hal_uart.o
                0x00000000080027bc                HAL_UART_Init
 *fill*         0x0000000008002822        0x2 
 .text.UARTEx_SetNbDataToProcess
                0x0000000008002824       0x4c build/stm32wbxx_hal_uart_ex.o
 .text.HAL_UARTEx_DisableFifoMode
                0x0000000008002870       0x3e build/stm32wbxx_hal_uart_ex.o
                0x0000000008002870                HAL_UARTEx_DisableFifoMode
 .text.HAL_UARTEx_SetTxFifoThreshold
                0x00000000080028ae       0x4a build/stm32wbxx_hal_uart_ex.o
                0x00000000080028ae                HAL_UARTEx_SetTxFifoThreshold
 .text.HAL_UARTEx_SetRxFifoThreshold
                0x00000000080028f8       0x4a build/stm32wbxx_hal_uart_ex.o
                0x00000000080028f8                HAL_UARTEx_SetRxFifoThreshold
 .text.USB_DisableGlobalInt
                0x0000000008002942       0x14 build/stm32wbxx_ll_usb.o
                0x0000000008002942                USB_DisableGlobalInt
 .text.USB_DevInit
                0x0000000008002956       0x22 build/stm32wbxx_ll_usb.o
                0x0000000008002956                USB_DevInit
 .text.data_initializers
                0x0000000008002978       0x18 build/startup_stm32wb55xx_cm4.o
 .text.Reset_Handler
                0x0000000008002990       0x58 build/startup_stm32wb55xx_cm4.o
                0x0000000008002990                Reset_Handler
 .text.Default_Handler
                0x00000000080029e8        0x2 build/startup_stm32wb55xx_cm4.o
                0x00000000080029e8                RTC_Alarm_IRQHandler
                0x00000000080029e8                EXTI2_IRQHandler
                0x00000000080029e8                TIM1_CC_IRQHandler
                0x00000000080029e8                TSC_IRQHandler
                0x00000000080029e8                USB_HP_IRQHandler
                0x00000000080029e8                EXTI3_IRQHandler
                0x00000000080029e8                LPTIM2_IRQHandler
                0x00000000080029e8                I2C3_ER_IRQHandler
                0x00000000080029e8                EXTI0_IRQHandler
                0x00000000080029e8                FPU_IRQHandler
                0x00000000080029e8                TIM1_UP_TIM16_IRQHandler
                0x00000000080029e8                AES1_IRQHandler
                0x00000000080029e8                SPI1_IRQHandler
                0x00000000080029e8                PWR_SOTF_BLEACT_802ACT_RFPHASE_IRQHandler
                0x00000000080029e8                DMA2_Channel2_IRQHandler
                0x00000000080029e8                DMA1_Channel4_IRQHandler
                0x00000000080029e8                ADC1_IRQHandler
                0x00000000080029e8                PKA_IRQHandler
                0x00000000080029e8                DMA1_Channel7_IRQHandler
                0x00000000080029e8                LCD_IRQHandler
                0x00000000080029e8                IPCC_C1_TX_IRQHandler
                0x00000000080029e8                DMA2_Channel1_IRQHandler
                0x00000000080029e8                QUADSPI_IRQHandler
                0x00000000080029e8                I2C1_EV_IRQHandler
                0x00000000080029e8                DMAMUX1_OVR_IRQHandler
                0x00000000080029e8                DMA1_Channel6_IRQHandler
                0x00000000080029e8                DMA2_Channel4_IRQHandler
                0x00000000080029e8                RCC_IRQHandler
                0x00000000080029e8                DMA1_Channel1_IRQHandler
                0x00000000080029e8                Default_Handler
                0x00000000080029e8                DMA2_Channel7_IRQHandler
                0x00000000080029e8                EXTI15_10_IRQHandler
                0x00000000080029e8                IPCC_C1_RX_IRQHandler
                0x00000000080029e8                C2SEV_PWR_C2H_IRQHandler
                0x00000000080029e8                AES2_IRQHandler
                0x00000000080029e8                I2C3_EV_IRQHandler
                0x00000000080029e8                RTC_WKUP_IRQHandler
                0x00000000080029e8                PVD_PVM_IRQHandler
                0x00000000080029e8                SPI2_IRQHandler
                0x00000000080029e8                DMA2_Channel5_IRQHandler
                0x00000000080029e8                CRS_IRQHandler
                0x00000000080029e8                DMA1_Channel5_IRQHandler
                0x00000000080029e8                USB_LP_IRQHandler
                0x00000000080029e8                EXTI4_IRQHandler
                0x00000000080029e8                RNG_IRQHandler
                0x00000000080029e8                TIM1_TRG_COM_TIM17_IRQHandler
                0x00000000080029e8                TAMP_STAMP_LSECSS_IRQHandler
                0x00000000080029e8                DMA1_Channel3_IRQHandler
                0x00000000080029e8                COMP_IRQHandler
                0x00000000080029e8                HSEM_IRQHandler
                0x00000000080029e8                WWDG_IRQHandler
                0x00000000080029e8                LPUART1_IRQHandler
                0x00000000080029e8                DMA2_Channel6_IRQHandler
                0x00000000080029e8                TIM2_IRQHandler
                0x00000000080029e8                TIM1_BRK_IRQHandler
                0x00000000080029e8                EXTI1_IRQHandler
                0x00000000080029e8                DMA1_Channel2_IRQHandler
                0x00000000080029e8                FLASH_IRQHandler
                0x00000000080029e8                USART1_IRQHandler
                0x00000000080029e8                I2C1_ER_IRQHandler
                0x00000000080029e8                LPTIM1_IRQHandler
                0x00000000080029e8                SAI1_IRQHandler
                0x00000000080029e8                DMA2_Channel3_IRQHandler
 *fill*         0x00000000080029ea        0x2 
 .text.sprintf  0x00000000080029ec       0x40 c:/users/antho/appdata/roaming/code/user/globalstorage/bmd.stm32-for-vscode/@xpack-dev-tools/arm-none-eabi-gcc/12.2.1-1.2.1/.content/bin/../lib/gcc/arm-none-eabi/12.2.1/../../../../arm-none-eabi/lib/thumb/v7e-m+fp/hard\libc_nano.a(libc_a-sprintf.o)
                0x00000000080029ec                siprintf
                0x00000000080029ec                sprintf
 .text.memset   0x0000000008002a2c       0x10 c:/users/antho/appdata/roaming/code/user/globalstorage/bmd.stm32-for-vscode/@xpack-dev-tools/arm-none-eabi-gcc/12.2.1-1.2.1/.content/bin/../lib/gcc/arm-none-eabi/12.2.1/../../../../arm-none-eabi/lib/thumb/v7e-m+fp/hard\libc_nano.a(libc_a-memset.o)
                0x0000000008002a2c                memset
 .text.__libc_init_array
                0x0000000008002a3c       0x48 c:/users/antho/appdata/roaming/code/user/globalstorage/bmd.stm32-for-vscode/@xpack-dev-tools/arm-none-eabi-gcc/12.2.1-1.2.1/.content/bin/../lib/gcc/arm-none-eabi/12.2.1/../../../../arm-none-eabi/lib/thumb/v7e-m+fp/hard\libc_nano.a(libc_a-init.o)
                0x0000000008002a3c                __libc_init_array
 .text.__retarget_lock_acquire_recursive
                0x0000000008002a84        0x2 c:/users/antho/appdata/roaming/code/user/globalstorage/bmd.stm32-for-vscode/@xpack-dev-tools/arm-none-eabi-gcc/12.2.1-1.2.1/.content/bin/../lib/gcc/arm-none-eabi/12.2.1/../../../../arm-none-eabi/lib/thumb/v7e-m+fp/hard\libc_nano.a(libc_a-lock.o)
                0x0000000008002a84                __retarget_lock_acquire_recursive
 .text.__retarget_lock_release_recursive
                0x0000000008002a86        0x2 c:/users/antho/appdata/roaming/code/user/globalstorage/bmd.stm32-for-vscode/@xpack-dev-tools/arm-none-eabi-gcc/12.2.1-1.2.1/.content/bin/../lib/gcc/arm-none-eabi/12.2.1/../../../../arm-none-eabi/lib/thumb/v7e-m+fp/hard\libc_nano.a(libc_a-lock.o)
                0x0000000008002a86                __retarget_lock_release_recursive
 .text._free_r  0x0000000008002a88       0x94 c:/users/antho/appdata/roaming/code/user/globalstorage/bmd.stm32-for-vscode/@xpack-dev-tools/arm-none-eabi-gcc/12.2.1-1.2.1/.content/bin/../lib/gcc/arm-none-eabi/12.2.1/../../../../arm-none-eabi/lib/thumb/v7e-m+fp/hard\libc_nano.a(libc_a-freer.o)
                0x0000000008002a88                _free_r
 .text.sbrk_aligned
                0x0000000008002b1c       0x44 c:/users/antho/appdata/roaming/code/user/globalstorage/bmd.stm32-for-vscode/@xpack-dev-tools/arm-none-eabi-gcc/12.2.1-1.2.1/.content/bin/../lib/gcc/arm-none-eabi/12.2.1/../../../../arm-none-eabi/lib/thumb/v7e-m+fp/hard\libc_nano.a(libc_a-mallocr.o)
 .text._malloc_r
                0x0000000008002b60       0xf0 c:/users/antho/appdata/roaming/code/user/globalstorage/bmd.stm32-for-vscode/@xpack-dev-tools/arm-none-eabi-gcc/12.2.1-1.2.1/.content/bin/../lib/gcc/arm-none-eabi/12.2.1/../../../../arm-none-eabi/lib/thumb/v7e-m+fp/hard\libc_nano.a(libc_a-mallocr.o)
                0x0000000008002b60                _malloc_r
 .text.__malloc_lock
                0x0000000008002c50        0xc c:/users/antho/appdata/roaming/code/user/globalstorage/bmd.stm32-for-vscode/@xpack-dev-tools/arm-none-eabi-gcc/12.2.1-1.2.1/.content/bin/../lib/gcc/arm-none-eabi/12.2.1/../../../../arm-none-eabi/lib/thumb/v7e-m+fp/hard\libc_nano.a(libc_a-mlock.o)
                0x0000000008002c50                __malloc_lock
 .text.__malloc_unlock
                0x0000000008002c5c        0xc c:/users/antho/appdata/roaming/code/user/globalstorage/bmd.stm32-for-vscode/@xpack-dev-tools/arm-none-eabi-gcc/12.2.1-1.2.1/.content/bin/../lib/gcc/arm-none-eabi/12.2.1/../../../../arm-none-eabi/lib/thumb/v7e-m+fp/hard\libc_nano.a(libc_a-mlock.o)
                0x0000000008002c5c                __malloc_unlock
 .text.__ssputs_r
                0x0000000008002c68       0xb6 c:/users/antho/appdata/roaming/code/user/globalstorage/bmd.stm32-for-vscode/@xpack-dev-tools/arm-none-eabi-gcc/12.2.1-1.2.1/.content/bin/../lib/gcc/arm-none-eabi/12.2.1/../../../../arm-none-eabi/lib/thumb/v7e-m+fp/hard\libc_nano.a(libc_a-nano-svfprintf.o)
                0x0000000008002c68                __ssputs_r
 *fill*         0x0000000008002d1e        0x2 
 .text._svfprintf_r
                0x0000000008002d20      0x1f8 c:/users/antho/appdata/roaming/code/user/globalstorage/bmd.stm32-for-vscode/@xpack-dev-tools/arm-none-eabi-gcc/12.2.1-1.2.1/.content/bin/../lib/gcc/arm-none-eabi/12.2.1/../../../../arm-none-eabi/lib/thumb/v7e-m+fp/hard\libc_nano.a(libc_a-nano-svfprintf.o)
                0x0000000008002d20                _svfiprintf_r
                0x0000000008002d20                _svfprintf_r
 .text._printf_common
                0x0000000008002f18       0xda c:/users/antho/appdata/roaming/code/user/globalstorage/bmd.stm32-for-vscode/@xpack-dev-tools/arm-none-eabi-gcc/12.2.1-1.2.1/.content/bin/../lib/gcc/arm-none-eabi/12.2.1/../../../../arm-none-eabi/lib/thumb/v7e-m+fp/hard\libc_nano.a(libc_a-nano-vfprintf_i.o)
                0x0000000008002f18                _printf_common
 *fill*         0x0000000008002ff2        0x2 
 .text._printf_i
                0x0000000008002ff4      0x258 c:/users/antho/appdata/roaming/code/user/globalstorage/bmd.stm32-for-vscode/@xpack-dev-tools/arm-none-eabi-gcc/12.2.1-1.2.1/.content/bin/../lib/gcc/arm-none-eabi/12.2.1/../../../../arm-none-eabi/lib/thumb/v7e-m+fp/hard\libc_nano.a(libc_a-nano-vfprintf_i.o)
                0x0000000008002ff4                _printf_i
 .text.memmove  0x000000000800324c       0x34 c:/users/antho/appdata/roaming/code/user/globalstorage/bmd.stm32-for-vscode/@xpack-dev-tools/arm-none-eabi-gcc/12.2.1-1.2.1/.content/bin/../lib/gcc/arm-none-eabi/12.2.1/../../../../arm-none-eabi/lib/thumb/v7e-m+fp/hard\libc_nano.a(libc_a-memmove.o)
                0x000000000800324c                memmove
 .text._sbrk_r  0x0000000008003280       0x20 c:/users/antho/appdata/roaming/code/user/globalstorage/bmd.stm32-for-vscode/@xpack-dev-tools/arm-none-eabi-gcc/12.2.1-1.2.1/.content/bin/../lib/gcc/arm-none-eabi/12.2.1/../../../../arm-none-eabi/lib/thumb/v7e-m+fp/hard\libc_nano.a(libc_a-sbrkr.o)
                0x0000000008003280                _sbrk_r
 .text.memcpy   0x00000000080032a0       0x1c c:/users/antho/appdata/roaming/code/user/globalstorage/bmd.stm32-for-vscode/@xpack-dev-tools/arm-none-eabi-gcc/12.2.1-1.2.1/.content/bin/../lib/gcc/arm-none-eabi/12.2.1/../../../../arm-none-eabi/lib/thumb/v7e-m+fp/hard\libc_nano.a(libc_a-memcpy-stub.o)
                0x00000000080032a0                memcpy
 .text._realloc_r
                0x00000000080032bc       0x5c c:/users/antho/appdata/roaming/code/user/globalstorage/bmd.stm32-for-vscode/@xpack-dev-tools/arm-none-eabi-gcc/12.2.1-1.2.1/.content/bin/../lib/gcc/arm-none-eabi/12.2.1/../../../../arm-none-eabi/lib/thumb/v7e-m+fp/hard\libc_nano.a(libc_a-reallocr.o)
                0x00000000080032bc                _realloc_r
 .text._malloc_usable_size_r
                0x0000000008003318       0x10 c:/users/antho/appdata/roaming/code/user/globalstorage/bmd.stm32-for-vscode/@xpack-dev-tools/arm-none-eabi-gcc/12.2.1-1.2.1/.content/bin/../lib/gcc/arm-none-eabi/12.2.1/../../../../arm-none-eabi/lib/thumb/v7e-m+fp/hard\libc_nano.a(libc_a-msizer.o)
                0x0000000008003318                _malloc_usable_size_r
 .text._sbrk    0x0000000008003328       0x1c c:/users/antho/appdata/roaming/code/user/globalstorage/bmd.stm32-for-vscode/@xpack-dev-tools/arm-none-eabi-gcc/12.2.1-1.2.1/.content/bin/../lib/gcc/arm-none-eabi/12.2.1/../../../../arm-none-eabi/lib/thumb/v7e-m+fp/hard\libnosys.a(sbrk.o)
                0x0000000008003328                _sbrk
 .text.__udivmoddi4
                0x0000000008003344      0x2bc c:/users/antho/appdata/roaming/code/user/globalstorage/bmd.stm32-for-vscode/@xpack-dev-tools/arm-none-eabi-gcc/12.2.1-1.2.1/.content/bin/../lib/gcc/arm-none-eabi/12.2.1/thumb/v7e-m+fp/hard\libgcc.a(_udivmoddi4.o)
                0x0000000008003344                __udivmoddi4
 *(.glue_7)
 .glue_7        0x0000000008003600        0x0 linker stubs
 *(.glue_7t)
 .glue_7t       0x0000000008003600        0x0 linker stubs
 *(.eh_frame)
 .eh_frame      0x0000000008003600        0x0 c:/users/antho/appdata/roaming/code/user/globalstorage/bmd.stm32-for-vscode/@xpack-dev-tools/arm-none-eabi-gcc/12.2.1-1.2.1/.content/bin/../lib/gcc/arm-none-eabi/12.2.1/thumb/v7e-m+fp/hard/crtbegin.o
 *(.init)
 .init          0x0000000008003600        0x4 c:/users/antho/appdata/roaming/code/user/globalstorage/bmd.stm32-for-vscode/@xpack-dev-tools/arm-none-eabi-gcc/12.2.1-1.2.1/.content/bin/../lib/gcc/arm-none-eabi/12.2.1/thumb/v7e-m+fp/hard/crti.o
                0x0000000008003600                _init
 .init          0x0000000008003604        0x8 c:/users/antho/appdata/roaming/code/user/globalstorage/bmd.stm32-for-vscode/@xpack-dev-tools/arm-none-eabi-gcc/12.2.1-1.2.1/.content/bin/../lib/gcc/arm-none-eabi/12.2.1/thumb/v7e-m+fp/hard/crtn.o
 *(.fini)
 .fini          0x000000000800360c        0x4 c:/users/antho/appdata/roaming/code/user/globalstorage/bmd.stm32-for-vscode/@xpack-dev-tools/arm-none-eabi-gcc/12.2.1-1.2.1/.content/bin/../lib/gcc/arm-none-eabi/12.2.1/thumb/v7e-m+fp/hard/crti.o
                0x000000000800360c                _fini
 .fini          0x0000000008003610        0x8 c:/users/antho/appdata/roaming/code/user/globalstorage/bmd.stm32-for-vscode/@xpack-dev-tools/arm-none-eabi-gcc/12.2.1-1.2.1/.content/bin/../lib/gcc/arm-none-eabi/12.2.1/thumb/v7e-m+fp/hard/crtn.o
                0x0000000008003618                . = ALIGN (0x4)
                0x0000000008003618                _etext = .

.vfp11_veneer   0x0000000008003618        0x0
 .vfp11_veneer  0x0000000008003618        0x0 linker stubs

.v4_bx          0x0000000008003618        0x0
 .v4_bx         0x0000000008003618        0x0 linker stubs

.iplt           0x0000000008003618        0x0
 .iplt          0x0000000008003618        0x0 c:/users/antho/appdata/roaming/code/user/globalstorage/bmd.stm32-for-vscode/@xpack-dev-tools/arm-none-eabi-gcc/12.2.1-1.2.1/.content/bin/../lib/gcc/arm-none-eabi/12.2.1/thumb/v7e-m+fp/hard/crtbegin.o

.rodata         0x0000000008003618      0x160
                0x0000000008003618                . = ALIGN (0x4)
 *(.rodata)
 .rodata        0x0000000008003618       0x2c build/stm32wbxx_hal_rcc.o
 *(.rodata*)
 .rodata.main.str1.4
                0x0000000008003644       0x35 build/main.o
 *fill*         0x0000000008003679        0x3 
 .rodata.MSIRangeTable
                0x000000000800367c       0x40 build/system_stm32wbxx.o
                0x000000000800367c                MSIRangeTable
 .rodata.APBPrescTable
                0x00000000080036bc       0x20 build/system_stm32wbxx.o
                0x00000000080036bc                APBPrescTable
 .rodata.AHBPrescTable
                0x00000000080036dc       0x40 build/system_stm32wbxx.o
                0x00000000080036dc                AHBPrescTable
 .rodata.UARTPrescTable
                0x000000000800371c       0x18 build/stm32wbxx_hal_uart.o
                0x000000000800371c                UARTPrescTable
 .rodata.denominator.0
                0x0000000008003734        0x8 build/stm32wbxx_hal_uart_ex.o
 .rodata.numerator.1
                0x000000000800373c        0x8 build/stm32wbxx_hal_uart_ex.o
 .rodata._svfprintf_r.str1.1
                0x0000000008003744       0x11 c:/users/antho/appdata/roaming/code/user/globalstorage/bmd.stm32-for-vscode/@xpack-dev-tools/arm-none-eabi-gcc/12.2.1-1.2.1/.content/bin/../lib/gcc/arm-none-eabi/12.2.1/../../../../arm-none-eabi/lib/thumb/v7e-m+fp/hard\libc_nano.a(libc_a-nano-svfprintf.o)
 .rodata._printf_i.str1.1
                0x0000000008003755       0x22 c:/users/antho/appdata/roaming/code/user/globalstorage/bmd.stm32-for-vscode/@xpack-dev-tools/arm-none-eabi-gcc/12.2.1-1.2.1/.content/bin/../lib/gcc/arm-none-eabi/12.2.1/../../../../arm-none-eabi/lib/thumb/v7e-m+fp/hard\libc_nano.a(libc_a-nano-vfprintf_i.o)
                0x0000000008003778                . = ALIGN (0x4)
 *fill*         0x0000000008003777        0x1 

.ARM.extab
 *(.ARM.extab* .gnu.linkonce.armextab.*)

.ARM            0x0000000008003778        0x8
                0x0000000008003778                __exidx_start = .
 *(.ARM.exidx*)
 .ARM.exidx.text.__udivmoddi4
                0x0000000008003778        0x8 c:/users/antho/appdata/roaming/code/user/globalstorage/bmd.stm32-for-vscode/@xpack-dev-tools/arm-none-eabi-gcc/12.2.1-1.2.1/.content/bin/../lib/gcc/arm-none-eabi/12.2.1/thumb/v7e-m+fp/hard\libgcc.a(_udivmoddi4.o)
                0x0000000008003780                __exidx_end = .

.rel.dyn        0x0000000008003780        0x0
 .rel.iplt      0x0000000008003780        0x0 c:/users/antho/appdata/roaming/code/user/globalstorage/bmd.stm32-for-vscode/@xpack-dev-tools/arm-none-eabi-gcc/12.2.1-1.2.1/.content/bin/../lib/gcc/arm-none-eabi/12.2.1/thumb/v7e-m+fp/hard/crtbegin.o

.preinit_array  0x0000000008003780        0x0
                0x0000000008003780                PROVIDE (__preinit_array_start = .)
 *(.preinit_array*)
                0x0000000008003780                PROVIDE (__preinit_array_end = .)

.init_array     0x0000000008003780        0x4
                0x0000000008003780                PROVIDE (__init_array_start = .)
 *(SORT_BY_NAME(.init_array.*))
 *(.init_array*)
 .init_array    0x0000000008003780        0x4 c:/users/antho/appdata/roaming/code/user/globalstorage/bmd.stm32-for-vscode/@xpack-dev-tools/arm-none-eabi-gcc/12.2.1-1.2.1/.content/bin/../lib/gcc/arm-none-eabi/12.2.1/thumb/v7e-m+fp/hard/crtbegin.o
                0x0000000008003784                PROVIDE (__init_array_end = .)

.fini_array     0x0000000008003784        0x4
                0x0000000008003784                PROVIDE (__fini_array_start = .)
 *(SORT_BY_NAME(.fini_array.*))
 *(.fini_array*)
 .fini_array    0x0000000008003784        0x4 c:/users/antho/appdata/roaming/code/user/globalstorage/bmd.stm32-for-vscode/@xpack-dev-tools/arm-none-eabi-gcc/12.2.1-1.2.1/.content/bin/../lib/gcc/arm-none-eabi/12.2.1/thumb/v7e-m+fp/hard/crtbegin.o
                0x0000000008003788                PROVIDE (__fini_array_end = .)
                0x0000000008003788                _sidata = LOADADDR (.data)

.data           0x0000000020000008       0x5c load address 0x0000000008003788
                0x0000000020000008                . = ALIGN (0x4)
                0x0000000020000008                _sdata = .
 *(.data)
 *(.data*)
 .data.SystemCoreClock
                0x0000000020000008        0x4 build/system_stm32wbxx.o
                0x0000000020000008                SystemCoreClock
 .data.uwTickFreq
                0x000000002000000c        0x1 build/stm32wbxx_hal.o
                0x000000002000000c                uwTickFreq
 *fill*         0x000000002000000d        0x3 
 .data.uwTickPrio
                0x0000000020000010        0x4 build/stm32wbxx_hal.o
                0x0000000020000010                uwTickPrio
 .data._impure_ptr
                0x0000000020000014        0x4 c:/users/antho/appdata/roaming/code/user/globalstorage/bmd.stm32-for-vscode/@xpack-dev-tools/arm-none-eabi-gcc/12.2.1-1.2.1/.content/bin/../lib/gcc/arm-none-eabi/12.2.1/../../../../arm-none-eabi/lib/thumb/v7e-m+fp/hard\libc_nano.a(libc_a-impure.o)
                0x0000000020000014                _impure_ptr
 .data._impure_data
                0x0000000020000018       0x4c c:/users/antho/appdata/roaming/code/user/globalstorage/bmd.stm32-for-vscode/@xpack-dev-tools/arm-none-eabi-gcc/12.2.1-1.2.1/.content/bin/../lib/gcc/arm-none-eabi/12.2.1/../../../../arm-none-eabi/lib/thumb/v7e-m+fp/hard\libc_nano.a(libc_a-impure.o)
                0x0000000020000018                _impure_data
                0x0000000020000064                . = ALIGN (0x4)
                0x0000000020000064                _edata = .

.igot.plt       0x0000000020000064        0x0 load address 0x00000000080037e4
 .igot.plt      0x0000000020000064        0x0 c:/users/antho/appdata/roaming/code/user/globalstorage/bmd.stm32-for-vscode/@xpack-dev-tools/arm-none-eabi-gcc/12.2.1-1.2.1/.content/bin/../lib/gcc/arm-none-eabi/12.2.1/thumb/v7e-m+fp/hard/crtbegin.o
                0x0000000020000064                . = ALIGN (0x4)

.bss            0x0000000020000064      0x538 load address 0x00000000080037e4
                0x0000000020000064                _sbss = .
                0x0000000020000064                __bss_start__ = _sbss
 *(.bss)
 *(.bss*)
 .bss.completed.1
                0x0000000020000064        0x1 c:/users/antho/appdata/roaming/code/user/globalstorage/bmd.stm32-for-vscode/@xpack-dev-tools/arm-none-eabi-gcc/12.2.1-1.2.1/.content/bin/../lib/gcc/arm-none-eabi/12.2.1/thumb/v7e-m+fp/hard/crtbegin.o
 *fill*         0x0000000020000065        0x3 
 .bss.object.0  0x0000000020000068       0x18 c:/users/antho/appdata/roaming/code/user/globalstorage/bmd.stm32-for-vscode/@xpack-dev-tools/arm-none-eabi-gcc/12.2.1-1.2.1/.content/bin/../lib/gcc/arm-none-eabi/12.2.1/thumb/v7e-m+fp/hard/crtbegin.o
 .bss.keyPressed
                0x0000000020000080        0x1 build/main.o
                0x0000000020000080                keyPressed
 *fill*         0x0000000020000081        0x3 
 .bss.currentTimeInms
                0x0000000020000084        0x4 build/main.o
                0x0000000020000084                currentTimeInms
 .bss.previousTimeInms
                0x0000000020000088        0x4 build/main.o
                0x0000000020000088                previousTimeInms
 .bss.myGPIO_InitStruct
                0x000000002000008c       0x14 build/main.o
                0x000000002000008c                myGPIO_InitStruct
 .bss.hrtc      0x00000000200000a0       0x24 build/rtc.o
                0x00000000200000a0                hrtc
 .bss.huart1    0x00000000200000c4       0x94 build/usart.o
                0x00000000200000c4                huart1
 .bss.hpcd_USB_FS
                0x0000000020000158      0x2f4 build/usb.o
                0x0000000020000158                hpcd_USB_FS
 .bss.uwTick    0x000000002000044c        0x4 build/stm32wbxx_hal.o
                0x000000002000044c                uwTick
 .bss.__sf      0x0000000020000450      0x138 c:/users/antho/appdata/roaming/code/user/globalstorage/bmd.stm32-for-vscode/@xpack-dev-tools/arm-none-eabi-gcc/12.2.1-1.2.1/.content/bin/../lib/gcc/arm-none-eabi/12.2.1/../../../../arm-none-eabi/lib/thumb/v7e-m+fp/hard\libc_nano.a(libc_a-findfp.o)
                0x0000000020000450                __sf
 .bss.errno     0x0000000020000588        0x4 c:/users/antho/appdata/roaming/code/user/globalstorage/bmd.stm32-for-vscode/@xpack-dev-tools/arm-none-eabi-gcc/12.2.1-1.2.1/.content/bin/../lib/gcc/arm-none-eabi/12.2.1/../../../../arm-none-eabi/lib/thumb/v7e-m+fp/hard\libc_nano.a(libc_a-reent.o)
                0x0000000020000588                errno
 .bss.__lock___malloc_recursive_mutex
                0x000000002000058c        0x1 c:/users/antho/appdata/roaming/code/user/globalstorage/bmd.stm32-for-vscode/@xpack-dev-tools/arm-none-eabi-gcc/12.2.1-1.2.1/.content/bin/../lib/gcc/arm-none-eabi/12.2.1/../../../../arm-none-eabi/lib/thumb/v7e-m+fp/hard\libc_nano.a(libc_a-lock.o)
                0x000000002000058c                __lock___malloc_recursive_mutex
 *fill*         0x000000002000058d        0x3 
 .bss.__malloc_sbrk_start
                0x0000000020000590        0x4 c:/users/antho/appdata/roaming/code/user/globalstorage/bmd.stm32-for-vscode/@xpack-dev-tools/arm-none-eabi-gcc/12.2.1-1.2.1/.content/bin/../lib/gcc/arm-none-eabi/12.2.1/../../../../arm-none-eabi/lib/thumb/v7e-m+fp/hard\libc_nano.a(libc_a-mallocr.o)
                0x0000000020000590                __malloc_sbrk_start
 .bss.__malloc_free_list
                0x0000000020000594        0x4 c:/users/antho/appdata/roaming/code/user/globalstorage/bmd.stm32-for-vscode/@xpack-dev-tools/arm-none-eabi-gcc/12.2.1-1.2.1/.content/bin/../lib/gcc/arm-none-eabi/12.2.1/../../../../arm-none-eabi/lib/thumb/v7e-m+fp/hard\libc_nano.a(libc_a-mallocr.o)
                0x0000000020000594                __malloc_free_list
 .bss.heap_end.0
                0x0000000020000598        0x4 c:/users/antho/appdata/roaming/code/user/globalstorage/bmd.stm32-for-vscode/@xpack-dev-tools/arm-none-eabi-gcc/12.2.1-1.2.1/.content/bin/../lib/gcc/arm-none-eabi/12.2.1/../../../../arm-none-eabi/lib/thumb/v7e-m+fp/hard\libnosys.a(sbrk.o)
 *(COMMON)
                0x000000002000059c                . = ALIGN (0x4)
                0x000000002000059c                _ebss = .
                0x000000002000059c                __bss_end__ = _ebss

._user_heap_stack
                0x000000002000059c      0x604 load address 0x00000000080037e4
                0x00000000200005a0                . = ALIGN (0x8)
 *fill*         0x000000002000059c        0x4 
                0x00000000200005a0                PROVIDE (end = .)
                [!provide]                        PROVIDE (_end = .)
                0x00000000200007a0                . = (. + _Min_Heap_Size)
 *fill*         0x00000000200005a0      0x200 
                0x0000000020000ba0                . = (. + _Min_Stack_Size)
 *fill*         0x00000000200007a0      0x400 
                0x0000000020000ba0                . = ALIGN (0x8)

/DISCARD/
 libc.a(*)
 libm.a(*)
 libgcc.a(*)

.ARM.attributes
                0x0000000000000000       0x30
 *(.ARM.attributes)
 .ARM.attributes
                0x0000000000000000       0x22 c:/users/antho/appdata/roaming/code/user/globalstorage/bmd.stm32-for-vscode/@xpack-dev-tools/arm-none-eabi-gcc/12.2.1-1.2.1/.content/bin/../lib/gcc/arm-none-eabi/12.2.1/thumb/v7e-m+fp/hard/crti.o
 .ARM.attributes
                0x0000000000000022       0x34 c:/users/antho/appdata/roaming/code/user/globalstorage/bmd.stm32-for-vscode/@xpack-dev-tools/arm-none-eabi-gcc/12.2.1-1.2.1/.content/bin/../lib/gcc/arm-none-eabi/12.2.1/thumb/v7e-m+fp/hard/crtbegin.o
 .ARM.attributes
                0x0000000000000056       0x34 build/gpio.o
 .ARM.attributes
                0x000000000000008a       0x34 build/main.o
 .ARM.attributes
                0x00000000000000be       0x34 build/rtc.o
 .ARM.attributes
                0x00000000000000f2       0x34 build/stm32wbxx_hal_msp.o
 .ARM.attributes
                0x0000000000000126       0x34 build/stm32wbxx_it.o
 .ARM.attributes
                0x000000000000015a       0x34 build/system_stm32wbxx.o
 .ARM.attributes
                0x000000000000018e       0x34 build/usart.o
 .ARM.attributes
                0x00000000000001c2       0x34 build/usb.o
 .ARM.attributes
                0x00000000000001f6       0x34 build/stm32wbxx_hal.o
 .ARM.attributes
                0x000000000000022a       0x34 build/stm32wbxx_hal_cortex.o
 .ARM.attributes
                0x000000000000025e       0x34 build/stm32wbxx_hal_gpio.o
 .ARM.attributes
                0x0000000000000292       0x34 build/stm32wbxx_hal_pcd.o
 .ARM.attributes
                0x00000000000002c6       0x34 build/stm32wbxx_hal_pcd_ex.o
 .ARM.attributes
                0x00000000000002fa       0x34 build/stm32wbxx_hal_pwr.o
 .ARM.attributes
                0x000000000000032e       0x34 build/stm32wbxx_hal_pwr_ex.o
 .ARM.attributes
                0x0000000000000362       0x34 build/stm32wbxx_hal_rcc.o
 .ARM.attributes
                0x0000000000000396       0x34 build/stm32wbxx_hal_rcc_ex.o
 .ARM.attributes
                0x00000000000003ca       0x34 build/stm32wbxx_hal_rtc.o
 .ARM.attributes
                0x00000000000003fe       0x34 build/stm32wbxx_hal_uart.o
 .ARM.attributes
                0x0000000000000432       0x34 build/stm32wbxx_hal_uart_ex.o
 .ARM.attributes
                0x0000000000000466       0x34 build/stm32wbxx_ll_usb.o
 .ARM.attributes
                0x000000000000049a       0x21 build/startup_stm32wb55xx_cm4.o
 .ARM.attributes
                0x00000000000004bb       0x34 c:/users/antho/appdata/roaming/code/user/globalstorage/bmd.stm32-for-vscode/@xpack-dev-tools/arm-none-eabi-gcc/12.2.1-1.2.1/.content/bin/../lib/gcc/arm-none-eabi/12.2.1/../../../../arm-none-eabi/lib/thumb/v7e-m+fp/hard\libc_nano.a(libc_a-findfp.o)
 .ARM.attributes
                0x00000000000004ef       0x34 c:/users/antho/appdata/roaming/code/user/globalstorage/bmd.stm32-for-vscode/@xpack-dev-tools/arm-none-eabi-gcc/12.2.1-1.2.1/.content/bin/../lib/gcc/arm-none-eabi/12.2.1/../../../../arm-none-eabi/lib/thumb/v7e-m+fp/hard\libc_nano.a(libc_a-sprintf.o)
 .ARM.attributes
                0x0000000000000523       0x34 c:/users/antho/appdata/roaming/code/user/globalstorage/bmd.stm32-for-vscode/@xpack-dev-tools/arm-none-eabi-gcc/12.2.1-1.2.1/.content/bin/../lib/gcc/arm-none-eabi/12.2.1/../../../../arm-none-eabi/lib/thumb/v7e-m+fp/hard\libc_nano.a(libc_a-memset.o)
 .ARM.attributes
                0x0000000000000557       0x34 c:/users/antho/appdata/roaming/code/user/globalstorage/bmd.stm32-for-vscode/@xpack-dev-tools/arm-none-eabi-gcc/12.2.1-1.2.1/.content/bin/../lib/gcc/arm-none-eabi/12.2.1/../../../../arm-none-eabi/lib/thumb/v7e-m+fp/hard\libc_nano.a(libc_a-reent.o)
 .ARM.attributes
                0x000000000000058b       0x34 c:/users/antho/appdata/roaming/code/user/globalstorage/bmd.stm32-for-vscode/@xpack-dev-tools/arm-none-eabi-gcc/12.2.1-1.2.1/.content/bin/../lib/gcc/arm-none-eabi/12.2.1/../../../../arm-none-eabi/lib/thumb/v7e-m+fp/hard\libc_nano.a(libc_a-impure.o)
 .ARM.attributes
                0x00000000000005bf       0x34 c:/users/antho/appdata/roaming/code/user/globalstorage/bmd.stm32-for-vscode/@xpack-dev-tools/arm-none-eabi-gcc/12.2.1-1.2.1/.content/bin/../lib/gcc/arm-none-eabi/12.2.1/../../../../arm-none-eabi/lib/thumb/v7e-m+fp/hard\libc_nano.a(libc_a-init.o)
 .ARM.attributes
                0x00000000000005f3       0x34 c:/users/antho/appdata/roaming/code/user/globalstorage/bmd.stm32-for-vscode/@xpack-dev-tools/arm-none-eabi-gcc/12.2.1-1.2.1/.content/bin/../lib/gcc/arm-none-eabi/12.2.1/../../../../arm-none-eabi/lib/thumb/v7e-m+fp/hard\libc_nano.a(libc_a-lock.o)
 .ARM.attributes
                0x0000000000000627       0x17 c:/users/antho/appdata/roaming/code/user/globalstorage/bmd.stm32-for-vscode/@xpack-dev-tools/arm-none-eabi-gcc/12.2.1-1.2.1/.content/bin/../lib/gcc/arm-none-eabi/12.2.1/../../../../arm-none-eabi/lib/thumb/v7e-m+fp/hard\libc_nano.a(libc_a-strlen.o)
 .ARM.attributes
                0x000000000000063e       0x34 c:/users/antho/appdata/roaming/code/user/globalstorage/bmd.stm32-for-vscode/@xpack-dev-tools/arm-none-eabi-gcc/12.2.1-1.2.1/.content/bin/../lib/gcc/arm-none-eabi/12.2.1/../../../../arm-none-eabi/lib/thumb/v7e-m+fp/hard\libc_nano.a(libc_a-freer.o)
 .ARM.attributes
                0x0000000000000672       0x34 c:/users/antho/appdata/roaming/code/user/globalstorage/bmd.stm32-for-vscode/@xpack-dev-tools/arm-none-eabi-gcc/12.2.1-1.2.1/.content/bin/../lib/gcc/arm-none-eabi/12.2.1/../../../../arm-none-eabi/lib/thumb/v7e-m+fp/hard\libc_nano.a(libc_a-mallocr.o)
 .ARM.attributes
                0x00000000000006a6       0x34 c:/users/antho/appdata/roaming/code/user/globalstorage/bmd.stm32-for-vscode/@xpack-dev-tools/arm-none-eabi-gcc/12.2.1-1.2.1/.content/bin/../lib/gcc/arm-none-eabi/12.2.1/../../../../arm-none-eabi/lib/thumb/v7e-m+fp/hard\libc_nano.a(libc_a-mlock.o)
 .ARM.attributes
                0x00000000000006da       0x34 c:/users/antho/appdata/roaming/code/user/globalstorage/bmd.stm32-for-vscode/@xpack-dev-tools/arm-none-eabi-gcc/12.2.1-1.2.1/.content/bin/../lib/gcc/arm-none-eabi/12.2.1/../../../../arm-none-eabi/lib/thumb/v7e-m+fp/hard\libc_nano.a(libc_a-nano-svfprintf.o)
 .ARM.attributes
                0x000000000000070e       0x34 c:/users/antho/appdata/roaming/code/user/globalstorage/bmd.stm32-for-vscode/@xpack-dev-tools/arm-none-eabi-gcc/12.2.1-1.2.1/.content/bin/../lib/gcc/arm-none-eabi/12.2.1/../../../../arm-none-eabi/lib/thumb/v7e-m+fp/hard\libc_nano.a(libc_a-nano-vfprintf_i.o)
 .ARM.attributes
                0x0000000000000742       0x34 c:/users/antho/appdata/roaming/code/user/globalstorage/bmd.stm32-for-vscode/@xpack-dev-tools/arm-none-eabi-gcc/12.2.1-1.2.1/.content/bin/../lib/gcc/arm-none-eabi/12.2.1/../../../../arm-none-eabi/lib/thumb/v7e-m+fp/hard\libc_nano.a(libc_a-memmove.o)
 .ARM.attributes
                0x0000000000000776       0x34 c:/users/antho/appdata/roaming/code/user/globalstorage/bmd.stm32-for-vscode/@xpack-dev-tools/arm-none-eabi-gcc/12.2.1-1.2.1/.content/bin/../lib/gcc/arm-none-eabi/12.2.1/../../../../arm-none-eabi/lib/thumb/v7e-m+fp/hard\libc_nano.a(libc_a-sbrkr.o)
 .ARM.attributes
                0x00000000000007aa       0x1c c:/users/antho/appdata/roaming/code/user/globalstorage/bmd.stm32-for-vscode/@xpack-dev-tools/arm-none-eabi-gcc/12.2.1-1.2.1/.content/bin/../lib/gcc/arm-none-eabi/12.2.1/../../../../arm-none-eabi/lib/thumb/v7e-m+fp/hard\libc_nano.a(libc_a-memchr.o)
 .ARM.attributes
                0x00000000000007c6       0x34 c:/users/antho/appdata/roaming/code/user/globalstorage/bmd.stm32-for-vscode/@xpack-dev-tools/arm-none-eabi-gcc/12.2.1-1.2.1/.content/bin/../lib/gcc/arm-none-eabi/12.2.1/../../../../arm-none-eabi/lib/thumb/v7e-m+fp/hard\libc_nano.a(libc_a-memcpy-stub.o)
 .ARM.attributes
                0x00000000000007fa       0x34 c:/users/antho/appdata/roaming/code/user/globalstorage/bmd.stm32-for-vscode/@xpack-dev-tools/arm-none-eabi-gcc/12.2.1-1.2.1/.content/bin/../lib/gcc/arm-none-eabi/12.2.1/../../../../arm-none-eabi/lib/thumb/v7e-m+fp/hard\libc_nano.a(libc_a-reallocr.o)
 .ARM.attributes
                0x000000000000082e       0x34 c:/users/antho/appdata/roaming/code/user/globalstorage/bmd.stm32-for-vscode/@xpack-dev-tools/arm-none-eabi-gcc/12.2.1-1.2.1/.content/bin/../lib/gcc/arm-none-eabi/12.2.1/../../../../arm-none-eabi/lib/thumb/v7e-m+fp/hard\libc_nano.a(libc_a-msizer.o)
 .ARM.attributes
                0x0000000000000862       0x34 c:/users/antho/appdata/roaming/code/user/globalstorage/bmd.stm32-for-vscode/@xpack-dev-tools/arm-none-eabi-gcc/12.2.1-1.2.1/.content/bin/../lib/gcc/arm-none-eabi/12.2.1/../../../../arm-none-eabi/lib/thumb/v7e-m+fp/hard\libnosys.a(sbrk.o)
 .ARM.attributes
                0x0000000000000896       0x22 c:/users/antho/appdata/roaming/code/user/globalstorage/bmd.stm32-for-vscode/@xpack-dev-tools/arm-none-eabi-gcc/12.2.1-1.2.1/.content/bin/../lib/gcc/arm-none-eabi/12.2.1/thumb/v7e-m+fp/hard\libgcc.a(_aeabi_uldivmod.o)
 .ARM.attributes
                0x00000000000008b8       0x34 c:/users/antho/appdata/roaming/code/user/globalstorage/bmd.stm32-for-vscode/@xpack-dev-tools/arm-none-eabi-gcc/12.2.1-1.2.1/.content/bin/../lib/gcc/arm-none-eabi/12.2.1/thumb/v7e-m+fp/hard\libgcc.a(_udivmoddi4.o)
 .ARM.attributes
                0x00000000000008ec       0x22 c:/users/antho/appdata/roaming/code/user/globalstorage/bmd.stm32-for-vscode/@xpack-dev-tools/arm-none-eabi-gcc/12.2.1-1.2.1/.content/bin/../lib/gcc/arm-none-eabi/12.2.1/thumb/v7e-m+fp/hard\libgcc.a(_dvmd_tls.o)
 .ARM.attributes
                0x000000000000090e       0x22 c:/users/antho/appdata/roaming/code/user/globalstorage/bmd.stm32-for-vscode/@xpack-dev-tools/arm-none-eabi-gcc/12.2.1-1.2.1/.content/bin/../lib/gcc/arm-none-eabi/12.2.1/thumb/v7e-m+fp/hard/crtn.o

MAPPING_TABLE
 *(MAPPING_TABLE)

MB_MEM1
 *(MB_MEM1)
                0x00000000080037e4                _siMB_MEM2 = LOADADDR (.MB_MEM2)

.MB_MEM2        0x0000000020030000        0x0 load address 0x00000000080037e4
                0x0000000020030000                _sMB_MEM2 = .
 *(MB_MEM2)
                0x0000000020030000                _eMB_MEM2 = .
OUTPUT(build/alarm_clock.elf elf32-littlearm)
LOAD linker stubs
LOAD c:/users/antho/appdata/roaming/code/user/globalstorage/bmd.stm32-for-vscode/@xpack-dev-tools/arm-none-eabi-gcc/12.2.1-1.2.1/.content/bin/../lib/gcc/arm-none-eabi/12.2.1/../../../../arm-none-eabi/lib/thumb/v7e-m+fp/hard\libc.a
LOAD c:/users/antho/appdata/roaming/code/user/globalstorage/bmd.stm32-for-vscode/@xpack-dev-tools/arm-none-eabi-gcc/12.2.1-1.2.1/.content/bin/../lib/gcc/arm-none-eabi/12.2.1/../../../../arm-none-eabi/lib/thumb/v7e-m+fp/hard\libm.a
LOAD c:/users/antho/appdata/roaming/code/user/globalstorage/bmd.stm32-for-vscode/@xpack-dev-tools/arm-none-eabi-gcc/12.2.1-1.2.1/.content/bin/../lib/gcc/arm-none-eabi/12.2.1/thumb/v7e-m+fp/hard\libgcc.a

.comment        0x0000000000000000       0x39
 .comment       0x0000000000000000       0x39 c:/users/antho/appdata/roaming/code/user/globalstorage/bmd.stm32-for-vscode/@xpack-dev-tools/arm-none-eabi-gcc/12.2.1-1.2.1/.content/bin/../lib/gcc/arm-none-eabi/12.2.1/thumb/v7e-m+fp/hard/crtbegin.o
                                         0x3a (size before relaxing)
 .comment       0x0000000000000039       0x3a build/gpio.o
 .comment       0x0000000000000039       0x3a build/main.o
 .comment       0x0000000000000039       0x3a build/rtc.o
 .comment       0x0000000000000039       0x3a build/stm32wbxx_hal_msp.o
 .comment       0x0000000000000039       0x3a build/stm32wbxx_it.o
 .comment       0x0000000000000039       0x3a build/system_stm32wbxx.o
 .comment       0x0000000000000039       0x3a build/usart.o
 .comment       0x0000000000000039       0x3a build/usb.o
 .comment       0x0000000000000039       0x3a build/stm32wbxx_hal.o
 .comment       0x0000000000000039       0x3a build/stm32wbxx_hal_cortex.o
 .comment       0x0000000000000039       0x3a build/stm32wbxx_hal_gpio.o
 .comment       0x0000000000000039       0x3a build/stm32wbxx_hal_pcd.o
 .comment       0x0000000000000039       0x3a build/stm32wbxx_hal_pcd_ex.o
 .comment       0x0000000000000039       0x3a build/stm32wbxx_hal_pwr.o
 .comment       0x0000000000000039       0x3a build/stm32wbxx_hal_pwr_ex.o
 .comment       0x0000000000000039       0x3a build/stm32wbxx_hal_rcc.o
 .comment       0x0000000000000039       0x3a build/stm32wbxx_hal_rcc_ex.o
 .comment       0x0000000000000039       0x3a build/stm32wbxx_hal_rtc.o
 .comment       0x0000000000000039       0x3a build/stm32wbxx_hal_uart.o
 .comment       0x0000000000000039       0x3a build/stm32wbxx_hal_uart_ex.o
 .comment       0x0000000000000039       0x3a build/stm32wbxx_ll_usb.o
 .comment       0x0000000000000039       0x3a c:/users/antho/appdata/roaming/code/user/globalstorage/bmd.stm32-for-vscode/@xpack-dev-tools/arm-none-eabi-gcc/12.2.1-1.2.1/.content/bin/../lib/gcc/arm-none-eabi/12.2.1/../../../../arm-none-eabi/lib/thumb/v7e-m+fp/hard\libc_nano.a(libc_a-findfp.o)
 .comment       0x0000000000000039       0x3a c:/users/antho/appdata/roaming/code/user/globalstorage/bmd.stm32-for-vscode/@xpack-dev-tools/arm-none-eabi-gcc/12.2.1-1.2.1/.content/bin/../lib/gcc/arm-none-eabi/12.2.1/../../../../arm-none-eabi/lib/thumb/v7e-m+fp/hard\libc_nano.a(libc_a-sprintf.o)
 .comment       0x0000000000000039       0x3a c:/users/antho/appdata/roaming/code/user/globalstorage/bmd.stm32-for-vscode/@xpack-dev-tools/arm-none-eabi-gcc/12.2.1-1.2.1/.content/bin/../lib/gcc/arm-none-eabi/12.2.1/../../../../arm-none-eabi/lib/thumb/v7e-m+fp/hard\libc_nano.a(libc_a-memset.o)
 .comment       0x0000000000000039       0x3a c:/users/antho/appdata/roaming/code/user/globalstorage/bmd.stm32-for-vscode/@xpack-dev-tools/arm-none-eabi-gcc/12.2.1-1.2.1/.content/bin/../lib/gcc/arm-none-eabi/12.2.1/../../../../arm-none-eabi/lib/thumb/v7e-m+fp/hard\libc_nano.a(libc_a-reent.o)
 .comment       0x0000000000000039       0x3a c:/users/antho/appdata/roaming/code/user/globalstorage/bmd.stm32-for-vscode/@xpack-dev-tools/arm-none-eabi-gcc/12.2.1-1.2.1/.content/bin/../lib/gcc/arm-none-eabi/12.2.1/../../../../arm-none-eabi/lib/thumb/v7e-m+fp/hard\libc_nano.a(libc_a-impure.o)
 .comment       0x0000000000000039       0x3a c:/users/antho/appdata/roaming/code/user/globalstorage/bmd.stm32-for-vscode/@xpack-dev-tools/arm-none-eabi-gcc/12.2.1-1.2.1/.content/bin/../lib/gcc/arm-none-eabi/12.2.1/../../../../arm-none-eabi/lib/thumb/v7e-m+fp/hard\libc_nano.a(libc_a-init.o)
 .comment       0x0000000000000039       0x3a c:/users/antho/appdata/roaming/code/user/globalstorage/bmd.stm32-for-vscode/@xpack-dev-tools/arm-none-eabi-gcc/12.2.1-1.2.1/.content/bin/../lib/gcc/arm-none-eabi/12.2.1/../../../../arm-none-eabi/lib/thumb/v7e-m+fp/hard\libc_nano.a(libc_a-lock.o)
 .comment       0x0000000000000039       0x3a c:/users/antho/appdata/roaming/code/user/globalstorage/bmd.stm32-for-vscode/@xpack-dev-tools/arm-none-eabi-gcc/12.2.1-1.2.1/.content/bin/../lib/gcc/arm-none-eabi/12.2.1/../../../../arm-none-eabi/lib/thumb/v7e-m+fp/hard\libc_nano.a(libc_a-freer.o)
 .comment       0x0000000000000039       0x3a c:/users/antho/appdata/roaming/code/user/globalstorage/bmd.stm32-for-vscode/@xpack-dev-tools/arm-none-eabi-gcc/12.2.1-1.2.1/.content/bin/../lib/gcc/arm-none-eabi/12.2.1/../../../../arm-none-eabi/lib/thumb/v7e-m+fp/hard\libc_nano.a(libc_a-mallocr.o)
 .comment       0x0000000000000039       0x3a c:/users/antho/appdata/roaming/code/user/globalstorage/bmd.stm32-for-vscode/@xpack-dev-tools/arm-none-eabi-gcc/12.2.1-1.2.1/.content/bin/../lib/gcc/arm-none-eabi/12.2.1/../../../../arm-none-eabi/lib/thumb/v7e-m+fp/hard\libc_nano.a(libc_a-mlock.o)
 .comment       0x0000000000000039       0x3a c:/users/antho/appdata/roaming/code/user/globalstorage/bmd.stm32-for-vscode/@xpack-dev-tools/arm-none-eabi-gcc/12.2.1-1.2.1/.content/bin/../lib/gcc/arm-none-eabi/12.2.1/../../../../arm-none-eabi/lib/thumb/v7e-m+fp/hard\libc_nano.a(libc_a-nano-svfprintf.o)
 .comment       0x0000000000000039       0x3a c:/users/antho/appdata/roaming/code/user/globalstorage/bmd.stm32-for-vscode/@xpack-dev-tools/arm-none-eabi-gcc/12.2.1-1.2.1/.content/bin/../lib/gcc/arm-none-eabi/12.2.1/../../../../arm-none-eabi/lib/thumb/v7e-m+fp/hard\libc_nano.a(libc_a-nano-vfprintf_i.o)
 .comment       0x0000000000000039       0x3a c:/users/antho/appdata/roaming/code/user/globalstorage/bmd.stm32-for-vscode/@xpack-dev-tools/arm-none-eabi-gcc/12.2.1-1.2.1/.content/bin/../lib/gcc/arm-none-eabi/12.2.1/../../../../arm-none-eabi/lib/thumb/v7e-m+fp/hard\libc_nano.a(libc_a-memmove.o)
 .comment       0x0000000000000039       0x3a c:/users/antho/appdata/roaming/code/user/globalstorage/bmd.stm32-for-vscode/@xpack-dev-tools/arm-none-eabi-gcc/12.2.1-1.2.1/.content/bin/../lib/gcc/arm-none-eabi/12.2.1/../../../../arm-none-eabi/lib/thumb/v7e-m+fp/hard\libc_nano.a(libc_a-sbrkr.o)
 .comment       0x0000000000000039       0x3a c:/users/antho/appdata/roaming/code/user/globalstorage/bmd.stm32-for-vscode/@xpack-dev-tools/arm-none-eabi-gcc/12.2.1-1.2.1/.content/bin/../lib/gcc/arm-none-eabi/12.2.1/../../../../arm-none-eabi/lib/thumb/v7e-m+fp/hard\libc_nano.a(libc_a-memcpy-stub.o)
 .comment       0x0000000000000039       0x3a c:/users/antho/appdata/roaming/code/user/globalstorage/bmd.stm32-for-vscode/@xpack-dev-tools/arm-none-eabi-gcc/12.2.1-1.2.1/.content/bin/../lib/gcc/arm-none-eabi/12.2.1/../../../../arm-none-eabi/lib/thumb/v7e-m+fp/hard\libc_nano.a(libc_a-reallocr.o)
 .comment       0x0000000000000039       0x3a c:/users/antho/appdata/roaming/code/user/globalstorage/bmd.stm32-for-vscode/@xpack-dev-tools/arm-none-eabi-gcc/12.2.1-1.2.1/.content/bin/../lib/gcc/arm-none-eabi/12.2.1/../../../../arm-none-eabi/lib/thumb/v7e-m+fp/hard\libc_nano.a(libc_a-msizer.o)
 .comment       0x0000000000000039       0x3a c:/users/antho/appdata/roaming/code/user/globalstorage/bmd.stm32-for-vscode/@xpack-dev-tools/arm-none-eabi-gcc/12.2.1-1.2.1/.content/bin/../lib/gcc/arm-none-eabi/12.2.1/../../../../arm-none-eabi/lib/thumb/v7e-m+fp/hard\libnosys.a(sbrk.o)
 .comment       0x0000000000000039       0x3a c:/users/antho/appdata/roaming/code/user/globalstorage/bmd.stm32-for-vscode/@xpack-dev-tools/arm-none-eabi-gcc/12.2.1-1.2.1/.content/bin/../lib/gcc/arm-none-eabi/12.2.1/thumb/v7e-m+fp/hard\libgcc.a(_udivmoddi4.o)

.debug_info     0x0000000000000000    0x1bd23
 .debug_info    0x0000000000000000      0x956 build/gpio.o
 .debug_info    0x0000000000000956     0x1aab build/main.o
 .debug_info    0x0000000000002401      0xaa8 build/rtc.o
 .debug_info    0x0000000000002ea9       0x86 build/stm32wbxx_hal_msp.o
 .debug_info    0x0000000000002f2f      0x1a9 build/stm32wbxx_it.o
 .debug_info    0x00000000000030d8      0x71d build/system_stm32wbxx.o
 .debug_info    0x00000000000037f5     0x10b1 build/usart.o
 .debug_info    0x00000000000048a6      0xe1d build/usb.o
 .debug_info    0x00000000000056c3     0x1668 build/stm32wbxx_hal.o
 .debug_info    0x0000000000006d2b      0xe92 build/stm32wbxx_hal_cortex.o
 .debug_info    0x0000000000007bbd      0x6e5 build/stm32wbxx_hal_gpio.o
 .debug_info    0x00000000000082a2     0x1b36 build/stm32wbxx_hal_pcd.o
 .debug_info    0x0000000000009dd8      0x973 build/stm32wbxx_hal_pcd_ex.o
 .debug_info    0x000000000000a74b      0x9ed build/stm32wbxx_hal_pwr.o
 .debug_info    0x000000000000b138     0x138e build/stm32wbxx_hal_pwr_ex.o
 .debug_info    0x000000000000c4c6     0x2120 build/stm32wbxx_hal_rcc.o
 .debug_info    0x000000000000e5e6     0x3066 build/stm32wbxx_hal_rcc_ex.o
 .debug_info    0x000000000001164c     0x1060 build/stm32wbxx_hal_rtc.o
 .debug_info    0x00000000000126ac     0x6360 build/stm32wbxx_hal_uart.o
 .debug_info    0x0000000000018a0c     0x1244 build/stm32wbxx_hal_uart_ex.o
 .debug_info    0x0000000000019c50     0x194b build/stm32wbxx_ll_usb.o
 .debug_info    0x000000000001b59b       0x2e build/startup_stm32wb55xx_cm4.o
 .debug_info    0x000000000001b5c9       0x24 c:/users/antho/appdata/roaming/code/user/globalstorage/bmd.stm32-for-vscode/@xpack-dev-tools/arm-none-eabi-gcc/12.2.1-1.2.1/.content/bin/../lib/gcc/arm-none-eabi/12.2.1/thumb/v7e-m+fp/hard\libgcc.a(_aeabi_uldivmod.o)
 .debug_info    0x000000000001b5ed      0x6fd c:/users/antho/appdata/roaming/code/user/globalstorage/bmd.stm32-for-vscode/@xpack-dev-tools/arm-none-eabi-gcc/12.2.1-1.2.1/.content/bin/../lib/gcc/arm-none-eabi/12.2.1/thumb/v7e-m+fp/hard\libgcc.a(_udivmoddi4.o)
 .debug_info    0x000000000001bcea       0x39 c:/users/antho/appdata/roaming/code/user/globalstorage/bmd.stm32-for-vscode/@xpack-dev-tools/arm-none-eabi-gcc/12.2.1-1.2.1/.content/bin/../lib/gcc/arm-none-eabi/12.2.1/thumb/v7e-m+fp/hard\libgcc.a(_dvmd_tls.o)

.debug_abbrev   0x0000000000000000     0x3817
 .debug_abbrev  0x0000000000000000      0x1e1 build/gpio.o
 .debug_abbrev  0x00000000000001e1      0x32c build/main.o
 .debug_abbrev  0x000000000000050d      0x27d build/rtc.o
 .debug_abbrev  0x000000000000078a       0x43 build/stm32wbxx_hal_msp.o
 .debug_abbrev  0x00000000000007cd       0xc6 build/stm32wbxx_it.o
 .debug_abbrev  0x0000000000000893      0x13f build/system_stm32wbxx.o
 .debug_abbrev  0x00000000000009d2      0x2a0 build/usart.o
 .debug_abbrev  0x0000000000000c72      0x29e build/usb.o
 .debug_abbrev  0x0000000000000f10      0x3b1 build/stm32wbxx_hal.o
 .debug_abbrev  0x00000000000012c1      0x390 build/stm32wbxx_hal_cortex.o
 .debug_abbrev  0x0000000000001651      0x201 build/stm32wbxx_hal_gpio.o
 .debug_abbrev  0x0000000000001852      0x2db build/stm32wbxx_hal_pcd.o
 .debug_abbrev  0x0000000000001b2d      0x26d build/stm32wbxx_hal_pcd_ex.o
 .debug_abbrev  0x0000000000001d9a      0x233 build/stm32wbxx_hal_pwr.o
 .debug_abbrev  0x0000000000001fcd      0x369 build/stm32wbxx_hal_pwr_ex.o
 .debug_abbrev  0x0000000000002336      0x360 build/stm32wbxx_hal_rcc.o
 .debug_abbrev  0x0000000000002696      0x474 build/stm32wbxx_hal_rcc_ex.o
 .debug_abbrev  0x0000000000002b0a      0x20a build/stm32wbxx_hal_rtc.o
 .debug_abbrev  0x0000000000002d14      0x34e build/stm32wbxx_hal_uart.o
 .debug_abbrev  0x0000000000003062      0x33b build/stm32wbxx_hal_uart_ex.o
 .debug_abbrev  0x000000000000339d      0x2c0 build/stm32wbxx_ll_usb.o
 .debug_abbrev  0x000000000000365d       0x1d build/startup_stm32wb55xx_cm4.o
 .debug_abbrev  0x000000000000367a       0x14 c:/users/antho/appdata/roaming/code/user/globalstorage/bmd.stm32-for-vscode/@xpack-dev-tools/arm-none-eabi-gcc/12.2.1-1.2.1/.content/bin/../lib/gcc/arm-none-eabi/12.2.1/thumb/v7e-m+fp/hard\libgcc.a(_aeabi_uldivmod.o)
 .debug_abbrev  0x000000000000368e      0x16a c:/users/antho/appdata/roaming/code/user/globalstorage/bmd.stm32-for-vscode/@xpack-dev-tools/arm-none-eabi-gcc/12.2.1-1.2.1/.content/bin/../lib/gcc/arm-none-eabi/12.2.1/thumb/v7e-m+fp/hard\libgcc.a(_udivmoddi4.o)
 .debug_abbrev  0x00000000000037f8       0x1f c:/users/antho/appdata/roaming/code/user/globalstorage/bmd.stm32-for-vscode/@xpack-dev-tools/arm-none-eabi-gcc/12.2.1-1.2.1/.content/bin/../lib/gcc/arm-none-eabi/12.2.1/thumb/v7e-m+fp/hard\libgcc.a(_dvmd_tls.o)

.debug_loclists
                0x0000000000000000     0x98af
 .debug_loclists
                0x0000000000000000       0x3c build/gpio.o
 .debug_loclists
                0x000000000000003c       0x30 build/main.o
 .debug_loclists
                0x000000000000006c       0x3c build/rtc.o
 .debug_loclists
                0x00000000000000a8       0x90 build/system_stm32wbxx.o
 .debug_loclists
                0x0000000000000138       0x71 build/usart.o
 .debug_loclists
                0x00000000000001a9       0x95 build/usb.o
 .debug_loclists
                0x000000000000023e      0x2a8 build/stm32wbxx_hal.o
 .debug_loclists
                0x00000000000004e6      0x403 build/stm32wbxx_hal_cortex.o
 .debug_loclists
                0x00000000000008e9      0x289 build/stm32wbxx_hal_gpio.o
 .debug_loclists
                0x0000000000000b72      0xcd6 build/stm32wbxx_hal_pcd.o
 .debug_loclists
                0x0000000000001848      0x193 build/stm32wbxx_hal_pcd_ex.o
 .debug_loclists
                0x00000000000019db      0x176 build/stm32wbxx_hal_pwr.o
 .debug_loclists
                0x0000000000001b51      0x6e1 build/stm32wbxx_hal_pwr_ex.o
 .debug_loclists
                0x0000000000002232      0x8fa build/stm32wbxx_hal_rcc.o
 .debug_loclists
                0x0000000000002b2c     0x1136 build/stm32wbxx_hal_rcc_ex.o
 .debug_loclists
                0x0000000000003c62      0x7b5 build/stm32wbxx_hal_rtc.o
 .debug_loclists
                0x0000000000004417     0x3498 build/stm32wbxx_hal_uart.o
 .debug_loclists
                0x00000000000078af      0x74c build/stm32wbxx_hal_uart_ex.o
 .debug_loclists
                0x0000000000007ffb      0xef7 build/stm32wbxx_ll_usb.o
 .debug_loclists
                0x0000000000008ef2      0x9bd c:/users/antho/appdata/roaming/code/user/globalstorage/bmd.stm32-for-vscode/@xpack-dev-tools/arm-none-eabi-gcc/12.2.1-1.2.1/.content/bin/../lib/gcc/arm-none-eabi/12.2.1/thumb/v7e-m+fp/hard\libgcc.a(_udivmoddi4.o)

.debug_aranges  0x0000000000000000      0xf08
 .debug_aranges
                0x0000000000000000       0x20 build/gpio.o
 .debug_aranges
                0x0000000000000020       0x40 build/main.o
 .debug_aranges
                0x0000000000000060       0x30 build/rtc.o
 .debug_aranges
                0x0000000000000090       0x20 build/stm32wbxx_hal_msp.o
 .debug_aranges
                0x00000000000000b0       0x68 build/stm32wbxx_it.o
 .debug_aranges
                0x0000000000000118       0x28 build/system_stm32wbxx.o
 .debug_aranges
                0x0000000000000140       0x30 build/usart.o
 .debug_aranges
                0x0000000000000170       0x30 build/usb.o
 .debug_aranges
                0x00000000000001a0      0x158 build/stm32wbxx_hal.o
 .debug_aranges
                0x00000000000002f8       0xd8 build/stm32wbxx_hal_cortex.o
 .debug_aranges
                0x00000000000003d0       0x60 build/stm32wbxx_hal_gpio.o
 .debug_aranges
                0x0000000000000430      0x138 build/stm32wbxx_hal_pcd.o
 .debug_aranges
                0x0000000000000568       0x58 build/stm32wbxx_hal_pcd_ex.o
 .debug_aranges
                0x00000000000005c0       0x98 build/stm32wbxx_hal_pwr.o
 .debug_aranges
                0x0000000000000658      0x1b8 build/stm32wbxx_hal_pwr_ex.o
 .debug_aranges
                0x0000000000000810       0xa8 build/stm32wbxx_hal_rcc.o
 .debug_aranges
                0x00000000000008b8      0x138 build/stm32wbxx_hal_rcc_ex.o
 .debug_aranges
                0x00000000000009f0       0xe0 build/stm32wbxx_hal_rtc.o
 .debug_aranges
                0x0000000000000ad0      0x248 build/stm32wbxx_hal_uart.o
 .debug_aranges
                0x0000000000000d18       0xa8 build/stm32wbxx_hal_uart_ex.o
 .debug_aranges
                0x0000000000000dc0       0xb8 build/stm32wbxx_ll_usb.o
 .debug_aranges
                0x0000000000000e78       0x30 build/startup_stm32wb55xx_cm4.o
 .debug_aranges
                0x0000000000000ea8       0x20 c:/users/antho/appdata/roaming/code/user/globalstorage/bmd.stm32-for-vscode/@xpack-dev-tools/arm-none-eabi-gcc/12.2.1-1.2.1/.content/bin/../lib/gcc/arm-none-eabi/12.2.1/thumb/v7e-m+fp/hard\libgcc.a(_aeabi_uldivmod.o)
 .debug_aranges
                0x0000000000000ec8       0x20 c:/users/antho/appdata/roaming/code/user/globalstorage/bmd.stm32-for-vscode/@xpack-dev-tools/arm-none-eabi-gcc/12.2.1-1.2.1/.content/bin/../lib/gcc/arm-none-eabi/12.2.1/thumb/v7e-m+fp/hard\libgcc.a(_udivmoddi4.o)
 .debug_aranges
                0x0000000000000ee8       0x20 c:/users/antho/appdata/roaming/code/user/globalstorage/bmd.stm32-for-vscode/@xpack-dev-tools/arm-none-eabi-gcc/12.2.1-1.2.1/.content/bin/../lib/gcc/arm-none-eabi/12.2.1/thumb/v7e-m+fp/hard\libgcc.a(_dvmd_tls.o)

.debug_rnglists
                0x0000000000000000      0xf72
 .debug_rnglists
                0x0000000000000000       0x14 build/gpio.o
 .debug_rnglists
                0x0000000000000014       0x2e build/main.o
 .debug_rnglists
                0x0000000000000042       0x1f build/rtc.o
 .debug_rnglists
                0x0000000000000061       0x13 build/stm32wbxx_hal_msp.o
 .debug_rnglists
                0x0000000000000074       0x49 build/stm32wbxx_it.o
 .debug_rnglists
                0x00000000000000bd       0x1a build/system_stm32wbxx.o
 .debug_rnglists
                0x00000000000000d7       0x20 build/usart.o
 .debug_rnglists
                0x00000000000000f7       0x20 build/usb.o
 .debug_rnglists
                0x0000000000000117      0x109 build/stm32wbxx_hal.o
 .debug_rnglists
                0x0000000000000220       0x9d build/stm32wbxx_hal_cortex.o
 .debug_rnglists
                0x00000000000002bd       0x45 build/stm32wbxx_hal_gpio.o
 .debug_rnglists
                0x0000000000000302      0x166 build/stm32wbxx_hal_pcd.o
 .debug_rnglists
                0x0000000000000468       0x3e build/stm32wbxx_hal_pcd_ex.o
 .debug_rnglists
                0x00000000000004a6       0x6e build/stm32wbxx_hal_pwr.o
 .debug_rnglists
                0x0000000000000514      0x161 build/stm32wbxx_hal_pwr_ex.o
 .debug_rnglists
                0x0000000000000675      0x114 build/stm32wbxx_hal_rcc.o
 .debug_rnglists
                0x0000000000000789      0x272 build/stm32wbxx_hal_rcc_ex.o
 .debug_rnglists
                0x00000000000009fb       0xab build/stm32wbxx_hal_rtc.o
 .debug_rnglists
                0x0000000000000aa6      0x1cb build/stm32wbxx_hal_uart.o
 .debug_rnglists
                0x0000000000000c71       0x7c build/stm32wbxx_hal_uart_ex.o
 .debug_rnglists
                0x0000000000000ced      0x1cb build/stm32wbxx_ll_usb.o
 .debug_rnglists
                0x0000000000000eb8       0x1f build/startup_stm32wb55xx_cm4.o
 .debug_rnglists
                0x0000000000000ed7       0x9b c:/users/antho/appdata/roaming/code/user/globalstorage/bmd.stm32-for-vscode/@xpack-dev-tools/arm-none-eabi-gcc/12.2.1-1.2.1/.content/bin/../lib/gcc/arm-none-eabi/12.2.1/thumb/v7e-m+fp/hard\libgcc.a(_udivmoddi4.o)

.debug_line     0x0000000000000000    0x14e5a
 .debug_line    0x0000000000000000      0x38e build/gpio.o
 .debug_line    0x000000000000038e      0x888 build/main.o
 .debug_line    0x0000000000000c16      0x3cd build/rtc.o
 .debug_line    0x0000000000000fe3       0x51 build/stm32wbxx_hal_msp.o
 .debug_line    0x0000000000001034      0x30e build/stm32wbxx_it.o
 .debug_line    0x0000000000001342      0x376 build/system_stm32wbxx.o
 .debug_line    0x00000000000016b8      0x477 build/usart.o
 .debug_line    0x0000000000001b2f      0x456 build/usb.o
 .debug_line    0x0000000000001f85      0xa8d build/stm32wbxx_hal.o
 .debug_line    0x0000000000002a12      0x878 build/stm32wbxx_hal_cortex.o
 .debug_line    0x000000000000328a      0x751 build/stm32wbxx_hal_gpio.o
 .debug_line    0x00000000000039db     0x194d build/stm32wbxx_hal_pcd.o
 .debug_line    0x0000000000005328      0x4e9 build/stm32wbxx_hal_pcd_ex.o
 .debug_line    0x0000000000005811      0x562 build/stm32wbxx_hal_pwr.o
 .debug_line    0x0000000000005d73      0xe22 build/stm32wbxx_hal_pwr_ex.o
 .debug_line    0x0000000000006b95     0x199d build/stm32wbxx_hal_rcc.o
 .debug_line    0x0000000000008532     0x2568 build/stm32wbxx_hal_rcc_ex.o
 .debug_line    0x000000000000aa9a     0x11e9 build/stm32wbxx_hal_rtc.o
 .debug_line    0x000000000000bc83     0x6493 build/stm32wbxx_hal_uart.o
 .debug_line    0x0000000000012116      0xd39 build/stm32wbxx_hal_uart_ex.o
 .debug_line    0x0000000000012e4f     0x193f build/stm32wbxx_ll_usb.o
 .debug_line    0x000000000001478e       0x7f build/startup_stm32wb55xx_cm4.o
 .debug_line    0x000000000001480d       0x4e c:/users/antho/appdata/roaming/code/user/globalstorage/bmd.stm32-for-vscode/@xpack-dev-tools/arm-none-eabi-gcc/12.2.1-1.2.1/.content/bin/../lib/gcc/arm-none-eabi/12.2.1/thumb/v7e-m+fp/hard\libgcc.a(_aeabi_uldivmod.o)
 .debug_line    0x000000000001485b      0x5b5 c:/users/antho/appdata/roaming/code/user/globalstorage/bmd.stm32-for-vscode/@xpack-dev-tools/arm-none-eabi-gcc/12.2.1-1.2.1/.content/bin/../lib/gcc/arm-none-eabi/12.2.1/thumb/v7e-m+fp/hard\libgcc.a(_udivmoddi4.o)
 .debug_line    0x0000000000014e10       0x4a c:/users/antho/appdata/roaming/code/user/globalstorage/bmd.stm32-for-vscode/@xpack-dev-tools/arm-none-eabi-gcc/12.2.1-1.2.1/.content/bin/../lib/gcc/arm-none-eabi/12.2.1/thumb/v7e-m+fp/hard\libgcc.a(_dvmd_tls.o)

.debug_str      0x0000000000000000     0x6590
 .debug_str     0x0000000000000000      0x82b build/gpio.o
                                        0x90c (size before relaxing)
 .debug_str     0x000000000000082b      0xa72 build/main.o
                                        0xf77 (size before relaxing)
 .debug_str     0x000000000000129d      0x26a build/rtc.o
                                        0x895 (size before relaxing)
 .debug_str     0x0000000000001507       0x29 build/stm32wbxx_hal_msp.o
                                        0x1af (size before relaxing)
 .debug_str     0x0000000000001530       0xe0 build/stm32wbxx_it.o
                                        0x27a (size before relaxing)
 .debug_str     0x0000000000001610      0x102 build/system_stm32wbxx.o
                                        0x4cc (size before relaxing)
 .debug_str     0x0000000000001712       0xe8 build/usart.o
                                        0xcdb (size before relaxing)
 .debug_str     0x00000000000017fa      0x331 build/usb.o
                                        0xa63 (size before relaxing)
 .debug_str     0x0000000000001b2b      0x985 build/stm32wbxx_hal.o
                                       0x125a (size before relaxing)
 .debug_str     0x00000000000024b0      0x40a build/stm32wbxx_hal_cortex.o
                                        0xb32 (size before relaxing)
 .debug_str     0x00000000000028ba       0xed build/stm32wbxx_hal_gpio.o
                                        0x494 (size before relaxing)
 .debug_str     0x00000000000029a7      0x52e build/stm32wbxx_hal_pcd.o
                                        0xae4 (size before relaxing)
 .debug_str     0x0000000000002ed5      0x183 build/stm32wbxx_hal_pcd_ex.o
                                        0x78e (size before relaxing)
 .debug_str     0x0000000000003058      0x324 build/stm32wbxx_hal_pwr.o
                                        0x69a (size before relaxing)
 .debug_str     0x000000000000337c      0x881 build/stm32wbxx_hal_pwr_ex.o
                                        0xd65 (size before relaxing)
 .debug_str     0x0000000000003bfd      0x7d5 build/stm32wbxx_hal_rcc.o
                                        0xfaf (size before relaxing)
 .debug_str     0x00000000000043d2      0xb2f build/stm32wbxx_hal_rcc_ex.o
                                       0x15be (size before relaxing)
 .debug_str     0x0000000000004f01      0x324 build/stm32wbxx_hal_rtc.o
                                        0x859 (size before relaxing)
 .debug_str     0x0000000000005225      0x8af build/stm32wbxx_hal_uart.o
                                       0x1354 (size before relaxing)
 .debug_str     0x0000000000005ad4      0x246 build/stm32wbxx_hal_uart_ex.o
                                        0xb76 (size before relaxing)
 .debug_str     0x0000000000005d1a       0xd5 build/stm32wbxx_ll_usb.o
                                        0x66f (size before relaxing)
 .debug_str     0x0000000000005def       0x36 build/startup_stm32wb55xx_cm4.o
                                         0x8d (size before relaxing)
 .debug_str     0x0000000000005e25      0x112 c:/users/antho/appdata/roaming/code/user/globalstorage/bmd.stm32-for-vscode/@xpack-dev-tools/arm-none-eabi-gcc/12.2.1-1.2.1/.content/bin/../lib/gcc/arm-none-eabi/12.2.1/thumb/v7e-m+fp/hard\libgcc.a(_aeabi_uldivmod.o)
                                        0x120 (size before relaxing)
 .debug_str     0x0000000000005f37      0x5ce c:/users/antho/appdata/roaming/code/user/globalstorage/bmd.stm32-for-vscode/@xpack-dev-tools/arm-none-eabi-gcc/12.2.1-1.2.1/.content/bin/../lib/gcc/arm-none-eabi/12.2.1/thumb/v7e-m+fp/hard\libgcc.a(_udivmoddi4.o)
                                        0x72a (size before relaxing)
 .debug_str     0x0000000000006505       0x8b c:/users/antho/appdata/roaming/code/user/globalstorage/bmd.stm32-for-vscode/@xpack-dev-tools/arm-none-eabi-gcc/12.2.1-1.2.1/.content/bin/../lib/gcc/arm-none-eabi/12.2.1/thumb/v7e-m+fp/hard\libgcc.a(_dvmd_tls.o)
                                        0x140 (size before relaxing)

.debug_frame    0x0000000000000000     0x222c
 .debug_frame   0x0000000000000000       0x34 build/gpio.o
 .debug_frame   0x0000000000000034       0x98 build/main.o
 .debug_frame   0x00000000000000cc       0x58 build/rtc.o
 .debug_frame   0x0000000000000124       0x20 build/stm32wbxx_hal_msp.o
 .debug_frame   0x0000000000000144       0xc0 build/stm32wbxx_it.o
 .debug_frame   0x0000000000000204       0x30 build/system_stm32wbxx.o
 .debug_frame   0x0000000000000234       0x60 build/usart.o
 .debug_frame   0x0000000000000294       0x60 build/usb.o
 .debug_frame   0x00000000000002f4      0x2cc build/stm32wbxx_hal.o
 .debug_frame   0x00000000000005c0      0x1d4 build/stm32wbxx_hal_cortex.o
 .debug_frame   0x0000000000000794       0xdc build/stm32wbxx_hal_gpio.o
 .debug_frame   0x0000000000000870      0x348 build/stm32wbxx_hal_pcd.o
 .debug_frame   0x0000000000000bb8       0x9c build/stm32wbxx_hal_pcd_ex.o
 .debug_frame   0x0000000000000c54      0x120 build/stm32wbxx_hal_pwr.o
 .debug_frame   0x0000000000000d74      0x378 build/stm32wbxx_hal_pwr_ex.o
 .debug_frame   0x00000000000010ec      0x1e8 build/stm32wbxx_hal_rcc.o
 .debug_frame   0x00000000000012d4      0x2d4 build/stm32wbxx_hal_rcc_ex.o
 .debug_frame   0x00000000000015a8      0x250 build/stm32wbxx_hal_rtc.o
 .debug_frame   0x00000000000017f8      0x67c build/stm32wbxx_hal_uart.o
 .debug_frame   0x0000000000001e74      0x1d8 build/stm32wbxx_hal_uart_ex.o
 .debug_frame   0x000000000000204c      0x180 build/stm32wbxx_ll_usb.o
 .debug_frame   0x00000000000021cc       0x2c c:/users/antho/appdata/roaming/code/user/globalstorage/bmd.stm32-for-vscode/@xpack-dev-tools/arm-none-eabi-gcc/12.2.1-1.2.1/.content/bin/../lib/gcc/arm-none-eabi/12.2.1/thumb/v7e-m+fp/hard\libgcc.a(_aeabi_uldivmod.o)
 .debug_frame   0x00000000000021f8       0x34 c:/users/antho/appdata/roaming/code/user/globalstorage/bmd.stm32-for-vscode/@xpack-dev-tools/arm-none-eabi-gcc/12.2.1-1.2.1/.content/bin/../lib/gcc/arm-none-eabi/12.2.1/thumb/v7e-m+fp/hard\libgcc.a(_udivmoddi4.o)

.debug_line_str
                0x0000000000000000      0x18f
 .debug_line_str
                0x0000000000000000       0x71 build/startup_stm32wb55xx_cm4.o
 .debug_line_str
                0x0000000000000071      0x112 c:/users/antho/appdata/roaming/code/user/globalstorage/bmd.stm32-for-vscode/@xpack-dev-tools/arm-none-eabi-gcc/12.2.1-1.2.1/.content/bin/../lib/gcc/arm-none-eabi/12.2.1/thumb/v7e-m+fp/hard\libgcc.a(_aeabi_uldivmod.o)
 .debug_line_str
                0x0000000000000183        0xc c:/users/antho/appdata/roaming/code/user/globalstorage/bmd.stm32-for-vscode/@xpack-dev-tools/arm-none-eabi-gcc/12.2.1-1.2.1/.content/bin/../lib/gcc/arm-none-eabi/12.2.1/thumb/v7e-m+fp/hard\libgcc.a(_dvmd_tls.o)
                                        0x116 (size before relaxing)

Cross Reference Table

Symbol                                            File
ADC1_IRQHandler                                   build/startup_stm32wb55xx_cm4.o
AES1_IRQHandler                                   build/startup_stm32wb55xx_cm4.o
AES2_IRQHandler                                   build/startup_stm32wb55xx_cm4.o
AHBPrescTable                                     build/system_stm32wbxx.o
                                                  build/stm32wbxx_hal_rcc_ex.o
                                                  build/stm32wbxx_hal_rcc.o
APBPrescTable                                     build/system_stm32wbxx.o
                                                  build/stm32wbxx_hal_rcc_ex.o
                                                  build/stm32wbxx_hal_rcc.o
BusFault_Handler                                  build/stm32wbxx_it.o
C2SEV_PWR_C2H_IRQHandler                          build/startup_stm32wb55xx_cm4.o
COMP_IRQHandler                                   build/startup_stm32wb55xx_cm4.o
CRS_IRQHandler                                    build/startup_stm32wb55xx_cm4.o
DMA1_Channel1_IRQHandler                          build/startup_stm32wb55xx_cm4.o
DMA1_Channel2_IRQHandler                          build/startup_stm32wb55xx_cm4.o
DMA1_Channel3_IRQHandler                          build/startup_stm32wb55xx_cm4.o
DMA1_Channel4_IRQHandler                          build/startup_stm32wb55xx_cm4.o
DMA1_Channel5_IRQHandler                          build/startup_stm32wb55xx_cm4.o
DMA1_Channel6_IRQHandler                          build/startup_stm32wb55xx_cm4.o
DMA1_Channel7_IRQHandler                          build/startup_stm32wb55xx_cm4.o
DMA2_Channel1_IRQHandler                          build/startup_stm32wb55xx_cm4.o
DMA2_Channel2_IRQHandler                          build/startup_stm32wb55xx_cm4.o
DMA2_Channel3_IRQHandler                          build/startup_stm32wb55xx_cm4.o
DMA2_Channel4_IRQHandler                          build/startup_stm32wb55xx_cm4.o
DMA2_Channel5_IRQHandler                          build/startup_stm32wb55xx_cm4.o
DMA2_Channel6_IRQHandler                          build/startup_stm32wb55xx_cm4.o
DMA2_Channel7_IRQHandler                          build/startup_stm32wb55xx_cm4.o
DMAMUX1_OVR_IRQHandler                            build/startup_stm32wb55xx_cm4.o
DebugMon_Handler                                  build/stm32wbxx_it.o
Default_Handler                                   build/startup_stm32wb55xx_cm4.o
EXTI0_IRQHandler                                  build/startup_stm32wb55xx_cm4.o
EXTI15_10_IRQHandler                              build/startup_stm32wb55xx_cm4.o
EXTI1_IRQHandler                                  build/startup_stm32wb55xx_cm4.o
EXTI2_IRQHandler                                  build/startup_stm32wb55xx_cm4.o
EXTI3_IRQHandler                                  build/startup_stm32wb55xx_cm4.o
EXTI4_IRQHandler                                  build/startup_stm32wb55xx_cm4.o
EXTI9_5_IRQHandler                                build/stm32wbxx_it.o
Error_Handler                                     build/main.o
                                                  build/usb.o
                                                  build/usart.o
                                                  build/rtc.o
FLASH_IRQHandler                                  build/startup_stm32wb55xx_cm4.o
FLASH_PageErase                                   build/stm32wbxx_hal_flash_ex.o
                                                  build/stm32wbxx_hal_flash.o
FLASH_WaitForLastOperation                        build/stm32wbxx_hal_flash.o
                                                  build/stm32wbxx_hal_flash_ex.o
FPU_IRQHandler                                    build/startup_stm32wb55xx_cm4.o
HAL_DBGMCU_DisableDBGSleepMode                    build/stm32wbxx_hal.o
HAL_DBGMCU_DisableDBGStandbyMode                  build/stm32wbxx_hal.o
HAL_DBGMCU_DisableDBGStopMode                     build/stm32wbxx_hal.o
HAL_DBGMCU_EnableDBGSleepMode                     build/stm32wbxx_hal.o
HAL_DBGMCU_EnableDBGStandbyMode                   build/stm32wbxx_hal.o
HAL_DBGMCU_EnableDBGStopMode                      build/stm32wbxx_hal.o
HAL_DMAEx_ConfigMuxRequestGenerator               build/stm32wbxx_hal_dma_ex.o
HAL_DMAEx_ConfigMuxSync                           build/stm32wbxx_hal_dma_ex.o
HAL_DMAEx_DisableMuxRequestGenerator              build/stm32wbxx_hal_dma_ex.o
HAL_DMAEx_EnableMuxRequestGenerator               build/stm32wbxx_hal_dma_ex.o
HAL_DMAEx_MUX_IRQHandler                          build/stm32wbxx_hal_dma_ex.o
HAL_DMA_Abort                                     build/stm32wbxx_hal_dma.o
                                                  build/stm32wbxx_hal_uart.o
HAL_DMA_Abort_IT                                  build/stm32wbxx_hal_dma.o
                                                  build/stm32wbxx_hal_uart.o
HAL_DMA_DeInit                                    build/stm32wbxx_hal_dma.o
HAL_DMA_GetError                                  build/stm32wbxx_hal_dma.o
                                                  build/stm32wbxx_hal_uart.o
HAL_DMA_GetState                                  build/stm32wbxx_hal_dma.o
HAL_DMA_IRQHandler                                build/stm32wbxx_hal_dma.o
HAL_DMA_Init                                      build/stm32wbxx_hal_dma.o
HAL_DMA_PollForTransfer                           build/stm32wbxx_hal_dma.o
HAL_DMA_RegisterCallback                          build/stm32wbxx_hal_dma.o
HAL_DMA_Start                                     build/stm32wbxx_hal_dma.o
HAL_DMA_Start_IT                                  build/stm32wbxx_hal_dma.o
                                                  build/stm32wbxx_hal_uart.o
HAL_DMA_UnRegisterCallback                        build/stm32wbxx_hal_dma.o
HAL_DeInit                                        build/stm32wbxx_hal.o
HAL_Delay                                         build/stm32wbxx_hal.o
                                                  build/stm32wbxx_hal_pcd_ex.o
HAL_EXTI_ClearConfigLine                          build/stm32wbxx_hal_exti.o
HAL_EXTI_ClearPending                             build/stm32wbxx_hal_exti.o
HAL_EXTI_GenerateSWI                              build/stm32wbxx_hal_exti.o
HAL_EXTI_GetConfigLine                            build/stm32wbxx_hal_exti.o
HAL_EXTI_GetHandle                                build/stm32wbxx_hal_exti.o
HAL_EXTI_GetPending                               build/stm32wbxx_hal_exti.o
HAL_EXTI_IRQHandler                               build/stm32wbxx_hal_exti.o
HAL_EXTI_RegisterCallback                         build/stm32wbxx_hal_exti.o
HAL_EXTI_SetConfigLine                            build/stm32wbxx_hal_exti.o
HAL_FLASHEx_AllowOperation                        build/stm32wbxx_hal_flash_ex.o
HAL_FLASHEx_Erase                                 build/stm32wbxx_hal_flash_ex.o
HAL_FLASHEx_Erase_IT                              build/stm32wbxx_hal_flash_ex.o
HAL_FLASHEx_FlashEmptyCheck                       build/stm32wbxx_hal_flash_ex.o
HAL_FLASHEx_ForceFlashEmpty                       build/stm32wbxx_hal_flash_ex.o
HAL_FLASHEx_IsOperationSuspended                  build/stm32wbxx_hal_flash_ex.o
HAL_FLASHEx_OBGetConfig                           build/stm32wbxx_hal_flash_ex.o
HAL_FLASHEx_OBProgram                             build/stm32wbxx_hal_flash_ex.o
HAL_FLASHEx_SuspendOperation                      build/stm32wbxx_hal_flash_ex.o
HAL_FLASH_EndOfOperationCallback                  build/stm32wbxx_hal_flash.o
HAL_FLASH_GetError                                build/stm32wbxx_hal_flash.o
HAL_FLASH_IRQHandler                              build/stm32wbxx_hal_flash.o
HAL_FLASH_Lock                                    build/stm32wbxx_hal_flash.o
HAL_FLASH_OB_Launch                               build/stm32wbxx_hal_flash.o
HAL_FLASH_OB_Lock                                 build/stm32wbxx_hal_flash.o
HAL_FLASH_OB_Unlock                               build/stm32wbxx_hal_flash.o
HAL_FLASH_OperationErrorCallback                  build/stm32wbxx_hal_flash.o
HAL_FLASH_Program                                 build/stm32wbxx_hal_flash.o
HAL_FLASH_Program_IT                              build/stm32wbxx_hal_flash.o
HAL_FLASH_Unlock                                  build/stm32wbxx_hal_flash.o
HAL_GPIO_DeInit                                   build/stm32wbxx_hal_gpio.o
                                                  build/usb.o
                                                  build/usart.o
HAL_GPIO_EXTI_Callback                            build/main.o
HAL_GPIO_EXTI_IRQHandler                          build/stm32wbxx_hal_gpio.o
                                                  build/stm32wbxx_it.o
HAL_GPIO_Init                                     build/stm32wbxx_hal_gpio.o
                                                  build/stm32wbxx_hal_rcc_ex.o
                                                  build/stm32wbxx_hal_rcc.o
                                                  build/usb.o
                                                  build/usart.o
                                                  build/main.o
                                                  build/gpio.o
HAL_GPIO_LockPin                                  build/stm32wbxx_hal_gpio.o
HAL_GPIO_ReadPin                                  build/stm32wbxx_hal_gpio.o
                                                  build/main.o
HAL_GPIO_TogglePin                                build/stm32wbxx_hal_gpio.o
HAL_GPIO_WriteMultipleStatePin                    build/stm32wbxx_hal_gpio.o
HAL_GPIO_WritePin                                 build/stm32wbxx_hal_gpio.o
                                                  build/main.o
                                                  build/gpio.o
HAL_GetDEVID                                      build/stm32wbxx_hal.o
HAL_GetHalVersion                                 build/stm32wbxx_hal.o
HAL_GetREVID                                      build/stm32wbxx_hal.o
HAL_GetTick                                       build/stm32wbxx_hal.o
                                                  build/stm32wbxx_hal_uart_ex.o
                                                  build/stm32wbxx_hal_uart.o
                                                  build/stm32wbxx_hal_rtc_ex.o
                                                  build/stm32wbxx_hal_rtc.o
                                                  build/stm32wbxx_hal_rcc_ex.o
                                                  build/stm32wbxx_hal_rcc.o
                                                  build/stm32wbxx_hal_pcd_ex.o
                                                  build/stm32wbxx_hal_flash.o
                                                  build/stm32wbxx_hal_dma.o
                                                  build/main.o
HAL_GetTickFreq                                   build/stm32wbxx_hal.o
HAL_GetTickPrio                                   build/stm32wbxx_hal.o
                                                  build/stm32wbxx_hal_rcc.o
HAL_GetUIDw0                                      build/stm32wbxx_hal.o
HAL_GetUIDw1                                      build/stm32wbxx_hal.o
HAL_GetUIDw2                                      build/stm32wbxx_hal.o
HAL_HalfDuplex_EnableReceiver                     build/stm32wbxx_hal_uart.o